
[1m[7m[36m RUN [39m[27m[22m [36mv2.1.9 [39m[90mD:/dowloads/cyberpunk-iptv-crm[39m

[90mstdout[2m | src/test/CyberClientsList.test.tsx[2m > [22m[2mCyberClientsList[2m > [22m[2mComponent Rendering[2m > [22m[2mshould render the component without crashing
[22m[39mError: Uncaught [Error: useCyberpunkNotification must be used within a CyberpunkNotificationProvider]
    at reportException (D:\dowloads\cyberpunk-iptv-crm\node_modules\jsdom\lib\jsdom\living\helpers\runtime-script-errors.js:66:24)
    at innerInvokeEventListeners (D:\dowloads\cyberpunk-iptv-crm\node_modules\jsdom\lib\jsdom\living\events\EventTarget-impl.js:353:9)
    at invokeEventListeners (D:\dowloads\cyberpunk-iptv-crm\node_modules\jsdom\lib\jsdom\living\events\EventTarget-impl.js:286:3)
    at HTMLUnknownElementImpl._dispatch (D:\dowloads\cyberpunk-iptv-crm\node_modules\jsdom\lib\jsdom\living\events\EventTarget-impl.js:233:9)
    at HTMLUnknownElementImpl.dispatchEvent (D:\dowloads\cyberpunk-iptv-crm\node_modules\jsdom\lib\jsdom\living\events\EventTarget-impl.js:104:17)
    at HTMLUnknownElement.dispatchEvent (D:\dowloads\cyberpunk-iptv-crm\node_modules\jsdom\lib\jsdom\living\generated\EventTarget.js:241:34)
    at Object.invokeGuardedCallbackDev (D:\dowloads\cyberpunk-iptv-crm\node_modules\react-dom\cjs\react-dom.development.js:4213:16)
    at invokeGuardedCallback (D:\dowloads\cyberpunk-iptv-crm\node_modules\react-dom\cjs\react-dom.development.js:4277:31)
    at beginWork$1 (D:\dowloads\cyberpunk-iptv-crm\node_modules\react-dom\cjs\react-dom.development.js:27490:7)
    at performUnitOfWork (D:\dowloads\cyberpunk-iptv-crm\node_modules\react-dom\cjs\react-dom.development.js:26599:12) Error: useCyberpunkNotification must be used within a CyberpunkNotificationProvider
    at Module.useCyberpunkNotification [90m(D:\dowloads\cyberpunk-iptv-crm\[39msrc\components\CyberpunkNotification.tsx:376:11[90m)[39m
    at DataProvider [90m(D:\dowloads\cyberpunk-iptv-crm\[39msrc\context\DataContext.tsx:146:31[90m)[39m
    at renderWithHooks [90m(D:\dowloads\cyberpunk-iptv-crm\[39mnode_modules\[4mreact-dom[24m\cjs\react-dom.development.js:15486:18[90m)[39m
    at mountIndeterminateComponent [90m(D:\dowloads\cyberpunk-iptv-crm\[39mnode_modules\[4mreact-dom[24m\cjs\react-dom.development.js:20103:13[90m)[39m
    at beginWork [90m(D:\dowloads\cyberpunk-iptv-crm\[39mnode_modules\[4mreact-dom[24m\cjs\react-dom.development.js:21626:16[90m)[39m
    at HTMLUnknownElement.callCallback [90m(D:\dowloads\cyberpunk-iptv-crm\[39mnode_modules\[4mreact-dom[24m\cjs\react-dom.development.js:4164:14[90m)[39m
    at HTMLUnknownElement.callTheUserObjectsOperation [90m(D:\dowloads\cyberpunk-iptv-crm\[39mnode_modules\[4mjsdom[24m\lib\jsdom\living\generated\EventListener.js:26:30[90m)[39m
    at innerInvokeEventListeners [90m(D:\dowloads\cyberpunk-iptv-crm\[39mnode_modules\[4mjsdom[24m\lib\jsdom\living\events\EventTarget-impl.js:350:25[90m)[39m
    at invokeEventListeners [90m(D:\dowloads\cyberpunk-iptv-crm\[39mnode_modules\[4mjsdom[24m\lib\jsdom\living\events\EventTarget-impl.js:286:3[90m)[39m
    at HTMLUnknownElementImpl._dispatch [90m(D:\dowloads\cyberpunk-iptv-crm\[39mnode_modules\[4mjsdom[24m\lib\jsdom\living\events\EventTarget-impl.js:233:9[90m)[39m
Error: Uncaught [Error: useCyberpunkNotification must be used within a CyberpunkNotificationProvider]
    at reportException (D:\dowloads\cyberpunk-iptv-crm\node_modules\jsdom\lib\jsdom\living\helpers\runtime-script-errors.js:66:24)
    at innerInvokeEventListeners (D:\dowloads\cyberpunk-iptv-crm\node_modules\jsdom\lib\jsdom\living\events\EventTarget-impl.js:353:9)
    at invokeEventListeners (D:\dowloads\cyberpunk-iptv-crm\node_modules\jsdom\lib\jsdom\living\events\EventTarget-impl.js:286:3)
    at HTMLUnknownElementImpl._dispatch (D:\dowloads\cyberpunk-iptv-crm\node_modules\jsdom\lib\jsdom\living\events\EventTarget-impl.js:233:9)
    at HTMLUnknownElementImpl.dispatchEvent (D:\dowloads\cyberpunk-iptv-crm\node_modules\jsdom\lib\jsdom\living\events\EventTarget-impl.js:104:17)
    at HTMLUnknownElement.dispatchEvent (D:\dowloads\cyberpunk-iptv-crm\node_modules\jsdom\lib\jsdom\living\generated\EventTarget.js:241:34)
    at Object.invokeGuardedCallbackDev (D:\dowloads\cyberpunk-iptv-crm\node_modules\react-dom\cjs\react-dom.development.js:4213:16)
    at invokeGuardedCallback (D:\dowloads\cyberpunk-iptv-crm\node_modules\react-dom\cjs\react-dom.development.js:4277:31)
    at beginWork$1 (D:\dowloads\cyberpunk-iptv-crm\node_modules\react-dom\cjs\react-dom.development.js:27490:7)
    at performUnitOfWork (D:\dowloads\cyberpunk-iptv-crm\node_modules\react-dom\cjs\react-dom.development.js:26599:12) Error: useCyberpunkNotification must be used within a CyberpunkNotificationProvider
    at Module.useCyberpunkNotification [90m(D:\dowloads\cyberpunk-iptv-crm\[39msrc\components\CyberpunkNotification.tsx:376:11[90m)[39m
    at DataProvider [90m(D:\dowloads\cyberpunk-iptv-crm\[39msrc\context\DataContext.tsx:146:31[90m)[39m
    at renderWithHooks [90m(D:\dowloads\cyberpunk-iptv-crm\[39mnode_modules\[4mreact-dom[24m\cjs\react-dom.development.js:15486:18[90m)[39m
    at mountIndeterminateComponent [90m(D:\dowloads\cyberpunk-iptv-crm\[39mnode_modules\[4mreact-dom[24m\cjs\react-dom.development.js:20103:13[90m)[39m
    at beginWork [90m(D:\dowloads\cyberpunk-iptv-crm\[39mnode_modules\[4mreact-dom[24m\cjs\react-dom.development.js:21626:16[90m)[39m
    at HTMLUnknownElement.callCallback [90m(D:\dowloads\cyberpunk-iptv-crm\[39mnode_modules\[4mreact-dom[24m\cjs\react-dom.development.js:4164:14[90m)[39m
    at HTMLUnknownElement.callTheUserObjectsOperation [90m(D:\dowloads\cyberpunk-iptv-crm\[39mnode_modules\[4mjsdom[24m\lib\jsdom\living\generated\EventListener.js:26:30[90m)[39m
    at innerInvokeEventListeners [90m(D:\dowloads\cyberpunk-iptv-crm\[39mnode_modules\[4mjsdom[24m\lib\jsdom\living\events\EventTarget-impl.js:350:25[90m)[39m
    at invokeEventListeners [90m(D:\dowloads\cyberpunk-iptv-crm\[39mnode_modules\[4mjsdom[24m\lib\jsdom\living\events\EventTarget-impl.js:286:3[90m)[39m
    at HTMLUnknownElementImpl._dispatch [90m(D:\dowloads\cyberpunk-iptv-crm\[39mnode_modules\[4mjsdom[24m\lib\jsdom\living\events\EventTarget-impl.js:233:9[90m)[39m
The above error occurred in the <DataProvider> component:

    at DataProvider (D:\dowloads\cyberpunk-iptv-crm\src\context\DataContext.tsx:27:3)

Consider adding an error boundary to your tree to customize error handling behavior.
Visit https://reactjs.org/link/error-boundaries to learn more about error boundaries.

[90mstdout[2m | src/test/CyberClientsList.test.tsx[2m > [22m[2mCyberClientsList[2m > [22m[2mComponent Rendering[2m > [22m[2mshould display the client list with correct data
[22m[39mError: Uncaught [Error: useCyberpunkNotification must be used within a CyberpunkNotificationProvider]
    at reportException (D:\dowloads\cyberpunk-iptv-crm\node_modules\jsdom\lib\jsdom\living\helpers\runtime-script-errors.js:66:24)
    at innerInvokeEventListeners (D:\dowloads\cyberpunk-iptv-crm\node_modules\jsdom\lib\jsdom\living\events\EventTarget-impl.js:353:9)
    at invokeEventListeners (D:\dowloads\cyberpunk-iptv-crm\node_modules\jsdom\lib\jsdom\living\events\EventTarget-impl.js:286:3)
    at HTMLUnknownElementImpl._dispatch (D:\dowloads\cyberpunk-iptv-crm\node_modules\jsdom\lib\jsdom\living\events\EventTarget-impl.js:233:9)
    at HTMLUnknownElementImpl.dispatchEvent (D:\dowloads\cyberpunk-iptv-crm\node_modules\jsdom\lib\jsdom\living\events\EventTarget-impl.js:104:17)
    at HTMLUnknownElement.dispatchEvent (D:\dowloads\cyberpunk-iptv-crm\node_modules\jsdom\lib\jsdom\living\generated\EventTarget.js:241:34)
    at Object.invokeGuardedCallbackDev (D:\dowloads\cyberpunk-iptv-crm\node_modules\react-dom\cjs\react-dom.development.js:4213:16)
    at invokeGuardedCallback (D:\dowloads\cyberpunk-iptv-crm\node_modules\react-dom\cjs\react-dom.development.js:4277:31)
    at beginWork$1 (D:\dowloads\cyberpunk-iptv-crm\node_modules\react-dom\cjs\react-dom.development.js:27490:7)
    at performUnitOfWork (D:\dowloads\cyberpunk-iptv-crm\node_modules\react-dom\cjs\react-dom.development.js:26599:12) Error: useCyberpunkNotification must be used within a CyberpunkNotificationProvider
    at Module.useCyberpunkNotification [90m(D:\dowloads\cyberpunk-iptv-crm\[39msrc\components\CyberpunkNotification.tsx:376:11[90m)[39m
    at DataProvider [90m(D:\dowloads\cyberpunk-iptv-crm\[39msrc\context\DataContext.tsx:146:31[90m)[39m
    at renderWithHooks [90m(D:\dowloads\cyberpunk-iptv-crm\[39mnode_modules\[4mreact-dom[24m\cjs\react-dom.development.js:15486:18[90m)[39m
    at mountIndeterminateComponent [90m(D:\dowloads\cyberpunk-iptv-crm\[39mnode_modules\[4mreact-dom[24m\cjs\react-dom.development.js:20103:13[90m)[39m
    at beginWork [90m(D:\dowloads\cyberpunk-iptv-crm\[39mnode_modules\[4mreact-dom[24m\cjs\react-dom.development.js:21626:16[90m)[39m
    at HTMLUnknownElement.callCallback [90m(D:\dowloads\cyberpunk-iptv-crm\[39mnode_modules\[4mreact-dom[24m\cjs\react-dom.development.js:4164:14[90m)[39m
    at HTMLUnknownElement.callTheUserObjectsOperation [90m(D:\dowloads\cyberpunk-iptv-crm\[39mnode_modules\[4mjsdom[24m\lib\jsdom\living\generated\EventListener.js:26:30[90m)[39m
    at innerInvokeEventListeners [90m(D:\dowloads\cyberpunk-iptv-crm\[39mnode_modules\[4mjsdom[24m\lib\jsdom\living\events\EventTarget-impl.js:350:25[90m)[39m
    at invokeEventListeners [90m(D:\dowloads\cyberpunk-iptv-crm\[39mnode_modules\[4mjsdom[24m\lib\jsdom\living\events\EventTarget-impl.js:286:3[90m)[39m
    at HTMLUnknownElementImpl._dispatch [90m(D:\dowloads\cyberpunk-iptv-crm\[39mnode_modules\[4mjsdom[24m\lib\jsdom\living\events\EventTarget-impl.js:233:9[90m)[39m
Error: Uncaught [Error: useCyberpunkNotification must be used within a CyberpunkNotificationProvider]
    at reportException (D:\dowloads\cyberpunk-iptv-crm\node_modules\jsdom\lib\jsdom\living\helpers\runtime-script-errors.js:66:24)
    at innerInvokeEventListeners (D:\dowloads\cyberpunk-iptv-crm\node_modules\jsdom\lib\jsdom\living\events\EventTarget-impl.js:353:9)
    at invokeEventListeners (D:\dowloads\cyberpunk-iptv-crm\node_modules\jsdom\lib\jsdom\living\events\EventTarget-impl.js:286:3)
    at HTMLUnknownElementImpl._dispatch (D:\dowloads\cyberpunk-iptv-crm\node_modules\jsdom\lib\jsdom\living\events\EventTarget-impl.js:233:9)
    at HTMLUnknownElementImpl.dispatchEvent (D:\dowloads\cyberpunk-iptv-crm\node_modules\jsdom\lib\jsdom\living\events\EventTarget-impl.js:104:17)
    at HTMLUnknownElement.dispatchEvent (D:\dowloads\cyberpunk-iptv-crm\node_modules\jsdom\lib\jsdom\living\generated\EventTarget.js:241:34)
    at Object.invokeGuardedCallbackDev (D:\dowloads\cyberpunk-iptv-crm\node_modules\react-dom\cjs\react-dom.development.js:4213:16)
    at invokeGuardedCallback (D:\dowloads\cyberpunk-iptv-crm\node_modules\react-dom\cjs\react-dom.development.js:4277:31)
    at beginWork$1 (D:\dowloads\cyberpunk-iptv-crm\node_modules\react-dom\cjs\react-dom.development.js:27490:7)
    at performUnitOfWork (D:\dowloads\cyberpunk-iptv-crm\node_modules\react-dom\cjs\react-dom.development.js:26599:12) Error: useCyberpunkNotification must be used within a CyberpunkNotificationProvider
    at Module.useCyberpunkNotification [90m(D:\dowloads\cyberpunk-iptv-crm\[39msrc\components\CyberpunkNotification.tsx:376:11[90m)[39m
    at DataProvider [90m(D:\dowloads\cyberpunk-iptv-crm\[39msrc\context\DataContext.tsx:146:31[90m)[39m
    at renderWithHooks [90m(D:\dowloads\cyberpunk-iptv-crm\[39mnode_modules\[4mreact-dom[24m\cjs\react-dom.development.js:15486:18[90m)[39m
    at mountIndeterminateComponent [90m(D:\dowloads\cyberpunk-iptv-crm\[39mnode_modules\[4mreact-dom[24m\cjs\react-dom.development.js:20103:13[90m)[39m
    at beginWork [90m(D:\dowloads\cyberpunk-iptv-crm\[39mnode_modules\[4mreact-dom[24m\cjs\react-dom.development.js:21626:16[90m)[39m
    at HTMLUnknownElement.callCallback [90m(D:\dowloads\cyberpunk-iptv-crm\[39mnode_modules\[4mreact-dom[24m\cjs\react-dom.development.js:4164:14[90m)[39m
    at HTMLUnknownElement.callTheUserObjectsOperation [90m(D:\dowloads\cyberpunk-iptv-crm\[39mnode_modules\[4mjsdom[24m\lib\jsdom\living\generated\EventListener.js:26:30[90m)[39m
    at innerInvokeEventListeners [90m(D:\dowloads\cyberpunk-iptv-crm\[39mnode_modules\[4mjsdom[24m\lib\jsdom\living\events\EventTarget-impl.js:350:25[90m)[39m
    at invokeEventListeners [90m(D:\dowloads\cyberpunk-iptv-crm\[39mnode_modules\[4mjsdom[24m\lib\jsdom\living\events\EventTarget-impl.js:286:3[90m)[39m
    at HTMLUnknownElementImpl._dispatch [90m(D:\dowloads\cyberpunk-iptv-crm\[39mnode_modules\[4mjsdom[24m\lib\jsdom\living\events\EventTarget-impl.js:233:9[90m)[39m
The above error occurred in the <DataProvider> component:

    at DataProvider (D:\dowloads\cyberpunk-iptv-crm\src\context\DataContext.tsx:27:3)

Consider adding an error boundary to your tree to customize error handling behavior.
Visit https://reactjs.org/link/error-boundaries to learn more about error boundaries.

[90mstdout[2m | src/test/CyberClientsList.test.tsx[2m > [22m[2mCyberClientsList[2m > [22m[2mComponent Rendering[2m > [22m[2mshould display client status badges correctly
[22m[39mError: Uncaught [Error: useCyberpunkNotification must be used within a CyberpunkNotificationProvider]
    at reportException (D:\dowloads\cyberpunk-iptv-crm\node_modules\jsdom\lib\jsdom\living\helpers\runtime-script-errors.js:66:24)
    at innerInvokeEventListeners (D:\dowloads\cyberpunk-iptv-crm\node_modules\jsdom\lib\jsdom\living\events\EventTarget-impl.js:353:9)
    at invokeEventListeners (D:\dowloads\cyberpunk-iptv-crm\node_modules\jsdom\lib\jsdom\living\events\EventTarget-impl.js:286:3)
    at HTMLUnknownElementImpl._dispatch (D:\dowloads\cyberpunk-iptv-crm\node_modules\jsdom\lib\jsdom\living\events\EventTarget-impl.js:233:9)
    at HTMLUnknownElementImpl.dispatchEvent (D:\dowloads\cyberpunk-iptv-crm\node_modules\jsdom\lib\jsdom\living\events\EventTarget-impl.js:104:17)
    at HTMLUnknownElement.dispatchEvent (D:\dowloads\cyberpunk-iptv-crm\node_modules\jsdom\lib\jsdom\living\generated\EventTarget.js:241:34)
    at Object.invokeGuardedCallbackDev (D:\dowloads\cyberpunk-iptv-crm\node_modules\react-dom\cjs\react-dom.development.js:4213:16)
    at invokeGuardedCallback (D:\dowloads\cyberpunk-iptv-crm\node_modules\react-dom\cjs\react-dom.development.js:4277:31)
    at beginWork$1 (D:\dowloads\cyberpunk-iptv-crm\node_modules\react-dom\cjs\react-dom.development.js:27490:7)
    at performUnitOfWork (D:\dowloads\cyberpunk-iptv-crm\node_modules\react-dom\cjs\react-dom.development.js:26599:12) Error: useCyberpunkNotification must be used within a CyberpunkNotificationProvider
    at Module.useCyberpunkNotification [90m(D:\dowloads\cyberpunk-iptv-crm\[39msrc\components\CyberpunkNotification.tsx:376:11[90m)[39m
    at DataProvider [90m(D:\dowloads\cyberpunk-iptv-crm\[39msrc\context\DataContext.tsx:146:31[90m)[39m
    at renderWithHooks [90m(D:\dowloads\cyberpunk-iptv-crm\[39mnode_modules\[4mreact-dom[24m\cjs\react-dom.development.js:15486:18[90m)[39m
    at mountIndeterminateComponent [90m(D:\dowloads\cyberpunk-iptv-crm\[39mnode_modules\[4mreact-dom[24m\cjs\react-dom.development.js:20103:13[90m)[39m
    at beginWork [90m(D:\dowloads\cyberpunk-iptv-crm\[39mnode_modules\[4mreact-dom[24m\cjs\react-dom.development.js:21626:16[90m)[39m
    at HTMLUnknownElement.callCallback [90m(D:\dowloads\cyberpunk-iptv-crm\[39mnode_modules\[4mreact-dom[24m\cjs\react-dom.development.js:4164:14[90m)[39m
    at HTMLUnknownElement.callTheUserObjectsOperation [90m(D:\dowloads\cyberpunk-iptv-crm\[39mnode_modules\[4mjsdom[24m\lib\jsdom\living\generated\EventListener.js:26:30[90m)[39m
    at innerInvokeEventListeners [90m(D:\dowloads\cyberpunk-iptv-crm\[39mnode_modules\[4mjsdom[24m\lib\jsdom\living\events\EventTarget-impl.js:350:25[90m)[39m
    at invokeEventListeners [90m(D:\dowloads\cyberpunk-iptv-crm\[39mnode_modules\[4mjsdom[24m\lib\jsdom\living\events\EventTarget-impl.js:286:3[90m)[39m
    at HTMLUnknownElementImpl._dispatch [90m(D:\dowloads\cyberpunk-iptv-crm\[39mnode_modules\[4mjsdom[24m\lib\jsdom\living\events\EventTarget-impl.js:233:9[90m)[39m
Error: Uncaught [Error: useCyberpunkNotification must be used within a CyberpunkNotificationProvider]
    at reportException (D:\dowloads\cyberpunk-iptv-crm\node_modules\jsdom\lib\jsdom\living\helpers\runtime-script-errors.js:66:24)
    at innerInvokeEventListeners (D:\dowloads\cyberpunk-iptv-crm\node_modules\jsdom\lib\jsdom\living\events\EventTarget-impl.js:353:9)
    at invokeEventListeners (D:\dowloads\cyberpunk-iptv-crm\node_modules\jsdom\lib\jsdom\living\events\EventTarget-impl.js:286:3)
    at HTMLUnknownElementImpl._dispatch (D:\dowloads\cyberpunk-iptv-crm\node_modules\jsdom\lib\jsdom\living\events\EventTarget-impl.js:233:9)
    at HTMLUnknownElementImpl.dispatchEvent (D:\dowloads\cyberpunk-iptv-crm\node_modules\jsdom\lib\jsdom\living\events\EventTarget-impl.js:104:17)
    at HTMLUnknownElement.dispatchEvent (D:\dowloads\cyberpunk-iptv-crm\node_modules\jsdom\lib\jsdom\living\generated\EventTarget.js:241:34)
    at Object.invokeGuardedCallbackDev (D:\dowloads\cyberpunk-iptv-crm\node_modules\react-dom\cjs\react-dom.development.js:4213:16)
    at invokeGuardedCallback (D:\dowloads\cyberpunk-iptv-crm\node_modules\react-dom\cjs\react-dom.development.js:4277:31)
    at beginWork$1 (D:\dowloads\cyberpunk-iptv-crm\node_modules\react-dom\cjs\react-dom.development.js:27490:7)
    at performUnitOfWork (D:\dowloads\cyberpunk-iptv-crm\node_modules\react-dom\cjs\react-dom.development.js:26599:12) Error: useCyberpunkNotification must be used within a CyberpunkNotificationProvider
    at Module.useCyberpunkNotification [90m(D:\dowloads\cyberpunk-iptv-crm\[39msrc\components\CyberpunkNotification.tsx:376:11[90m)[39m
    at DataProvider [90m(D:\dowloads\cyberpunk-iptv-crm\[39msrc\context\DataContext.tsx:146:31[90m)[39m
    at renderWithHooks [90m(D:\dowloads\cyberpunk-iptv-crm\[39mnode_modules\[4mreact-dom[24m\cjs\react-dom.development.js:15486:18[90m)[39m
    at mountIndeterminateComponent [90m(D:\dowloads\cyberpunk-iptv-crm\[39mnode_modules\[4mreact-dom[24m\cjs\react-dom.development.js:20103:13[90m)[39m
    at beginWork [90m(D:\dowloads\cyberpunk-iptv-crm\[39mnode_modules\[4mreact-dom[24m\cjs\react-dom.development.js:21626:16[90m)[39m
    at HTMLUnknownElement.callCallback [90m(D:\dowloads\cyberpunk-iptv-crm\[39mnode_modules\[4mreact-dom[24m\cjs\react-dom.development.js:4164:14[90m)[39m
    at HTMLUnknownElement.callTheUserObjectsOperation [90m(D:\dowloads\cyberpunk-iptv-crm\[39mnode_modules\[4mjsdom[24m\lib\jsdom\living\generated\EventListener.js:26:30[90m)[39m
    at innerInvokeEventListeners [90m(D:\dowloads\cyberpunk-iptv-crm\[39mnode_modules\[4mjsdom[24m\lib\jsdom\living\events\EventTarget-impl.js:350:25[90m)[39m
    at invokeEventListeners [90m(D:\dowloads\cyberpunk-iptv-crm\[39mnode_modules\[4mjsdom[24m\lib\jsdom\living\events\EventTarget-impl.js:286:3[90m)[39m
    at HTMLUnknownElementImpl._dispatch [90m(D:\dowloads\cyberpunk-iptv-crm\[39mnode_modules\[4mjsdom[24m\lib\jsdom\living\events\EventTarget-impl.js:233:9[90m)[39m
The above error occurred in the <DataProvider> component:

    at DataProvider (D:\dowloads\cyberpunk-iptv-crm\src\context\DataContext.tsx:27:3)

Consider adding an error boundary to your tree to customize error handling behavior.
Visit https://reactjs.org/link/error-boundaries to learn more about error boundaries.

[90mstdout[2m | src/test/CyberClientsList.test.tsx[2m > [22m[2mCyberClientsList[2m > [22m[2mComponent Rendering[2m > [22m[2mshould display payment status badges correctly
[22m[39mError: Uncaught [Error: useCyberpunkNotification must be used within a CyberpunkNotificationProvider]
    at reportException (D:\dowloads\cyberpunk-iptv-crm\node_modules\jsdom\lib\jsdom\living\helpers\runtime-script-errors.js:66:24)
    at innerInvokeEventListeners (D:\dowloads\cyberpunk-iptv-crm\node_modules\jsdom\lib\jsdom\living\events\EventTarget-impl.js:353:9)
    at invokeEventListeners (D:\dowloads\cyberpunk-iptv-crm\node_modules\jsdom\lib\jsdom\living\events\EventTarget-impl.js:286:3)
    at HTMLUnknownElementImpl._dispatch (D:\dowloads\cyberpunk-iptv-crm\node_modules\jsdom\lib\jsdom\living\events\EventTarget-impl.js:233:9)
    at HTMLUnknownElementImpl.dispatchEvent (D:\dowloads\cyberpunk-iptv-crm\node_modules\jsdom\lib\jsdom\living\events\EventTarget-impl.js:104:17)
    at HTMLUnknownElement.dispatchEvent (D:\dowloads\cyberpunk-iptv-crm\node_modules\jsdom\lib\jsdom\living\generated\EventTarget.js:241:34)
    at Object.invokeGuardedCallbackDev (D:\dowloads\cyberpunk-iptv-crm\node_modules\react-dom\cjs\react-dom.development.js:4213:16)
    at invokeGuardedCallback (D:\dowloads\cyberpunk-iptv-crm\node_modules\react-dom\cjs\react-dom.development.js:4277:31)
    at beginWork$1 (D:\dowloads\cyberpunk-iptv-crm\node_modules\react-dom\cjs\react-dom.development.js:27490:7)
    at performUnitOfWork (D:\dowloads\cyberpunk-iptv-crm\node_modules\react-dom\cjs\react-dom.development.js:26599:12) Error: useCyberpunkNotification must be used within a CyberpunkNotificationProvider
    at Module.useCyberpunkNotification [90m(D:\dowloads\cyberpunk-iptv-crm\[39msrc\components\CyberpunkNotification.tsx:376:11[90m)[39m
    at DataProvider [90m(D:\dowloads\cyberpunk-iptv-crm\[39msrc\context\DataContext.tsx:146:31[90m)[39m
    at renderWithHooks [90m(D:\dowloads\cyberpunk-iptv-crm\[39mnode_modules\[4mreact-dom[24m\cjs\react-dom.development.js:15486:18[90m)[39m
    at mountIndeterminateComponent [90m(D:\dowloads\cyberpunk-iptv-crm\[39mnode_modules\[4mreact-dom[24m\cjs\react-dom.development.js:20103:13[90m)[39m
    at beginWork [90m(D:\dowloads\cyberpunk-iptv-crm\[39mnode_modules\[4mreact-dom[24m\cjs\react-dom.development.js:21626:16[90m)[39m
    at HTMLUnknownElement.callCallback [90m(D:\dowloads\cyberpunk-iptv-crm\[39mnode_modules\[4mreact-dom[24m\cjs\react-dom.development.js:4164:14[90m)[39m
    at HTMLUnknownElement.callTheUserObjectsOperation [90m(D:\dowloads\cyberpunk-iptv-crm\[39mnode_modules\[4mjsdom[24m\lib\jsdom\living\generated\EventListener.js:26:30[90m)[39m
    at innerInvokeEventListeners [90m(D:\dowloads\cyberpunk-iptv-crm\[39mnode_modules\[4mjsdom[24m\lib\jsdom\living\events\EventTarget-impl.js:350:25[90m)[39m
    at invokeEventListeners [90m(D:\dowloads\cyberpunk-iptv-crm\[39mnode_modules\[4mjsdom[24m\lib\jsdom\living\events\EventTarget-impl.js:286:3[90m)[39m
    at HTMLUnknownElementImpl._dispatch [90m(D:\dowloads\cyberpunk-iptv-crm\[39mnode_modules\[4mjsdom[24m\lib\jsdom\living\events\EventTarget-impl.js:233:9[90m)[39m
Error: Uncaught [Error: useCyberpunkNotification must be used within a CyberpunkNotificationProvider]
    at reportException (D:\dowloads\cyberpunk-iptv-crm\node_modules\jsdom\lib\jsdom\living\helpers\runtime-script-errors.js:66:24)
    at innerInvokeEventListeners (D:\dowloads\cyberpunk-iptv-crm\node_modules\jsdom\lib\jsdom\living\events\EventTarget-impl.js:353:9)
    at invokeEventListeners (D:\dowloads\cyberpunk-iptv-crm\node_modules\jsdom\lib\jsdom\living\events\EventTarget-impl.js:286:3)
    at HTMLUnknownElementImpl._dispatch (D:\dowloads\cyberpunk-iptv-crm\node_modules\jsdom\lib\jsdom\living\events\EventTarget-impl.js:233:9)
    at HTMLUnknownElementImpl.dispatchEvent (D:\dowloads\cyberpunk-iptv-crm\node_modules\jsdom\lib\jsdom\living\events\EventTarget-impl.js:104:17)
    at HTMLUnknownElement.dispatchEvent (D:\dowloads\cyberpunk-iptv-crm\node_modules\jsdom\lib\jsdom\living\generated\EventTarget.js:241:34)
    at Object.invokeGuardedCallbackDev (D:\dowloads\cyberpunk-iptv-crm\node_modules\react-dom\cjs\react-dom.development.js:4213:16)
    at invokeGuardedCallback (D:\dowloads\cyberpunk-iptv-crm\node_modules\react-dom\cjs\react-dom.development.js:4277:31)
    at beginWork$1 (D:\dowloads\cyberpunk-iptv-crm\node_modules\react-dom\cjs\react-dom.development.js:27490:7)
    at performUnitOfWork (D:\dowloads\cyberpunk-iptv-crm\node_modules\react-dom\cjs\react-dom.development.js:26599:12) Error: useCyberpunkNotification must be used within a CyberpunkNotificationProvider
    at Module.useCyberpunkNotification [90m(D:\dowloads\cyberpunk-iptv-crm\[39msrc\components\CyberpunkNotification.tsx:376:11[90m)[39m
    at DataProvider [90m(D:\dowloads\cyberpunk-iptv-crm\[39msrc\context\DataContext.tsx:146:31[90m)[39m
    at renderWithHooks [90m(D:\dowloads\cyberpunk-iptv-crm\[39mnode_modules\[4mreact-dom[24m\cjs\react-dom.development.js:15486:18[90m)[39m
    at mountIndeterminateComponent [90m(D:\dowloads\cyberpunk-iptv-crm\[39mnode_modules\[4mreact-dom[24m\cjs\react-dom.development.js:20103:13[90m)[39m
    at beginWork [90m(D:\dowloads\cyberpunk-iptv-crm\[39mnode_modules\[4mreact-dom[24m\cjs\react-dom.development.js:21626:16[90m)[39m
    at HTMLUnknownElement.callCallback [90m(D:\dowloads\cyberpunk-iptv-crm\[39mnode_modules\[4mreact-dom[24m\cjs\react-dom.development.js:4164:14[90m)[39m
    at HTMLUnknownElement.callTheUserObjectsOperation [90m(D:\dowloads\cyberpunk-iptv-crm\[39mnode_modules\[4mjsdom[24m\lib\jsdom\living\generated\EventListener.js:26:30[90m)[39m
    at innerInvokeEventListeners [90m(D:\dowloads\cyberpunk-iptv-crm\[39mnode_modules\[4mjsdom[24m\lib\jsdom\living\events\EventTarget-impl.js:350:25[90m)[39m
    at invokeEventListeners [90m(D:\dowloads\cyberpunk-iptv-crm\[39mnode_modules\[4mjsdom[24m\lib\jsdom\living\events\EventTarget-impl.js:286:3[90m)[39m
    at HTMLUnknownElementImpl._dispatch [90m(D:\dowloads\cyberpunk-iptv-crm\[39mnode_modules\[4mjsdom[24m\lib\jsdom\living\events\EventTarget-impl.js:233:9[90m)[39m
The above error occurred in the <DataProvider> component:

    at DataProvider (D:\dowloads\cyberpunk-iptv-crm\src\context\DataContext.tsx:27:3)

Consider adding an error boundary to your tree to customize error handling behavior.
Visit https://reactjs.org/link/error-boundaries to learn more about error boundaries.

[90mstdout[2m | src/test/CyberClientsList.test.tsx[2m > [22m[2mCyberClientsList[2m > [22m[2mSearch and Filtering[2m > [22m[2mshould filter clients by search term
[22m[39mError: Uncaught [Error: useCyberpunkNotification must be used within a CyberpunkNotificationProvider]
    at reportException (D:\dowloads\cyberpunk-iptv-crm\node_modules\jsdom\lib\jsdom\living\helpers\runtime-script-errors.js:66:24)
    at innerInvokeEventListeners (D:\dowloads\cyberpunk-iptv-crm\node_modules\jsdom\lib\jsdom\living\events\EventTarget-impl.js:353:9)
    at invokeEventListeners (D:\dowloads\cyberpunk-iptv-crm\node_modules\jsdom\lib\jsdom\living\events\EventTarget-impl.js:286:3)
    at HTMLUnknownElementImpl._dispatch (D:\dowloads\cyberpunk-iptv-crm\node_modules\jsdom\lib\jsdom\living\events\EventTarget-impl.js:233:9)
    at HTMLUnknownElementImpl.dispatchEvent (D:\dowloads\cyberpunk-iptv-crm\node_modules\jsdom\lib\jsdom\living\events\EventTarget-impl.js:104:17)
    at HTMLUnknownElement.dispatchEvent (D:\dowloads\cyberpunk-iptv-crm\node_modules\jsdom\lib\jsdom\living\generated\EventTarget.js:241:34)
    at Object.invokeGuardedCallbackDev (D:\dowloads\cyberpunk-iptv-crm\node_modules\react-dom\cjs\react-dom.development.js:4213:16)
    at invokeGuardedCallback (D:\dowloads\cyberpunk-iptv-crm\node_modules\react-dom\cjs\react-dom.development.js:4277:31)
    at beginWork$1 (D:\dowloads\cyberpunk-iptv-crm\node_modules\react-dom\cjs\react-dom.development.js:27490:7)
    at performUnitOfWork (D:\dowloads\cyberpunk-iptv-crm\node_modules\react-dom\cjs\react-dom.development.js:26599:12) Error: useCyberpunkNotification must be used within a CyberpunkNotificationProvider
    at Module.useCyberpunkNotification [90m(D:\dowloads\cyberpunk-iptv-crm\[39msrc\components\CyberpunkNotification.tsx:376:11[90m)[39m
    at DataProvider [90m(D:\dowloads\cyberpunk-iptv-crm\[39msrc\context\DataContext.tsx:146:31[90m)[39m
    at renderWithHooks [90m(D:\dowloads\cyberpunk-iptv-crm\[39mnode_modules\[4mreact-dom[24m\cjs\react-dom.development.js:15486:18[90m)[39m
    at mountIndeterminateComponent [90m(D:\dowloads\cyberpunk-iptv-crm\[39mnode_modules\[4mreact-dom[24m\cjs\react-dom.development.js:20103:13[90m)[39m
    at beginWork [90m(D:\dowloads\cyberpunk-iptv-crm\[39mnode_modules\[4mreact-dom[24m\cjs\react-dom.development.js:21626:16[90m)[39m
    at HTMLUnknownElement.callCallback [90m(D:\dowloads\cyberpunk-iptv-crm\[39mnode_modules\[4mreact-dom[24m\cjs\react-dom.development.js:4164:14[90m)[39m
    at HTMLUnknownElement.callTheUserObjectsOperation [90m(D:\dowloads\cyberpunk-iptv-crm\[39mnode_modules\[4mjsdom[24m\lib\jsdom\living\generated\EventListener.js:26:30[90m)[39m
    at innerInvokeEventListeners [90m(D:\dowloads\cyberpunk-iptv-crm\[39mnode_modules\[4mjsdom[24m\lib\jsdom\living\events\EventTarget-impl.js:350:25[90m)[39m
    at invokeEventListeners [90m(D:\dowloads\cyberpunk-iptv-crm\[39mnode_modules\[4mjsdom[24m\lib\jsdom\living\events\EventTarget-impl.js:286:3[90m)[39m
    at HTMLUnknownElementImpl._dispatch [90m(D:\dowloads\cyberpunk-iptv-crm\[39mnode_modules\[4mjsdom[24m\lib\jsdom\living\events\EventTarget-impl.js:233:9[90m)[39m
Error: Uncaught [Error: useCyberpunkNotification must be used within a CyberpunkNotificationProvider]
    at reportException (D:\dowloads\cyberpunk-iptv-crm\node_modules\jsdom\lib\jsdom\living\helpers\runtime-script-errors.js:66:24)
    at innerInvokeEventListeners (D:\dowloads\cyberpunk-iptv-crm\node_modules\jsdom\lib\jsdom\living\events\EventTarget-impl.js:353:9)
    at invokeEventListeners (D:\dowloads\cyberpunk-iptv-crm\node_modules\jsdom\lib\jsdom\living\events\EventTarget-impl.js:286:3)
    at HTMLUnknownElementImpl._dispatch (D:\dowloads\cyberpunk-iptv-crm\node_modules\jsdom\lib\jsdom\living\events\EventTarget-impl.js:233:9)
    at HTMLUnknownElementImpl.dispatchEvent (D:\dowloads\cyberpunk-iptv-crm\node_modules\jsdom\lib\jsdom\living\events\EventTarget-impl.js:104:17)
    at HTMLUnknownElement.dispatchEvent (D:\dowloads\cyberpunk-iptv-crm\node_modules\jsdom\lib\jsdom\living\generated\EventTarget.js:241:34)
    at Object.invokeGuardedCallbackDev (D:\dowloads\cyberpunk-iptv-crm\node_modules\react-dom\cjs\react-dom.development.js:4213:16)
    at invokeGuardedCallback (D:\dowloads\cyberpunk-iptv-crm\node_modules\react-dom\cjs\react-dom.development.js:4277:31)
    at beginWork$1 (D:\dowloads\cyberpunk-iptv-crm\node_modules\react-dom\cjs\react-dom.development.js:27490:7)
    at performUnitOfWork (D:\dowloads\cyberpunk-iptv-crm\node_modules\react-dom\cjs\react-dom.development.js:26599:12) Error: useCyberpunkNotification must be used within a CyberpunkNotificationProvider
    at Module.useCyberpunkNotification [90m(D:\dowloads\cyberpunk-iptv-crm\[39msrc\components\CyberpunkNotification.tsx:376:11[90m)[39m
    at DataProvider [90m(D:\dowloads\cyberpunk-iptv-crm\[39msrc\context\DataContext.tsx:146:31[90m)[39m
    at renderWithHooks [90m(D:\dowloads\cyberpunk-iptv-crm\[39mnode_modules\[4mreact-dom[24m\cjs\react-dom.development.js:15486:18[90m)[39m
    at mountIndeterminateComponent [90m(D:\dowloads\cyberpunk-iptv-crm\[39mnode_modules\[4mreact-dom[24m\cjs\react-dom.development.js:20103:13[90m)[39m
    at beginWork [90m(D:\dowloads\cyberpunk-iptv-crm\[39mnode_modules\[4mreact-dom[24m\cjs\react-dom.development.js:21626:16[90m)[39m
    at HTMLUnknownElement.callCallback [90m(D:\dowloads\cyberpunk-iptv-crm\[39mnode_modules\[4mreact-dom[24m\cjs\react-dom.development.js:4164:14[90m)[39m
    at HTMLUnknownElement.callTheUserObjectsOperation [90m(D:\dowloads\cyberpunk-iptv-crm\[39mnode_modules\[4mjsdom[24m\lib\jsdom\living\generated\EventListener.js:26:30[90m)[39m
    at innerInvokeEventListeners [90m(D:\dowloads\cyberpunk-iptv-crm\[39mnode_modules\[4mjsdom[24m\lib\jsdom\living\events\EventTarget-impl.js:350:25[90m)[39m
    at invokeEventListeners [90m(D:\dowloads\cyberpunk-iptv-crm\[39mnode_modules\[4mjsdom[24m\lib\jsdom\living\events\EventTarget-impl.js:286:3[90m)[39m
    at HTMLUnknownElementImpl._dispatch [90m(D:\dowloads\cyberpunk-iptv-crm\[39mnode_modules\[4mjsdom[24m\lib\jsdom\living\events\EventTarget-impl.js:233:9[90m)[39m
The above error occurred in the <DataProvider> component:

    at DataProvider (D:\dowloads\cyberpunk-iptv-crm\src\context\DataContext.tsx:27:3)

Consider adding an error boundary to your tree to customize error handling behavior.
Visit https://reactjs.org/link/error-boundaries to learn more about error boundaries.

[90mstdout[2m | src/test/CyberClientsList.test.tsx[2m > [22m[2mCyberClientsList[2m > [22m[2mSearch and Filtering[2m > [22m[2mshould filter by status
[22m[39mError: Uncaught [Error: useCyberpunkNotification must be used within a CyberpunkNotificationProvider]
    at reportException (D:\dowloads\cyberpunk-iptv-crm\node_modules\jsdom\lib\jsdom\living\helpers\runtime-script-errors.js:66:24)
    at innerInvokeEventListeners (D:\dowloads\cyberpunk-iptv-crm\node_modules\jsdom\lib\jsdom\living\events\EventTarget-impl.js:353:9)
    at invokeEventListeners (D:\dowloads\cyberpunk-iptv-crm\node_modules\jsdom\lib\jsdom\living\events\EventTarget-impl.js:286:3)
    at HTMLUnknownElementImpl._dispatch (D:\dowloads\cyberpunk-iptv-crm\node_modules\jsdom\lib\jsdom\living\events\EventTarget-impl.js:233:9)
    at HTMLUnknownElementImpl.dispatchEvent (D:\dowloads\cyberpunk-iptv-crm\node_modules\jsdom\lib\jsdom\living\events\EventTarget-impl.js:104:17)
    at HTMLUnknownElement.dispatchEvent (D:\dowloads\cyberpunk-iptv-crm\node_modules\jsdom\lib\jsdom\living\generated\EventTarget.js:241:34)
    at Object.invokeGuardedCallbackDev (D:\dowloads\cyberpunk-iptv-crm\node_modules\react-dom\cjs\react-dom.development.js:4213:16)
    at invokeGuardedCallback (D:\dowloads\cyberpunk-iptv-crm\node_modules\react-dom\cjs\react-dom.development.js:4277:31)
    at beginWork$1 (D:\dowloads\cyberpunk-iptv-crm\node_modules\react-dom\cjs\react-dom.development.js:27490:7)
    at performUnitOfWork (D:\dowloads\cyberpunk-iptv-crm\node_modules\react-dom\cjs\react-dom.development.js:26599:12) Error: useCyberpunkNotification must be used within a CyberpunkNotificationProvider
    at Module.useCyberpunkNotification [90m(D:\dowloads\cyberpunk-iptv-crm\[39msrc\components\CyberpunkNotification.tsx:376:11[90m)[39m
    at DataProvider [90m(D:\dowloads\cyberpunk-iptv-crm\[39msrc\context\DataContext.tsx:146:31[90m)[39m
    at renderWithHooks [90m(D:\dowloads\cyberpunk-iptv-crm\[39mnode_modules\[4mreact-dom[24m\cjs\react-dom.development.js:15486:18[90m)[39m
    at mountIndeterminateComponent [90m(D:\dowloads\cyberpunk-iptv-crm\[39mnode_modules\[4mreact-dom[24m\cjs\react-dom.development.js:20103:13[90m)[39m
    at beginWork [90m(D:\dowloads\cyberpunk-iptv-crm\[39mnode_modules\[4mreact-dom[24m\cjs\react-dom.development.js:21626:16[90m)[39m
    at HTMLUnknownElement.callCallback [90m(D:\dowloads\cyberpunk-iptv-crm\[39mnode_modules\[4mreact-dom[24m\cjs\react-dom.development.js:4164:14[90m)[39m
    at HTMLUnknownElement.callTheUserObjectsOperation [90m(D:\dowloads\cyberpunk-iptv-crm\[39mnode_modules\[4mjsdom[24m\lib\jsdom\living\generated\EventListener.js:26:30[90m)[39m
    at innerInvokeEventListeners [90m(D:\dowloads\cyberpunk-iptv-crm\[39mnode_modules\[4mjsdom[24m\lib\jsdom\living\events\EventTarget-impl.js:350:25[90m)[39m
    at invokeEventListeners [90m(D:\dowloads\cyberpunk-iptv-crm\[39mnode_modules\[4mjsdom[24m\lib\jsdom\living\events\EventTarget-impl.js:286:3[90m)[39m
    at HTMLUnknownElementImpl._dispatch [90m(D:\dowloads\cyberpunk-iptv-crm\[39mnode_modules\[4mjsdom[24m\lib\jsdom\living\events\EventTarget-impl.js:233:9[90m)[39m
Error: Uncaught [Error: useCyberpunkNotification must be used within a CyberpunkNotificationProvider]
    at reportException (D:\dowloads\cyberpunk-iptv-crm\node_modules\jsdom\lib\jsdom\living\helpers\runtime-script-errors.js:66:24)
    at innerInvokeEventListeners (D:\dowloads\cyberpunk-iptv-crm\node_modules\jsdom\lib\jsdom\living\events\EventTarget-impl.js:353:9)
    at invokeEventListeners (D:\dowloads\cyberpunk-iptv-crm\node_modules\jsdom\lib\jsdom\living\events\EventTarget-impl.js:286:3)
    at HTMLUnknownElementImpl._dispatch (D:\dowloads\cyberpunk-iptv-crm\node_modules\jsdom\lib\jsdom\living\events\EventTarget-impl.js:233:9)
    at HTMLUnknownElementImpl.dispatchEvent (D:\dowloads\cyberpunk-iptv-crm\node_modules\jsdom\lib\jsdom\living\events\EventTarget-impl.js:104:17)
    at HTMLUnknownElement.dispatchEvent (D:\dowloads\cyberpunk-iptv-crm\node_modules\jsdom\lib\jsdom\living\generated\EventTarget.js:241:34)
    at Object.invokeGuardedCallbackDev (D:\dowloads\cyberpunk-iptv-crm\node_modules\react-dom\cjs\react-dom.development.js:4213:16)
    at invokeGuardedCallback (D:\dowloads\cyberpunk-iptv-crm\node_modules\react-dom\cjs\react-dom.development.js:4277:31)
    at beginWork$1 (D:\dowloads\cyberpunk-iptv-crm\node_modules\react-dom\cjs\react-dom.development.js:27490:7)
    at performUnitOfWork (D:\dowloads\cyberpunk-iptv-crm\node_modules\react-dom\cjs\react-dom.development.js:26599:12) Error: useCyberpunkNotification must be used within a CyberpunkNotificationProvider
    at Module.useCyberpunkNotification [90m(D:\dowloads\cyberpunk-iptv-crm\[39msrc\components\CyberpunkNotification.tsx:376:11[90m)[39m
    at DataProvider [90m(D:\dowloads\cyberpunk-iptv-crm\[39msrc\context\DataContext.tsx:146:31[90m)[39m
    at renderWithHooks [90m(D:\dowloads\cyberpunk-iptv-crm\[39mnode_modules\[4mreact-dom[24m\cjs\react-dom.development.js:15486:18[90m)[39m
    at mountIndeterminateComponent [90m(D:\dowloads\cyberpunk-iptv-crm\[39mnode_modules\[4mreact-dom[24m\cjs\react-dom.development.js:20103:13[90m)[39m
    at beginWork [90m(D:\dowloads\cyberpunk-iptv-crm\[39mnode_modules\[4mreact-dom[24m\cjs\react-dom.development.js:21626:16[90m)[39m
    at HTMLUnknownElement.callCallback [90m(D:\dowloads\cyberpunk-iptv-crm\[39mnode_modules\[4mreact-dom[24m\cjs\react-dom.development.js:4164:14[90m)[39m
    at HTMLUnknownElement.callTheUserObjectsOperation [90m(D:\dowloads\cyberpunk-iptv-crm\[39mnode_modules\[4mjsdom[24m\lib\jsdom\living\generated\EventListener.js:26:30[90m)[39m
    at innerInvokeEventListeners [90m(D:\dowloads\cyberpunk-iptv-crm\[39mnode_modules\[4mjsdom[24m\lib\jsdom\living\events\EventTarget-impl.js:350:25[90m)[39m
    at invokeEventListeners [90m(D:\dowloads\cyberpunk-iptv-crm\[39mnode_modules\[4mjsdom[24m\lib\jsdom\living\events\EventTarget-impl.js:286:3[90m)[39m
    at HTMLUnknownElementImpl._dispatch [90m(D:\dowloads\cyberpunk-iptv-crm\[39mnode_modules\[4mjsdom[24m\lib\jsdom\living\events\EventTarget-impl.js:233:9[90m)[39m
The above error occurred in the <DataProvider> component:

    at DataProvider (D:\dowloads\cyberpunk-iptv-crm\src\context\DataContext.tsx:27:3)

Consider adding an error boundary to your tree to customize error handling behavior.
Visit https://reactjs.org/link/error-boundaries to learn more about error boundaries.

[90mstdout[2m | src/test/CyberClientsList.test.tsx[2m > [22m[2mCyberClientsList[2m > [22m[2mSearch and Filtering[2m > [22m[2mshould filter by payment status
[22m[39mError: Uncaught [Error: useCyberpunkNotification must be used within a CyberpunkNotificationProvider]
    at reportException (D:\dowloads\cyberpunk-iptv-crm\node_modules\jsdom\lib\jsdom\living\helpers\runtime-script-errors.js:66:24)
    at innerInvokeEventListeners (D:\dowloads\cyberpunk-iptv-crm\node_modules\jsdom\lib\jsdom\living\events\EventTarget-impl.js:353:9)
    at invokeEventListeners (D:\dowloads\cyberpunk-iptv-crm\node_modules\jsdom\lib\jsdom\living\events\EventTarget-impl.js:286:3)
    at HTMLUnknownElementImpl._dispatch (D:\dowloads\cyberpunk-iptv-crm\node_modules\jsdom\lib\jsdom\living\events\EventTarget-impl.js:233:9)
    at HTMLUnknownElementImpl.dispatchEvent (D:\dowloads\cyberpunk-iptv-crm\node_modules\jsdom\lib\jsdom\living\events\EventTarget-impl.js:104:17)
    at HTMLUnknownElement.dispatchEvent (D:\dowloads\cyberpunk-iptv-crm\node_modules\jsdom\lib\jsdom\living\generated\EventTarget.js:241:34)
    at Object.invokeGuardedCallbackDev (D:\dowloads\cyberpunk-iptv-crm\node_modules\react-dom\cjs\react-dom.development.js:4213:16)
    at invokeGuardedCallback (D:\dowloads\cyberpunk-iptv-crm\node_modules\react-dom\cjs\react-dom.development.js:4277:31)
    at beginWork$1 (D:\dowloads\cyberpunk-iptv-crm\node_modules\react-dom\cjs\react-dom.development.js:27490:7)
    at performUnitOfWork (D:\dowloads\cyberpunk-iptv-crm\node_modules\react-dom\cjs\react-dom.development.js:26599:12) Error: useCyberpunkNotification must be used within a CyberpunkNotificationProvider
    at Module.useCyberpunkNotification [90m(D:\dowloads\cyberpunk-iptv-crm\[39msrc\components\CyberpunkNotification.tsx:376:11[90m)[39m
    at DataProvider [90m(D:\dowloads\cyberpunk-iptv-crm\[39msrc\context\DataContext.tsx:146:31[90m)[39m
    at renderWithHooks [90m(D:\dowloads\cyberpunk-iptv-crm\[39mnode_modules\[4mreact-dom[24m\cjs\react-dom.development.js:15486:18[90m)[39m
    at mountIndeterminateComponent [90m(D:\dowloads\cyberpunk-iptv-crm\[39mnode_modules\[4mreact-dom[24m\cjs\react-dom.development.js:20103:13[90m)[39m
    at beginWork [90m(D:\dowloads\cyberpunk-iptv-crm\[39mnode_modules\[4mreact-dom[24m\cjs\react-dom.development.js:21626:16[90m)[39m
    at HTMLUnknownElement.callCallback [90m(D:\dowloads\cyberpunk-iptv-crm\[39mnode_modules\[4mreact-dom[24m\cjs\react-dom.development.js:4164:14[90m)[39m
    at HTMLUnknownElement.callTheUserObjectsOperation [90m(D:\dowloads\cyberpunk-iptv-crm\[39mnode_modules\[4mjsdom[24m\lib\jsdom\living\generated\EventListener.js:26:30[90m)[39m
    at innerInvokeEventListeners [90m(D:\dowloads\cyberpunk-iptv-crm\[39mnode_modules\[4mjsdom[24m\lib\jsdom\living\events\EventTarget-impl.js:350:25[90m)[39m
    at invokeEventListeners [90m(D:\dowloads\cyberpunk-iptv-crm\[39mnode_modules\[4mjsdom[24m\lib\jsdom\living\events\EventTarget-impl.js:286:3[90m)[39m
    at HTMLUnknownElementImpl._dispatch [90m(D:\dowloads\cyberpunk-iptv-crm\[39mnode_modules\[4mjsdom[24m\lib\jsdom\living\events\EventTarget-impl.js:233:9[90m)[39m
Error: Uncaught [Error: useCyberpunkNotification must be used within a CyberpunkNotificationProvider]
    at reportException (D:\dowloads\cyberpunk-iptv-crm\node_modules\jsdom\lib\jsdom\living\helpers\runtime-script-errors.js:66:24)
    at innerInvokeEventListeners (D:\dowloads\cyberpunk-iptv-crm\node_modules\jsdom\lib\jsdom\living\events\EventTarget-impl.js:353:9)
    at invokeEventListeners (D:\dowloads\cyberpunk-iptv-crm\node_modules\jsdom\lib\jsdom\living\events\EventTarget-impl.js:286:3)
    at HTMLUnknownElementImpl._dispatch (D:\dowloads\cyberpunk-iptv-crm\node_modules\jsdom\lib\jsdom\living\events\EventTarget-impl.js:233:9)
    at HTMLUnknownElementImpl.dispatchEvent (D:\dowloads\cyberpunk-iptv-crm\node_modules\jsdom\lib\jsdom\living\events\EventTarget-impl.js:104:17)
    at HTMLUnknownElement.dispatchEvent (D:\dowloads\cyberpunk-iptv-crm\node_modules\jsdom\lib\jsdom\living\generated\EventTarget.js:241:34)
    at Object.invokeGuardedCallbackDev (D:\dowloads\cyberpunk-iptv-crm\node_modules\react-dom\cjs\react-dom.development.js:4213:16)
    at invokeGuardedCallback (D:\dowloads\cyberpunk-iptv-crm\node_modules\react-dom\cjs\react-dom.development.js:4277:31)
    at beginWork$1 (D:\dowloads\cyberpunk-iptv-crm\node_modules\react-dom\cjs\react-dom.development.js:27490:7)
    at performUnitOfWork (D:\dowloads\cyberpunk-iptv-crm\node_modules\react-dom\cjs\react-dom.development.js:26599:12) Error: useCyberpunkNotification must be used within a CyberpunkNotificationProvider
    at Module.useCyberpunkNotification [90m(D:\dowloads\cyberpunk-iptv-crm\[39msrc\components\CyberpunkNotification.tsx:376:11[90m)[39m
    at DataProvider [90m(D:\dowloads\cyberpunk-iptv-crm\[39msrc\context\DataContext.tsx:146:31[90m)[39m
    at renderWithHooks [90m(D:\dowloads\cyberpunk-iptv-crm\[39mnode_modules\[4mreact-dom[24m\cjs\react-dom.development.js:15486:18[90m)[39m
    at mountIndeterminateComponent [90m(D:\dowloads\cyberpunk-iptv-crm\[39mnode_modules\[4mreact-dom[24m\cjs\react-dom.development.js:20103:13[90m)[39m
    at beginWork [90m(D:\dowloads\cyberpunk-iptv-crm\[39mnode_modules\[4mreact-dom[24m\cjs\react-dom.development.js:21626:16[90m)[39m
    at HTMLUnknownElement.callCallback [90m(D:\dowloads\cyberpunk-iptv-crm\[39mnode_modules\[4mreact-dom[24m\cjs\react-dom.development.js:4164:14[90m)[39m
    at HTMLUnknownElement.callTheUserObjectsOperation [90m(D:\dowloads\cyberpunk-iptv-crm\[39mnode_modules\[4mjsdom[24m\lib\jsdom\living\generated\EventListener.js:26:30[90m)[39m
    at innerInvokeEventListeners [90m(D:\dowloads\cyberpunk-iptv-crm\[39mnode_modules\[4mjsdom[24m\lib\jsdom\living\events\EventTarget-impl.js:350:25[90m)[39m
    at invokeEventListeners [90m(D:\dowloads\cyberpunk-iptv-crm\[39mnode_modules\[4mjsdom[24m\lib\jsdom\living\events\EventTarget-impl.js:286:3[90m)[39m
    at HTMLUnknownElementImpl._dispatch [90m(D:\dowloads\cyberpunk-iptv-crm\[39mnode_modules\[4mjsdom[24m\lib\jsdom\living\events\EventTarget-impl.js:233:9[90m)[39m
The above error occurred in the <DataProvider> component:

    at DataProvider (D:\dowloads\cyberpunk-iptv-crm\src\context\DataContext.tsx:27:3)

Consider adding an error boundary to your tree to customize error handling behavior.
Visit https://reactjs.org/link/error-boundaries to learn more about error boundaries.

[90mstdout[2m | src/test/CyberClientsList.test.tsx[2m > [22m[2mCyberClientsList[2m > [22m[2mSearch and Filtering[2m > [22m[2mshould show clients expiring within 7 days
[22m[39mError: Uncaught [Error: useCyberpunkNotification must be used within a CyberpunkNotificationProvider]
    at reportException (D:\dowloads\cyberpunk-iptv-crm\node_modules\jsdom\lib\jsdom\living\helpers\runtime-script-errors.js:66:24)
    at innerInvokeEventListeners (D:\dowloads\cyberpunk-iptv-crm\node_modules\jsdom\lib\jsdom\living\events\EventTarget-impl.js:353:9)
    at invokeEventListeners (D:\dowloads\cyberpunk-iptv-crm\node_modules\jsdom\lib\jsdom\living\events\EventTarget-impl.js:286:3)
    at HTMLUnknownElementImpl._dispatch (D:\dowloads\cyberpunk-iptv-crm\node_modules\jsdom\lib\jsdom\living\events\EventTarget-impl.js:233:9)
    at HTMLUnknownElementImpl.dispatchEvent (D:\dowloads\cyberpunk-iptv-crm\node_modules\jsdom\lib\jsdom\living\events\EventTarget-impl.js:104:17)
    at HTMLUnknownElement.dispatchEvent (D:\dowloads\cyberpunk-iptv-crm\node_modules\jsdom\lib\jsdom\living\generated\EventTarget.js:241:34)
    at Object.invokeGuardedCallbackDev (D:\dowloads\cyberpunk-iptv-crm\node_modules\react-dom\cjs\react-dom.development.js:4213:16)
    at invokeGuardedCallback (D:\dowloads\cyberpunk-iptv-crm\node_modules\react-dom\cjs\react-dom.development.js:4277:31)
    at beginWork$1 (D:\dowloads\cyberpunk-iptv-crm\node_modules\react-dom\cjs\react-dom.development.js:27490:7)
    at performUnitOfWork (D:\dowloads\cyberpunk-iptv-crm\node_modules\react-dom\cjs\react-dom.development.js:26599:12) Error: useCyberpunkNotification must be used within a CyberpunkNotificationProvider
    at Module.useCyberpunkNotification [90m(D:\dowloads\cyberpunk-iptv-crm\[39msrc\components\CyberpunkNotification.tsx:376:11[90m)[39m
    at DataProvider [90m(D:\dowloads\cyberpunk-iptv-crm\[39msrc\context\DataContext.tsx:146:31[90m)[39m
    at renderWithHooks [90m(D:\dowloads\cyberpunk-iptv-crm\[39mnode_modules\[4mreact-dom[24m\cjs\react-dom.development.js:15486:18[90m)[39m
    at mountIndeterminateComponent [90m(D:\dowloads\cyberpunk-iptv-crm\[39mnode_modules\[4mreact-dom[24m\cjs\react-dom.development.js:20103:13[90m)[39m
    at beginWork [90m(D:\dowloads\cyberpunk-iptv-crm\[39mnode_modules\[4mreact-dom[24m\cjs\react-dom.development.js:21626:16[90m)[39m
    at HTMLUnknownElement.callCallback [90m(D:\dowloads\cyberpunk-iptv-crm\[39mnode_modules\[4mreact-dom[24m\cjs\react-dom.development.js:4164:14[90m)[39m
    at HTMLUnknownElement.callTheUserObjectsOperation [90m(D:\dowloads\cyberpunk-iptv-crm\[39mnode_modules\[4mjsdom[24m\lib\jsdom\living\generated\EventListener.js:26:30[90m)[39m
    at innerInvokeEventListeners [90m(D:\dowloads\cyberpunk-iptv-crm\[39mnode_modules\[4mjsdom[24m\lib\jsdom\living\events\EventTarget-impl.js:350:25[90m)[39m
    at invokeEventListeners [90m(D:\dowloads\cyberpunk-iptv-crm\[39mnode_modules\[4mjsdom[24m\lib\jsdom\living\events\EventTarget-impl.js:286:3[90m)[39m
    at HTMLUnknownElementImpl._dispatch [90m(D:\dowloads\cyberpunk-iptv-crm\[39mnode_modules\[4mjsdom[24m\lib\jsdom\living\events\EventTarget-impl.js:233:9[90m)[39m
Error: Uncaught [Error: useCyberpunkNotification must be used within a CyberpunkNotificationProvider]
    at reportException (D:\dowloads\cyberpunk-iptv-crm\node_modules\jsdom\lib\jsdom\living\helpers\runtime-script-errors.js:66:24)
    at innerInvokeEventListeners (D:\dowloads\cyberpunk-iptv-crm\node_modules\jsdom\lib\jsdom\living\events\EventTarget-impl.js:353:9)
    at invokeEventListeners (D:\dowloads\cyberpunk-iptv-crm\node_modules\jsdom\lib\jsdom\living\events\EventTarget-impl.js:286:3)
    at HTMLUnknownElementImpl._dispatch (D:\dowloads\cyberpunk-iptv-crm\node_modules\jsdom\lib\jsdom\living\events\EventTarget-impl.js:233:9)
    at HTMLUnknownElementImpl.dispatchEvent (D:\dowloads\cyberpunk-iptv-crm\node_modules\jsdom\lib\jsdom\living\events\EventTarget-impl.js:104:17)
    at HTMLUnknownElement.dispatchEvent (D:\dowloads\cyberpunk-iptv-crm\node_modules\jsdom\lib\jsdom\living\generated\EventTarget.js:241:34)
    at Object.invokeGuardedCallbackDev (D:\dowloads\cyberpunk-iptv-crm\node_modules\react-dom\cjs\react-dom.development.js:4213:16)
    at invokeGuardedCallback (D:\dowloads\cyberpunk-iptv-crm\node_modules\react-dom\cjs\react-dom.development.js:4277:31)
    at beginWork$1 (D:\dowloads\cyberpunk-iptv-crm\node_modules\react-dom\cjs\react-dom.development.js:27490:7)
    at performUnitOfWork (D:\dowloads\cyberpunk-iptv-crm\node_modules\react-dom\cjs\react-dom.development.js:26599:12) Error: useCyberpunkNotification must be used within a CyberpunkNotificationProvider
    at Module.useCyberpunkNotification [90m(D:\dowloads\cyberpunk-iptv-crm\[39msrc\components\CyberpunkNotification.tsx:376:11[90m)[39m
    at DataProvider [90m(D:\dowloads\cyberpunk-iptv-crm\[39msrc\context\DataContext.tsx:146:31[90m)[39m
    at renderWithHooks [90m(D:\dowloads\cyberpunk-iptv-crm\[39mnode_modules\[4mreact-dom[24m\cjs\react-dom.development.js:15486:18[90m)[39m
    at mountIndeterminateComponent [90m(D:\dowloads\cyberpunk-iptv-crm\[39mnode_modules\[4mreact-dom[24m\cjs\react-dom.development.js:20103:13[90m)[39m
    at beginWork [90m(D:\dowloads\cyberpunk-iptv-crm\[39mnode_modules\[4mreact-dom[24m\cjs\react-dom.development.js:21626:16[90m)[39m
    at HTMLUnknownElement.callCallback [90m(D:\dowloads\cyberpunk-iptv-crm\[39mnode_modules\[4mreact-dom[24m\cjs\react-dom.development.js:4164:14[90m)[39m
    at HTMLUnknownElement.callTheUserObjectsOperation [90m(D:\dowloads\cyberpunk-iptv-crm\[39mnode_modules\[4mjsdom[24m\lib\jsdom\living\generated\EventListener.js:26:30[90m)[39m
    at innerInvokeEventListeners [90m(D:\dowloads\cyberpunk-iptv-crm\[39mnode_modules\[4mjsdom[24m\lib\jsdom\living\events\EventTarget-impl.js:350:25[90m)[39m
    at invokeEventListeners [90m(D:\dowloads\cyberpunk-iptv-crm\[39mnode_modules\[4mjsdom[24m\lib\jsdom\living\events\EventTarget-impl.js:286:3[90m)[39m
    at HTMLUnknownElementImpl._dispatch [90m(D:\dowloads\cyberpunk-iptv-crm\[39mnode_modules\[4mjsdom[24m\lib\jsdom\living\events\EventTarget-impl.js:233:9[90m)[39m
The above error occurred in the <DataProvider> component:

    at DataProvider (D:\dowloads\cyberpunk-iptv-crm\src\context\DataContext.tsx:27:3)

Consider adding an error boundary to your tree to customize error handling behavior.
Visit https://reactjs.org/link/error-boundaries to learn more about error boundaries.

[90mstdout[2m | src/test/CyberClientsList.test.tsx[2m > [22m[2mCyberClientsList[2m > [22m[2mClient Actions[2m > [22m[2mshould open edit modal when edit button is clicked
[22m[39mError: Uncaught [Error: useCyberpunkNotification must be used within a CyberpunkNotificationProvider]
    at reportException (D:\dowloads\cyberpunk-iptv-crm\node_modules\jsdom\lib\jsdom\living\helpers\runtime-script-errors.js:66:24)
    at innerInvokeEventListeners (D:\dowloads\cyberpunk-iptv-crm\node_modules\jsdom\lib\jsdom\living\events\EventTarget-impl.js:353:9)
    at invokeEventListeners (D:\dowloads\cyberpunk-iptv-crm\node_modules\jsdom\lib\jsdom\living\events\EventTarget-impl.js:286:3)
    at HTMLUnknownElementImpl._dispatch (D:\dowloads\cyberpunk-iptv-crm\node_modules\jsdom\lib\jsdom\living\events\EventTarget-impl.js:233:9)
    at HTMLUnknownElementImpl.dispatchEvent (D:\dowloads\cyberpunk-iptv-crm\node_modules\jsdom\lib\jsdom\living\events\EventTarget-impl.js:104:17)
    at HTMLUnknownElement.dispatchEvent (D:\dowloads\cyberpunk-iptv-crm\node_modules\jsdom\lib\jsdom\living\generated\EventTarget.js:241:34)
    at Object.invokeGuardedCallbackDev (D:\dowloads\cyberpunk-iptv-crm\node_modules\react-dom\cjs\react-dom.development.js:4213:16)
    at invokeGuardedCallback (D:\dowloads\cyberpunk-iptv-crm\node_modules\react-dom\cjs\react-dom.development.js:4277:31)
    at beginWork$1 (D:\dowloads\cyberpunk-iptv-crm\node_modules\react-dom\cjs\react-dom.development.js:27490:7)
    at performUnitOfWork (D:\dowloads\cyberpunk-iptv-crm\node_modules\react-dom\cjs\react-dom.development.js:26599:12) Error: useCyberpunkNotification must be used within a CyberpunkNotificationProvider
    at Module.useCyberpunkNotification [90m(D:\dowloads\cyberpunk-iptv-crm\[39msrc\components\CyberpunkNotification.tsx:376:11[90m)[39m
    at DataProvider [90m(D:\dowloads\cyberpunk-iptv-crm\[39msrc\context\DataContext.tsx:146:31[90m)[39m
    at renderWithHooks [90m(D:\dowloads\cyberpunk-iptv-crm\[39mnode_modules\[4mreact-dom[24m\cjs\react-dom.development.js:15486:18[90m)[39m
    at mountIndeterminateComponent [90m(D:\dowloads\cyberpunk-iptv-crm\[39mnode_modules\[4mreact-dom[24m\cjs\react-dom.development.js:20103:13[90m)[39m
    at beginWork [90m(D:\dowloads\cyberpunk-iptv-crm\[39mnode_modules\[4mreact-dom[24m\cjs\react-dom.development.js:21626:16[90m)[39m
    at HTMLUnknownElement.callCallback [90m(D:\dowloads\cyberpunk-iptv-crm\[39mnode_modules\[4mreact-dom[24m\cjs\react-dom.development.js:4164:14[90m)[39m
    at HTMLUnknownElement.callTheUserObjectsOperation [90m(D:\dowloads\cyberpunk-iptv-crm\[39mnode_modules\[4mjsdom[24m\lib\jsdom\living\generated\EventListener.js:26:30[90m)[39m
    at innerInvokeEventListeners [90m(D:\dowloads\cyberpunk-iptv-crm\[39mnode_modules\[4mjsdom[24m\lib\jsdom\living\events\EventTarget-impl.js:350:25[90m)[39m
    at invokeEventListeners [90m(D:\dowloads\cyberpunk-iptv-crm\[39mnode_modules\[4mjsdom[24m\lib\jsdom\living\events\EventTarget-impl.js:286:3[90m)[39m
    at HTMLUnknownElementImpl._dispatch [90m(D:\dowloads\cyberpunk-iptv-crm\[39mnode_modules\[4mjsdom[24m\lib\jsdom\living\events\EventTarget-impl.js:233:9[90m)[39m
Error: Uncaught [Error: useCyberpunkNotification must be used within a CyberpunkNotificationProvider]
    at reportException (D:\dowloads\cyberpunk-iptv-crm\node_modules\jsdom\lib\jsdom\living\helpers\runtime-script-errors.js:66:24)
    at innerInvokeEventListeners (D:\dowloads\cyberpunk-iptv-crm\node_modules\jsdom\lib\jsdom\living\events\EventTarget-impl.js:353:9)
    at invokeEventListeners (D:\dowloads\cyberpunk-iptv-crm\node_modules\jsdom\lib\jsdom\living\events\EventTarget-impl.js:286:3)
    at HTMLUnknownElementImpl._dispatch (D:\dowloads\cyberpunk-iptv-crm\node_modules\jsdom\lib\jsdom\living\events\EventTarget-impl.js:233:9)
    at HTMLUnknownElementImpl.dispatchEvent (D:\dowloads\cyberpunk-iptv-crm\node_modules\jsdom\lib\jsdom\living\events\EventTarget-impl.js:104:17)
    at HTMLUnknownElement.dispatchEvent (D:\dowloads\cyberpunk-iptv-crm\node_modules\jsdom\lib\jsdom\living\generated\EventTarget.js:241:34)
    at Object.invokeGuardedCallbackDev (D:\dowloads\cyberpunk-iptv-crm\node_modules\react-dom\cjs\react-dom.development.js:4213:16)
    at invokeGuardedCallback (D:\dowloads\cyberpunk-iptv-crm\node_modules\react-dom\cjs\react-dom.development.js:4277:31)
    at beginWork$1 (D:\dowloads\cyberpunk-iptv-crm\node_modules\react-dom\cjs\react-dom.development.js:27490:7)
    at performUnitOfWork (D:\dowloads\cyberpunk-iptv-crm\node_modules\react-dom\cjs\react-dom.development.js:26599:12) Error: useCyberpunkNotification must be used within a CyberpunkNotificationProvider
    at Module.useCyberpunkNotification [90m(D:\dowloads\cyberpunk-iptv-crm\[39msrc\components\CyberpunkNotification.tsx:376:11[90m)[39m
    at DataProvider [90m(D:\dowloads\cyberpunk-iptv-crm\[39msrc\context\DataContext.tsx:146:31[90m)[39m
    at renderWithHooks [90m(D:\dowloads\cyberpunk-iptv-crm\[39mnode_modules\[4mreact-dom[24m\cjs\react-dom.development.js:15486:18[90m)[39m
    at mountIndeterminateComponent [90m(D:\dowloads\cyberpunk-iptv-crm\[39mnode_modules\[4mreact-dom[24m\cjs\react-dom.development.js:20103:13[90m)[39m
    at beginWork [90m(D:\dowloads\cyberpunk-iptv-crm\[39mnode_modules\[4mreact-dom[24m\cjs\react-dom.development.js:21626:16[90m)[39m
    at HTMLUnknownElement.callCallback [90m(D:\dowloads\cyberpunk-iptv-crm\[39mnode_modules\[4mreact-dom[24m\cjs\react-dom.development.js:4164:14[90m)[39m
    at HTMLUnknownElement.callTheUserObjectsOperation [90m(D:\dowloads\cyberpunk-iptv-crm\[39mnode_modules\[4mjsdom[24m\lib\jsdom\living\generated\EventListener.js:26:30[90m)[39m
    at innerInvokeEventListeners [90m(D:\dowloads\cyberpunk-iptv-crm\[39mnode_modules\[4mjsdom[24m\lib\jsdom\living\events\EventTarget-impl.js:350:25[90m)[39m
    at invokeEventListeners [90m(D:\dowloads\cyberpunk-iptv-crm\[39mnode_modules\[4mjsdom[24m\lib\jsdom\living\events\EventTarget-impl.js:286:3[90m)[39m
    at HTMLUnknownElementImpl._dispatch [90m(D:\dowloads\cyberpunk-iptv-crm\[39mnode_modules\[4mjsdom[24m\lib\jsdom\living\events\EventTarget-impl.js:233:9[90m)[39m
The above error occurred in the <DataProvider> component:

    at DataProvider (D:\dowloads\cyberpunk-iptv-crm\src\context\DataContext.tsx:27:3)

Consider adding an error boundary to your tree to customize error handling behavior.
Visit https://reactjs.org/link/error-boundaries to learn more about error boundaries.

[90mstdout[2m | src/test/CyberClientsList.test.tsx[2m > [22m[2mCyberClientsList[2m > [22m[2mClient Actions[2m > [22m[2mshould show confirmation dialog when delete button is clicked
[22m[39mError: Uncaught [Error: useCyberpunkNotification must be used within a CyberpunkNotificationProvider]
    at reportException (D:\dowloads\cyberpunk-iptv-crm\node_modules\jsdom\lib\jsdom\living\helpers\runtime-script-errors.js:66:24)
    at innerInvokeEventListeners (D:\dowloads\cyberpunk-iptv-crm\node_modules\jsdom\lib\jsdom\living\events\EventTarget-impl.js:353:9)
    at invokeEventListeners (D:\dowloads\cyberpunk-iptv-crm\node_modules\jsdom\lib\jsdom\living\events\EventTarget-impl.js:286:3)
    at HTMLUnknownElementImpl._dispatch (D:\dowloads\cyberpunk-iptv-crm\node_modules\jsdom\lib\jsdom\living\events\EventTarget-impl.js:233:9)
    at HTMLUnknownElementImpl.dispatchEvent (D:\dowloads\cyberpunk-iptv-crm\node_modules\jsdom\lib\jsdom\living\events\EventTarget-impl.js:104:17)
    at HTMLUnknownElement.dispatchEvent (D:\dowloads\cyberpunk-iptv-crm\node_modules\jsdom\lib\jsdom\living\generated\EventTarget.js:241:34)
    at Object.invokeGuardedCallbackDev (D:\dowloads\cyberpunk-iptv-crm\node_modules\react-dom\cjs\react-dom.development.js:4213:16)
    at invokeGuardedCallback (D:\dowloads\cyberpunk-iptv-crm\node_modules\react-dom\cjs\react-dom.development.js:4277:31)
    at beginWork$1 (D:\dowloads\cyberpunk-iptv-crm\node_modules\react-dom\cjs\react-dom.development.js:27490:7)
    at performUnitOfWork (D:\dowloads\cyberpunk-iptv-crm\node_modules\react-dom\cjs\react-dom.development.js:26599:12) Error: useCyberpunkNotification must be used within a CyberpunkNotificationProvider
    at Module.useCyberpunkNotification [90m(D:\dowloads\cyberpunk-iptv-crm\[39msrc\components\CyberpunkNotification.tsx:376:11[90m)[39m
    at DataProvider [90m(D:\dowloads\cyberpunk-iptv-crm\[39msrc\context\DataContext.tsx:146:31[90m)[39m
    at renderWithHooks [90m(D:\dowloads\cyberpunk-iptv-crm\[39mnode_modules\[4mreact-dom[24m\cjs\react-dom.development.js:15486:18[90m)[39m
    at mountIndeterminateComponent [90m(D:\dowloads\cyberpunk-iptv-crm\[39mnode_modules\[4mreact-dom[24m\cjs\react-dom.development.js:20103:13[90m)[39m
    at beginWork [90m(D:\dowloads\cyberpunk-iptv-crm\[39mnode_modules\[4mreact-dom[24m\cjs\react-dom.development.js:21626:16[90m)[39m
    at HTMLUnknownElement.callCallback [90m(D:\dowloads\cyberpunk-iptv-crm\[39mnode_modules\[4mreact-dom[24m\cjs\react-dom.development.js:4164:14[90m)[39m
    at HTMLUnknownElement.callTheUserObjectsOperation [90m(D:\dowloads\cyberpunk-iptv-crm\[39mnode_modules\[4mjsdom[24m\lib\jsdom\living\generated\EventListener.js:26:30[90m)[39m
    at innerInvokeEventListeners [90m(D:\dowloads\cyberpunk-iptv-crm\[39mnode_modules\[4mjsdom[24m\lib\jsdom\living\events\EventTarget-impl.js:350:25[90m)[39m
    at invokeEventListeners [90m(D:\dowloads\cyberpunk-iptv-crm\[39mnode_modules\[4mjsdom[24m\lib\jsdom\living\events\EventTarget-impl.js:286:3[90m)[39m
    at HTMLUnknownElementImpl._dispatch [90m(D:\dowloads\cyberpunk-iptv-crm\[39mnode_modules\[4mjsdom[24m\lib\jsdom\living\events\EventTarget-impl.js:233:9[90m)[39m
Error: Uncaught [Error: useCyberpunkNotification must be used within a CyberpunkNotificationProvider]
    at reportException (D:\dowloads\cyberpunk-iptv-crm\node_modules\jsdom\lib\jsdom\living\helpers\runtime-script-errors.js:66:24)
    at innerInvokeEventListeners (D:\dowloads\cyberpunk-iptv-crm\node_modules\jsdom\lib\jsdom\living\events\EventTarget-impl.js:353:9)
    at invokeEventListeners (D:\dowloads\cyberpunk-iptv-crm\node_modules\jsdom\lib\jsdom\living\events\EventTarget-impl.js:286:3)
    at HTMLUnknownElementImpl._dispatch (D:\dowloads\cyberpunk-iptv-crm\node_modules\jsdom\lib\jsdom\living\events\EventTarget-impl.js:233:9)
    at HTMLUnknownElementImpl.dispatchEvent (D:\dowloads\cyberpunk-iptv-crm\node_modules\jsdom\lib\jsdom\living\events\EventTarget-impl.js:104:17)
    at HTMLUnknownElement.dispatchEvent (D:\dowloads\cyberpunk-iptv-crm\node_modules\jsdom\lib\jsdom\living\generated\EventTarget.js:241:34)
    at Object.invokeGuardedCallbackDev (D:\dowloads\cyberpunk-iptv-crm\node_modules\react-dom\cjs\react-dom.development.js:4213:16)
    at invokeGuardedCallback (D:\dowloads\cyberpunk-iptv-crm\node_modules\react-dom\cjs\react-dom.development.js:4277:31)
    at beginWork$1 (D:\dowloads\cyberpunk-iptv-crm\node_modules\react-dom\cjs\react-dom.development.js:27490:7)
    at performUnitOfWork (D:\dowloads\cyberpunk-iptv-crm\node_modules\react-dom\cjs\react-dom.development.js:26599:12) Error: useCyberpunkNotification must be used within a CyberpunkNotificationProvider
    at Module.useCyberpunkNotification [90m(D:\dowloads\cyberpunk-iptv-crm\[39msrc\components\CyberpunkNotification.tsx:376:11[90m)[39m
    at DataProvider [90m(D:\dowloads\cyberpunk-iptv-crm\[39msrc\context\DataContext.tsx:146:31[90m)[39m
    at renderWithHooks [90m(D:\dowloads\cyberpunk-iptv-crm\[39mnode_modules\[4mreact-dom[24m\cjs\react-dom.development.js:15486:18[90m)[39m
    at mountIndeterminateComponent [90m(D:\dowloads\cyberpunk-iptv-crm\[39mnode_modules\[4mreact-dom[24m\cjs\react-dom.development.js:20103:13[90m)[39m
    at beginWork [90m(D:\dowloads\cyberpunk-iptv-crm\[39mnode_modules\[4mreact-dom[24m\cjs\react-dom.development.js:21626:16[90m)[39m
    at HTMLUnknownElement.callCallback [90m(D:\dowloads\cyberpunk-iptv-crm\[39mnode_modules\[4mreact-dom[24m\cjs\react-dom.development.js:4164:14[90m)[39m
    at HTMLUnknownElement.callTheUserObjectsOperation [90m(D:\dowloads\cyberpunk-iptv-crm\[39mnode_modules\[4mjsdom[24m\lib\jsdom\living\generated\EventListener.js:26:30[90m)[39m
    at innerInvokeEventListeners [90m(D:\dowloads\cyberpunk-iptv-crm\[39mnode_modules\[4mjsdom[24m\lib\jsdom\living\events\EventTarget-impl.js:350:25[90m)[39m
    at invokeEventListeners [90m(D:\dowloads\cyberpunk-iptv-crm\[39mnode_modules\[4mjsdom[24m\lib\jsdom\living\events\EventTarget-impl.js:286:3[90m)[39m
    at HTMLUnknownElementImpl._dispatch [90m(D:\dowloads\cyberpunk-iptv-crm\[39mnode_modules\[4mjsdom[24m\lib\jsdom\living\events\EventTarget-impl.js:233:9[90m)[39m
The above error occurred in the <DataProvider> component:

    at DataProvider (D:\dowloads\cyberpunk-iptv-crm\src\context\DataContext.tsx:27:3)

Consider adding an error boundary to your tree to customize error handling behavior.
Visit https://reactjs.org/link/error-boundaries to learn more about error boundaries.

[90mstdout[2m | src/test/CyberClientsList.test.tsx[2m > [22m[2mCyberClientsList[2m > [22m[2mClient Actions[2m > [22m[2mshould cancel deletion when cancel button is clicked
[22m[39mError: Uncaught [Error: useCyberpunkNotification must be used within a CyberpunkNotificationProvider]
    at reportException (D:\dowloads\cyberpunk-iptv-crm\node_modules\jsdom\lib\jsdom\living\helpers\runtime-script-errors.js:66:24)
    at innerInvokeEventListeners (D:\dowloads\cyberpunk-iptv-crm\node_modules\jsdom\lib\jsdom\living\events\EventTarget-impl.js:353:9)
    at invokeEventListeners (D:\dowloads\cyberpunk-iptv-crm\node_modules\jsdom\lib\jsdom\living\events\EventTarget-impl.js:286:3)
    at HTMLUnknownElementImpl._dispatch (D:\dowloads\cyberpunk-iptv-crm\node_modules\jsdom\lib\jsdom\living\events\EventTarget-impl.js:233:9)
    at HTMLUnknownElementImpl.dispatchEvent (D:\dowloads\cyberpunk-iptv-crm\node_modules\jsdom\lib\jsdom\living\events\EventTarget-impl.js:104:17)
    at HTMLUnknownElement.dispatchEvent (D:\dowloads\cyberpunk-iptv-crm\node_modules\jsdom\lib\jsdom\living\generated\EventTarget.js:241:34)
    at Object.invokeGuardedCallbackDev (D:\dowloads\cyberpunk-iptv-crm\node_modules\react-dom\cjs\react-dom.development.js:4213:16)
    at invokeGuardedCallback (D:\dowloads\cyberpunk-iptv-crm\node_modules\react-dom\cjs\react-dom.development.js:4277:31)
    at beginWork$1 (D:\dowloads\cyberpunk-iptv-crm\node_modules\react-dom\cjs\react-dom.development.js:27490:7)
    at performUnitOfWork (D:\dowloads\cyberpunk-iptv-crm\node_modules\react-dom\cjs\react-dom.development.js:26599:12) Error: useCyberpunkNotification must be used within a CyberpunkNotificationProvider
    at Module.useCyberpunkNotification [90m(D:\dowloads\cyberpunk-iptv-crm\[39msrc\components\CyberpunkNotification.tsx:376:11[90m)[39m
    at DataProvider [90m(D:\dowloads\cyberpunk-iptv-crm\[39msrc\context\DataContext.tsx:146:31[90m)[39m
    at renderWithHooks [90m(D:\dowloads\cyberpunk-iptv-crm\[39mnode_modules\[4mreact-dom[24m\cjs\react-dom.development.js:15486:18[90m)[39m
    at mountIndeterminateComponent [90m(D:\dowloads\cyberpunk-iptv-crm\[39mnode_modules\[4mreact-dom[24m\cjs\react-dom.development.js:20103:13[90m)[39m
    at beginWork [90m(D:\dowloads\cyberpunk-iptv-crm\[39mnode_modules\[4mreact-dom[24m\cjs\react-dom.development.js:21626:16[90m)[39m
    at HTMLUnknownElement.callCallback [90m(D:\dowloads\cyberpunk-iptv-crm\[39mnode_modules\[4mreact-dom[24m\cjs\react-dom.development.js:4164:14[90m)[39m
    at HTMLUnknownElement.callTheUserObjectsOperation [90m(D:\dowloads\cyberpunk-iptv-crm\[39mnode_modules\[4mjsdom[24m\lib\jsdom\living\generated\EventListener.js:26:30[90m)[39m
    at innerInvokeEventListeners [90m(D:\dowloads\cyberpunk-iptv-crm\[39mnode_modules\[4mjsdom[24m\lib\jsdom\living\events\EventTarget-impl.js:350:25[90m)[39m
    at invokeEventListeners [90m(D:\dowloads\cyberpunk-iptv-crm\[39mnode_modules\[4mjsdom[24m\lib\jsdom\living\events\EventTarget-impl.js:286:3[90m)[39m
    at HTMLUnknownElementImpl._dispatch [90m(D:\dowloads\cyberpunk-iptv-crm\[39mnode_modules\[4mjsdom[24m\lib\jsdom\living\events\EventTarget-impl.js:233:9[90m)[39m
Error: Uncaught [Error: useCyberpunkNotification must be used within a CyberpunkNotificationProvider]
    at reportException (D:\dowloads\cyberpunk-iptv-crm\node_modules\jsdom\lib\jsdom\living\helpers\runtime-script-errors.js:66:24)
    at innerInvokeEventListeners (D:\dowloads\cyberpunk-iptv-crm\node_modules\jsdom\lib\jsdom\living\events\EventTarget-impl.js:353:9)
    at invokeEventListeners (D:\dowloads\cyberpunk-iptv-crm\node_modules\jsdom\lib\jsdom\living\events\EventTarget-impl.js:286:3)
    at HTMLUnknownElementImpl._dispatch (D:\dowloads\cyberpunk-iptv-crm\node_modules\jsdom\lib\jsdom\living\events\EventTarget-impl.js:233:9)
    at HTMLUnknownElementImpl.dispatchEvent (D:\dowloads\cyberpunk-iptv-crm\node_modules\jsdom\lib\jsdom\living\events\EventTarget-impl.js:104:17)
    at HTMLUnknownElement.dispatchEvent (D:\dowloads\cyberpunk-iptv-crm\node_modules\jsdom\lib\jsdom\living\generated\EventTarget.js:241:34)
    at Object.invokeGuardedCallbackDev (D:\dowloads\cyberpunk-iptv-crm\node_modules\react-dom\cjs\react-dom.development.js:4213:16)
    at invokeGuardedCallback (D:\dowloads\cyberpunk-iptv-crm\node_modules\react-dom\cjs\react-dom.development.js:4277:31)
    at beginWork$1 (D:\dowloads\cyberpunk-iptv-crm\node_modules\react-dom\cjs\react-dom.development.js:27490:7)
    at performUnitOfWork (D:\dowloads\cyberpunk-iptv-crm\node_modules\react-dom\cjs\react-dom.development.js:26599:12) Error: useCyberpunkNotification must be used within a CyberpunkNotificationProvider
    at Module.useCyberpunkNotification [90m(D:\dowloads\cyberpunk-iptv-crm\[39msrc\components\CyberpunkNotification.tsx:376:11[90m)[39m
    at DataProvider [90m(D:\dowloads\cyberpunk-iptv-crm\[39msrc\context\DataContext.tsx:146:31[90m)[39m
    at renderWithHooks [90m(D:\dowloads\cyberpunk-iptv-crm\[39mnode_modules\[4mreact-dom[24m\cjs\react-dom.development.js:15486:18[90m)[39m
    at mountIndeterminateComponent [90m(D:\dowloads\cyberpunk-iptv-crm\[39mnode_modules\[4mreact-dom[24m\cjs\react-dom.development.js:20103:13[90m)[39m
    at beginWork [90m(D:\dowloads\cyberpunk-iptv-crm\[39mnode_modules\[4mreact-dom[24m\cjs\react-dom.development.js:21626:16[90m)[39m
    at HTMLUnknownElement.callCallback [90m(D:\dowloads\cyberpunk-iptv-crm\[39mnode_modules\[4mreact-dom[24m\cjs\react-dom.development.js:4164:14[90m)[39m
    at HTMLUnknownElement.callTheUserObjectsOperation [90m(D:\dowloads\cyberpunk-iptv-crm\[39mnode_modules\[4mjsdom[24m\lib\jsdom\living\generated\EventListener.js:26:30[90m)[39m
    at innerInvokeEventListeners [90m(D:\dowloads\cyberpunk-iptv-crm\[39mnode_modules\[4mjsdom[24m\lib\jsdom\living\events\EventTarget-impl.js:350:25[90m)[39m
    at invokeEventListeners [90m(D:\dowloads\cyberpunk-iptv-crm\[39mnode_modules\[4mjsdom[24m\lib\jsdom\living\events\EventTarget-impl.js:286:3[90m)[39m
    at HTMLUnknownElementImpl._dispatch [90m(D:\dowloads\cyberpunk-iptv-crm\[39mnode_modules\[4mjsdom[24m\lib\jsdom\living\events\EventTarget-impl.js:233:9[90m)[39m
The above error occurred in the <DataProvider> component:

    at DataProvider (D:\dowloads\cyberpunk-iptv-crm\src\context\DataContext.tsx:27:3)

Consider adding an error boundary to your tree to customize error handling behavior.
Visit https://reactjs.org/link/error-boundaries to learn more about error boundaries.

[90mstdout[2m | src/test/CyberClientsList.test.tsx[2m > [22m[2mCyberClientsList[2m > [22m[2mAdd New Client[2m > [22m[2mshould open add client modal when add button is clicked
[22m[39mError: Uncaught [Error: useCyberpunkNotification must be used within a CyberpunkNotificationProvider]
    at reportException (D:\dowloads\cyberpunk-iptv-crm\node_modules\jsdom\lib\jsdom\living\helpers\runtime-script-errors.js:66:24)
    at innerInvokeEventListeners (D:\dowloads\cyberpunk-iptv-crm\node_modules\jsdom\lib\jsdom\living\events\EventTarget-impl.js:353:9)
    at invokeEventListeners (D:\dowloads\cyberpunk-iptv-crm\node_modules\jsdom\lib\jsdom\living\events\EventTarget-impl.js:286:3)
    at HTMLUnknownElementImpl._dispatch (D:\dowloads\cyberpunk-iptv-crm\node_modules\jsdom\lib\jsdom\living\events\EventTarget-impl.js:233:9)
    at HTMLUnknownElementImpl.dispatchEvent (D:\dowloads\cyberpunk-iptv-crm\node_modules\jsdom\lib\jsdom\living\events\EventTarget-impl.js:104:17)
    at HTMLUnknownElement.dispatchEvent (D:\dowloads\cyberpunk-iptv-crm\node_modules\jsdom\lib\jsdom\living\generated\EventTarget.js:241:34)
    at Object.invokeGuardedCallbackDev (D:\dowloads\cyberpunk-iptv-crm\node_modules\react-dom\cjs\react-dom.development.js:4213:16)
    at invokeGuardedCallback (D:\dowloads\cyberpunk-iptv-crm\node_modules\react-dom\cjs\react-dom.development.js:4277:31)
    at beginWork$1 (D:\dowloads\cyberpunk-iptv-crm\node_modules\react-dom\cjs\react-dom.development.js:27490:7)
    at performUnitOfWork (D:\dowloads\cyberpunk-iptv-crm\node_modules\react-dom\cjs\react-dom.development.js:26599:12) Error: useCyberpunkNotification must be used within a CyberpunkNotificationProvider
    at Module.useCyberpunkNotification [90m(D:\dowloads\cyberpunk-iptv-crm\[39msrc\components\CyberpunkNotification.tsx:376:11[90m)[39m
    at DataProvider [90m(D:\dowloads\cyberpunk-iptv-crm\[39msrc\context\DataContext.tsx:146:31[90m)[39m
    at renderWithHooks [90m(D:\dowloads\cyberpunk-iptv-crm\[39mnode_modules\[4mreact-dom[24m\cjs\react-dom.development.js:15486:18[90m)[39m
    at mountIndeterminateComponent [90m(D:\dowloads\cyberpunk-iptv-crm\[39mnode_modules\[4mreact-dom[24m\cjs\react-dom.development.js:20103:13[90m)[39m
    at beginWork [90m(D:\dowloads\cyberpunk-iptv-crm\[39mnode_modules\[4mreact-dom[24m\cjs\react-dom.development.js:21626:16[90m)[39m
    at HTMLUnknownElement.callCallback [90m(D:\dowloads\cyberpunk-iptv-crm\[39mnode_modules\[4mreact-dom[24m\cjs\react-dom.development.js:4164:14[90m)[39m
    at HTMLUnknownElement.callTheUserObjectsOperation [90m(D:\dowloads\cyberpunk-iptv-crm\[39mnode_modules\[4mjsdom[24m\lib\jsdom\living\generated\EventListener.js:26:30[90m)[39m
    at innerInvokeEventListeners [90m(D:\dowloads\cyberpunk-iptv-crm\[39mnode_modules\[4mjsdom[24m\lib\jsdom\living\events\EventTarget-impl.js:350:25[90m)[39m
    at invokeEventListeners [90m(D:\dowloads\cyberpunk-iptv-crm\[39mnode_modules\[4mjsdom[24m\lib\jsdom\living\events\EventTarget-impl.js:286:3[90m)[39m
    at HTMLUnknownElementImpl._dispatch [90m(D:\dowloads\cyberpunk-iptv-crm\[39mnode_modules\[4mjsdom[24m\lib\jsdom\living\events\EventTarget-impl.js:233:9[90m)[39m
Error: Uncaught [Error: useCyberpunkNotification must be used within a CyberpunkNotificationProvider]
    at reportException (D:\dowloads\cyberpunk-iptv-crm\node_modules\jsdom\lib\jsdom\living\helpers\runtime-script-errors.js:66:24)
    at innerInvokeEventListeners (D:\dowloads\cyberpunk-iptv-crm\node_modules\jsdom\lib\jsdom\living\events\EventTarget-impl.js:353:9)
    at invokeEventListeners (D:\dowloads\cyberpunk-iptv-crm\node_modules\jsdom\lib\jsdom\living\events\EventTarget-impl.js:286:3)
    at HTMLUnknownElementImpl._dispatch (D:\dowloads\cyberpunk-iptv-crm\node_modules\jsdom\lib\jsdom\living\events\EventTarget-impl.js:233:9)
    at HTMLUnknownElementImpl.dispatchEvent (D:\dowloads\cyberpunk-iptv-crm\node_modules\jsdom\lib\jsdom\living\events\EventTarget-impl.js:104:17)
    at HTMLUnknownElement.dispatchEvent (D:\dowloads\cyberpunk-iptv-crm\node_modules\jsdom\lib\jsdom\living\generated\EventTarget.js:241:34)
    at Object.invokeGuardedCallbackDev (D:\dowloads\cyberpunk-iptv-crm\node_modules\react-dom\cjs\react-dom.development.js:4213:16)
    at invokeGuardedCallback (D:\dowloads\cyberpunk-iptv-crm\node_modules\react-dom\cjs\react-dom.development.js:4277:31)
    at beginWork$1 (D:\dowloads\cyberpunk-iptv-crm\node_modules\react-dom\cjs\react-dom.development.js:27490:7)
    at performUnitOfWork (D:\dowloads\cyberpunk-iptv-crm\node_modules\react-dom\cjs\react-dom.development.js:26599:12) Error: useCyberpunkNotification must be used within a CyberpunkNotificationProvider
    at Module.useCyberpunkNotification [90m(D:\dowloads\cyberpunk-iptv-crm\[39msrc\components\CyberpunkNotification.tsx:376:11[90m)[39m
    at DataProvider [90m(D:\dowloads\cyberpunk-iptv-crm\[39msrc\context\DataContext.tsx:146:31[90m)[39m
    at renderWithHooks [90m(D:\dowloads\cyberpunk-iptv-crm\[39mnode_modules\[4mreact-dom[24m\cjs\react-dom.development.js:15486:18[90m)[39m
    at mountIndeterminateComponent [90m(D:\dowloads\cyberpunk-iptv-crm\[39mnode_modules\[4mreact-dom[24m\cjs\react-dom.development.js:20103:13[90m)[39m
    at beginWork [90m(D:\dowloads\cyberpunk-iptv-crm\[39mnode_modules\[4mreact-dom[24m\cjs\react-dom.development.js:21626:16[90m)[39m
    at HTMLUnknownElement.callCallback [90m(D:\dowloads\cyberpunk-iptv-crm\[39mnode_modules\[4mreact-dom[24m\cjs\react-dom.development.js:4164:14[90m)[39m
    at HTMLUnknownElement.callTheUserObjectsOperation [90m(D:\dowloads\cyberpunk-iptv-crm\[39mnode_modules\[4mjsdom[24m\lib\jsdom\living\generated\EventListener.js:26:30[90m)[39m
    at innerInvokeEventListeners [90m(D:\dowloads\cyberpunk-iptv-crm\[39mnode_modules\[4mjsdom[24m\lib\jsdom\living\events\EventTarget-impl.js:350:25[90m)[39m
    at invokeEventListeners [90m(D:\dowloads\cyberpunk-iptv-crm\[39mnode_modules\[4mjsdom[24m\lib\jsdom\living\events\EventTarget-impl.js:286:3[90m)[39m
    at HTMLUnknownElementImpl._dispatch [90m(D:\dowloads\cyberpunk-iptv-crm\[39mnode_modules\[4mjsdom[24m\lib\jsdom\living\events\EventTarget-impl.js:233:9[90m)[39m
The above error occurred in the <DataProvider> component:

    at DataProvider (D:\dowloads\cyberpunk-iptv-crm\src\context\DataContext.tsx:27:3)

Consider adding an error boundary to your tree to customize error handling behavior.
Visit https://reactjs.org/link/error-boundaries to learn more about error boundaries.

[90mstdout[2m | src/test/CyberClientsList.test.tsx[2m > [22m[2mCyberClientsList[2m > [22m[2mAdd New Client[2m > [22m[2mshould validate required fields in add form
[22m[39mError: Uncaught [Error: useCyberpunkNotification must be used within a CyberpunkNotificationProvider]
    at reportException (D:\dowloads\cyberpunk-iptv-crm\node_modules\jsdom\lib\jsdom\living\helpers\runtime-script-errors.js:66:24)
    at innerInvokeEventListeners (D:\dowloads\cyberpunk-iptv-crm\node_modules\jsdom\lib\jsdom\living\events\EventTarget-impl.js:353:9)
    at invokeEventListeners (D:\dowloads\cyberpunk-iptv-crm\node_modules\jsdom\lib\jsdom\living\events\EventTarget-impl.js:286:3)
    at HTMLUnknownElementImpl._dispatch (D:\dowloads\cyberpunk-iptv-crm\node_modules\jsdom\lib\jsdom\living\events\EventTarget-impl.js:233:9)
    at HTMLUnknownElementImpl.dispatchEvent (D:\dowloads\cyberpunk-iptv-crm\node_modules\jsdom\lib\jsdom\living\events\EventTarget-impl.js:104:17)
    at HTMLUnknownElement.dispatchEvent (D:\dowloads\cyberpunk-iptv-crm\node_modules\jsdom\lib\jsdom\living\generated\EventTarget.js:241:34)
    at Object.invokeGuardedCallbackDev (D:\dowloads\cyberpunk-iptv-crm\node_modules\react-dom\cjs\react-dom.development.js:4213:16)
    at invokeGuardedCallback (D:\dowloads\cyberpunk-iptv-crm\node_modules\react-dom\cjs\react-dom.development.js:4277:31)
    at beginWork$1 (D:\dowloads\cyberpunk-iptv-crm\node_modules\react-dom\cjs\react-dom.development.js:27490:7)
    at performUnitOfWork (D:\dowloads\cyberpunk-iptv-crm\node_modules\react-dom\cjs\react-dom.development.js:26599:12) Error: useCyberpunkNotification must be used within a CyberpunkNotificationProvider
    at Module.useCyberpunkNotification [90m(D:\dowloads\cyberpunk-iptv-crm\[39msrc\components\CyberpunkNotification.tsx:376:11[90m)[39m
    at DataProvider [90m(D:\dowloads\cyberpunk-iptv-crm\[39msrc\context\DataContext.tsx:146:31[90m)[39m
    at renderWithHooks [90m(D:\dowloads\cyberpunk-iptv-crm\[39mnode_modules\[4mreact-dom[24m\cjs\react-dom.development.js:15486:18[90m)[39m
    at mountIndeterminateComponent [90m(D:\dowloads\cyberpunk-iptv-crm\[39mnode_modules\[4mreact-dom[24m\cjs\react-dom.development.js:20103:13[90m)[39m
    at beginWork [90m(D:\dowloads\cyberpunk-iptv-crm\[39mnode_modules\[4mreact-dom[24m\cjs\react-dom.development.js:21626:16[90m)[39m
    at HTMLUnknownElement.callCallback [90m(D:\dowloads\cyberpunk-iptv-crm\[39mnode_modules\[4mreact-dom[24m\cjs\react-dom.development.js:4164:14[90m)[39m
    at HTMLUnknownElement.callTheUserObjectsOperation [90m(D:\dowloads\cyberpunk-iptv-crm\[39mnode_modules\[4mjsdom[24m\lib\jsdom\living\generated\EventListener.js:26:30[90m)[39m
    at innerInvokeEventListeners [90m(D:\dowloads\cyberpunk-iptv-crm\[39mnode_modules\[4mjsdom[24m\lib\jsdom\living\events\EventTarget-impl.js:350:25[90m)[39m
    at invokeEventListeners [90m(D:\dowloads\cyberpunk-iptv-crm\[39mnode_modules\[4mjsdom[24m\lib\jsdom\living\events\EventTarget-impl.js:286:3[90m)[39m
    at HTMLUnknownElementImpl._dispatch [90m(D:\dowloads\cyberpunk-iptv-crm\[39mnode_modules\[4mjsdom[24m\lib\jsdom\living\events\EventTarget-impl.js:233:9[90m)[39m
Error: Uncaught [Error: useCyberpunkNotification must be used within a CyberpunkNotificationProvider]
    at reportException (D:\dowloads\cyberpunk-iptv-crm\node_modules\jsdom\lib\jsdom\living\helpers\runtime-script-errors.js:66:24)
    at innerInvokeEventListeners (D:\dowloads\cyberpunk-iptv-crm\node_modules\jsdom\lib\jsdom\living\events\EventTarget-impl.js:353:9)
    at invokeEventListeners (D:\dowloads\cyberpunk-iptv-crm\node_modules\jsdom\lib\jsdom\living\events\EventTarget-impl.js:286:3)
    at HTMLUnknownElementImpl._dispatch (D:\dowloads\cyberpunk-iptv-crm\node_modules\jsdom\lib\jsdom\living\events\EventTarget-impl.js:233:9)
    at HTMLUnknownElementImpl.dispatchEvent (D:\dowloads\cyberpunk-iptv-crm\node_modules\jsdom\lib\jsdom\living\events\EventTarget-impl.js:104:17)
    at HTMLUnknownElement.dispatchEvent (D:\dowloads\cyberpunk-iptv-crm\node_modules\jsdom\lib\jsdom\living\generated\EventTarget.js:241:34)
    at Object.invokeGuardedCallbackDev (D:\dowloads\cyberpunk-iptv-crm\node_modules\react-dom\cjs\react-dom.development.js:4213:16)
    at invokeGuardedCallback (D:\dowloads\cyberpunk-iptv-crm\node_modules\react-dom\cjs\react-dom.development.js:4277:31)
    at beginWork$1 (D:\dowloads\cyberpunk-iptv-crm\node_modules\react-dom\cjs\react-dom.development.js:27490:7)
    at performUnitOfWork (D:\dowloads\cyberpunk-iptv-crm\node_modules\react-dom\cjs\react-dom.development.js:26599:12) Error: useCyberpunkNotification must be used within a CyberpunkNotificationProvider
    at Module.useCyberpunkNotification [90m(D:\dowloads\cyberpunk-iptv-crm\[39msrc\components\CyberpunkNotification.tsx:376:11[90m)[39m
    at DataProvider [90m(D:\dowloads\cyberpunk-iptv-crm\[39msrc\context\DataContext.tsx:146:31[90m)[39m
    at renderWithHooks [90m(D:\dowloads\cyberpunk-iptv-crm\[39mnode_modules\[4mreact-dom[24m\cjs\react-dom.development.js:15486:18[90m)[39m
    at mountIndeterminateComponent [90m(D:\dowloads\cyberpunk-iptv-crm\[39mnode_modules\[4mreact-dom[24m\cjs\react-dom.development.js:20103:13[90m)[39m
    at beginWork [90m(D:\dowloads\cyberpunk-iptv-crm\[39mnode_modules\[4mreact-dom[24m\cjs\react-dom.development.js:21626:16[90m)[39m
    at HTMLUnknownElement.callCallback [90m(D:\dowloads\cyberpunk-iptv-crm\[39mnode_modules\[4mreact-dom[24m\cjs\react-dom.development.js:4164:14[90m)[39m
    at HTMLUnknownElement.callTheUserObjectsOperation [90m(D:\dowloads\cyberpunk-iptv-crm\[39mnode_modules\[4mjsdom[24m\lib\jsdom\living\generated\EventListener.js:26:30[90m)[39m
    at innerInvokeEventListeners [90m(D:\dowloads\cyberpunk-iptv-crm\[39mnode_modules\[4mjsdom[24m\lib\jsdom\living\events\EventTarget-impl.js:350:25[90m)[39m
    at invokeEventListeners [90m(D:\dowloads\cyberpunk-iptv-crm\[39mnode_modules\[4mjsdom[24m\lib\jsdom\living\events\EventTarget-impl.js:286:3[90m)[39m
    at HTMLUnknownElementImpl._dispatch [90m(D:\dowloads\cyberpunk-iptv-crm\[39mnode_modules\[4mjsdom[24m\lib\jsdom\living\events\EventTarget-impl.js:233:9[90m)[39m
The above error occurred in the <DataProvider> component:

    at DataProvider (D:\dowloads\cyberpunk-iptv-crm\src\context\DataContext.tsx:27:3)

Consider adding an error boundary to your tree to customize error handling behavior.
Visit https://reactjs.org/link/error-boundaries to learn more about error boundaries.

[90mstdout[2m | src/test/CyberClientsList.test.tsx[2m > [22m[2mCyberClientsList[2m > [22m[2mExport Functionality[2m > [22m[2mshould export clients data
[22m[39mError: Uncaught [Error: useCyberpunkNotification must be used within a CyberpunkNotificationProvider]
    at reportException (D:\dowloads\cyberpunk-iptv-crm\node_modules\jsdom\lib\jsdom\living\helpers\runtime-script-errors.js:66:24)
    at innerInvokeEventListeners (D:\dowloads\cyberpunk-iptv-crm\node_modules\jsdom\lib\jsdom\living\events\EventTarget-impl.js:353:9)
    at invokeEventListeners (D:\dowloads\cyberpunk-iptv-crm\node_modules\jsdom\lib\jsdom\living\events\EventTarget-impl.js:286:3)
    at HTMLUnknownElementImpl._dispatch (D:\dowloads\cyberpunk-iptv-crm\node_modules\jsdom\lib\jsdom\living\events\EventTarget-impl.js:233:9)
    at HTMLUnknownElementImpl.dispatchEvent (D:\dowloads\cyberpunk-iptv-crm\node_modules\jsdom\lib\jsdom\living\events\EventTarget-impl.js:104:17)
    at HTMLUnknownElement.dispatchEvent (D:\dowloads\cyberpunk-iptv-crm\node_modules\jsdom\lib\jsdom\living\generated\EventTarget.js:241:34)
    at Object.invokeGuardedCallbackDev (D:\dowloads\cyberpunk-iptv-crm\node_modules\react-dom\cjs\react-dom.development.js:4213:16)
    at invokeGuardedCallback (D:\dowloads\cyberpunk-iptv-crm\node_modules\react-dom\cjs\react-dom.development.js:4277:31)
    at beginWork$1 (D:\dowloads\cyberpunk-iptv-crm\node_modules\react-dom\cjs\react-dom.development.js:27490:7)
    at performUnitOfWork (D:\dowloads\cyberpunk-iptv-crm\node_modules\react-dom\cjs\react-dom.development.js:26599:12) Error: useCyberpunkNotification must be used within a CyberpunkNotificationProvider
    at Module.useCyberpunkNotification [90m(D:\dowloads\cyberpunk-iptv-crm\[39msrc\components\CyberpunkNotification.tsx:376:11[90m)[39m
    at DataProvider [90m(D:\dowloads\cyberpunk-iptv-crm\[39msrc\context\DataContext.tsx:146:31[90m)[39m
    at renderWithHooks [90m(D:\dowloads\cyberpunk-iptv-crm\[39mnode_modules\[4mreact-dom[24m\cjs\react-dom.development.js:15486:18[90m)[39m
    at mountIndeterminateComponent [90m(D:\dowloads\cyberpunk-iptv-crm\[39mnode_modules\[4mreact-dom[24m\cjs\react-dom.development.js:20103:13[90m)[39m
    at beginWork [90m(D:\dowloads\cyberpunk-iptv-crm\[39mnode_modules\[4mreact-dom[24m\cjs\react-dom.development.js:21626:16[90m)[39m
    at HTMLUnknownElement.callCallback [90m(D:\dowloads\cyberpunk-iptv-crm\[39mnode_modules\[4mreact-dom[24m\cjs\react-dom.development.js:4164:14[90m)[39m
    at HTMLUnknownElement.callTheUserObjectsOperation [90m(D:\dowloads\cyberpunk-iptv-crm\[39mnode_modules\[4mjsdom[24m\lib\jsdom\living\generated\EventListener.js:26:30[90m)[39m
    at innerInvokeEventListeners [90m(D:\dowloads\cyberpunk-iptv-crm\[39mnode_modules\[4mjsdom[24m\lib\jsdom\living\events\EventTarget-impl.js:350:25[90m)[39m
    at invokeEventListeners [90m(D:\dowloads\cyberpunk-iptv-crm\[39mnode_modules\[4mjsdom[24m\lib\jsdom\living\events\EventTarget-impl.js:286:3[90m)[39m
    at HTMLUnknownElementImpl._dispatch [90m(D:\dowloads\cyberpunk-iptv-crm\[39mnode_modules\[4mjsdom[24m\lib\jsdom\living\events\EventTarget-impl.js:233:9[90m)[39m
Error: Uncaught [Error: useCyberpunkNotification must be used within a CyberpunkNotificationProvider]
    at reportException (D:\dowloads\cyberpunk-iptv-crm\node_modules\jsdom\lib\jsdom\living\helpers\runtime-script-errors.js:66:24)
    at innerInvokeEventListeners (D:\dowloads\cyberpunk-iptv-crm\node_modules\jsdom\lib\jsdom\living\events\EventTarget-impl.js:353:9)
    at invokeEventListeners (D:\dowloads\cyberpunk-iptv-crm\node_modules\jsdom\lib\jsdom\living\events\EventTarget-impl.js:286:3)
    at HTMLUnknownElementImpl._dispatch (D:\dowloads\cyberpunk-iptv-crm\node_modules\jsdom\lib\jsdom\living\events\EventTarget-impl.js:233:9)
    at HTMLUnknownElementImpl.dispatchEvent (D:\dowloads\cyberpunk-iptv-crm\node_modules\jsdom\lib\jsdom\living\events\EventTarget-impl.js:104:17)
    at HTMLUnknownElement.dispatchEvent (D:\dowloads\cyberpunk-iptv-crm\node_modules\jsdom\lib\jsdom\living\generated\EventTarget.js:241:34)
    at Object.invokeGuardedCallbackDev (D:\dowloads\cyberpunk-iptv-crm\node_modules\react-dom\cjs\react-dom.development.js:4213:16)
    at invokeGuardedCallback (D:\dowloads\cyberpunk-iptv-crm\node_modules\react-dom\cjs\react-dom.development.js:4277:31)
    at beginWork$1 (D:\dowloads\cyberpunk-iptv-crm\node_modules\react-dom\cjs\react-dom.development.js:27490:7)
    at performUnitOfWork (D:\dowloads\cyberpunk-iptv-crm\node_modules\react-dom\cjs\react-dom.development.js:26599:12) Error: useCyberpunkNotification must be used within a CyberpunkNotificationProvider
    at Module.useCyberpunkNotification [90m(D:\dowloads\cyberpunk-iptv-crm\[39msrc\components\CyberpunkNotification.tsx:376:11[90m)[39m
    at DataProvider [90m(D:\dowloads\cyberpunk-iptv-crm\[39msrc\context\DataContext.tsx:146:31[90m)[39m
    at renderWithHooks [90m(D:\dowloads\cyberpunk-iptv-crm\[39mnode_modules\[4mreact-dom[24m\cjs\react-dom.development.js:15486:18[90m)[39m
    at mountIndeterminateComponent [90m(D:\dowloads\cyberpunk-iptv-crm\[39mnode_modules\[4mreact-dom[24m\cjs\react-dom.development.js:20103:13[90m)[39m
    at beginWork [90m(D:\dowloads\cyberpunk-iptv-crm\[39mnode_modules\[4mreact-dom[24m\cjs\react-dom.development.js:21626:16[90m)[39m
    at HTMLUnknownElement.callCallback [90m(D:\dowloads\cyberpunk-iptv-crm\[39mnode_modules\[4mreact-dom[24m\cjs\react-dom.development.js:4164:14[90m)[39m
    at HTMLUnknownElement.callTheUserObjectsOperation [90m(D:\dowloads\cyberpunk-iptv-crm\[39mnode_modules\[4mjsdom[24m\lib\jsdom\living\generated\EventListener.js:26:30[90m)[39m
    at innerInvokeEventListeners [90m(D:\dowloads\cyberpunk-iptv-crm\[39mnode_modules\[4mjsdom[24m\lib\jsdom\living\events\EventTarget-impl.js:350:25[90m)[39m
    at invokeEventListeners [90m(D:\dowloads\cyberpunk-iptv-crm\[39mnode_modules\[4mjsdom[24m\lib\jsdom\living\events\EventTarget-impl.js:286:3[90m)[39m
    at HTMLUnknownElementImpl._dispatch [90m(D:\dowloads\cyberpunk-iptv-crm\[39mnode_modules\[4mjsdom[24m\lib\jsdom\living\events\EventTarget-impl.js:233:9[90m)[39m
The above error occurred in the <DataProvider> component:

    at DataProvider (D:\dowloads\cyberpunk-iptv-crm\src\context\DataContext.tsx:27:3)

Consider adding an error boundary to your tree to customize error handling behavior.
Visit https://reactjs.org/link/error-boundaries to learn more about error boundaries.

[90mstdout[2m | src/test/CyberClientsList.test.tsx[2m > [22m[2mCyberClientsList[2m > [22m[2mExport Functionality[2m > [22m[2mshould export filtered results
[22m[39mError: Uncaught [Error: useCyberpunkNotification must be used within a CyberpunkNotificationProvider]
    at reportException (D:\dowloads\cyberpunk-iptv-crm\node_modules\jsdom\lib\jsdom\living\helpers\runtime-script-errors.js:66:24)
    at innerInvokeEventListeners (D:\dowloads\cyberpunk-iptv-crm\node_modules\jsdom\lib\jsdom\living\events\EventTarget-impl.js:353:9)
    at invokeEventListeners (D:\dowloads\cyberpunk-iptv-crm\node_modules\jsdom\lib\jsdom\living\events\EventTarget-impl.js:286:3)
    at HTMLUnknownElementImpl._dispatch (D:\dowloads\cyberpunk-iptv-crm\node_modules\jsdom\lib\jsdom\living\events\EventTarget-impl.js:233:9)
    at HTMLUnknownElementImpl.dispatchEvent (D:\dowloads\cyberpunk-iptv-crm\node_modules\jsdom\lib\jsdom\living\events\EventTarget-impl.js:104:17)
    at HTMLUnknownElement.dispatchEvent (D:\dowloads\cyberpunk-iptv-crm\node_modules\jsdom\lib\jsdom\living\generated\EventTarget.js:241:34)
    at Object.invokeGuardedCallbackDev (D:\dowloads\cyberpunk-iptv-crm\node_modules\react-dom\cjs\react-dom.development.js:4213:16)
    at invokeGuardedCallback (D:\dowloads\cyberpunk-iptv-crm\node_modules\react-dom\cjs\react-dom.development.js:4277:31)
    at beginWork$1 (D:\dowloads\cyberpunk-iptv-crm\node_modules\react-dom\cjs\react-dom.development.js:27490:7)
    at performUnitOfWork (D:\dowloads\cyberpunk-iptv-crm\node_modules\react-dom\cjs\react-dom.development.js:26599:12) Error: useCyberpunkNotification must be used within a CyberpunkNotificationProvider
    at Module.useCyberpunkNotification [90m(D:\dowloads\cyberpunk-iptv-crm\[39msrc\components\CyberpunkNotification.tsx:376:11[90m)[39m
    at DataProvider [90m(D:\dowloads\cyberpunk-iptv-crm\[39msrc\context\DataContext.tsx:146:31[90m)[39m
    at renderWithHooks [90m(D:\dowloads\cyberpunk-iptv-crm\[39mnode_modules\[4mreact-dom[24m\cjs\react-dom.development.js:15486:18[90m)[39m
    at mountIndeterminateComponent [90m(D:\dowloads\cyberpunk-iptv-crm\[39mnode_modules\[4mreact-dom[24m\cjs\react-dom.development.js:20103:13[90m)[39m
    at beginWork [90m(D:\dowloads\cyberpunk-iptv-crm\[39mnode_modules\[4mreact-dom[24m\cjs\react-dom.development.js:21626:16[90m)[39m
    at HTMLUnknownElement.callCallback [90m(D:\dowloads\cyberpunk-iptv-crm\[39mnode_modules\[4mreact-dom[24m\cjs\react-dom.development.js:4164:14[90m)[39m
    at HTMLUnknownElement.callTheUserObjectsOperation [90m(D:\dowloads\cyberpunk-iptv-crm\[39mnode_modules\[4mjsdom[24m\lib\jsdom\living\generated\EventListener.js:26:30[90m)[39m
    at innerInvokeEventListeners [90m(D:\dowloads\cyberpunk-iptv-crm\[39mnode_modules\[4mjsdom[24m\lib\jsdom\living\events\EventTarget-impl.js:350:25[90m)[39m
    at invokeEventListeners [90m(D:\dowloads\cyberpunk-iptv-crm\[39mnode_modules\[4mjsdom[24m\lib\jsdom\living\events\EventTarget-impl.js:286:3[90m)[39m
    at HTMLUnknownElementImpl._dispatch [90m(D:\dowloads\cyberpunk-iptv-crm\[39mnode_modules\[4mjsdom[24m\lib\jsdom\living\events\EventTarget-impl.js:233:9[90m)[39m
Error: Uncaught [Error: useCyberpunkNotification must be used within a CyberpunkNotificationProvider]
    at reportException (D:\dowloads\cyberpunk-iptv-crm\node_modules\jsdom\lib\jsdom\living\helpers\runtime-script-errors.js:66:24)
    at innerInvokeEventListeners (D:\dowloads\cyberpunk-iptv-crm\node_modules\jsdom\lib\jsdom\living\events\EventTarget-impl.js:353:9)
    at invokeEventListeners (D:\dowloads\cyberpunk-iptv-crm\node_modules\jsdom\lib\jsdom\living\events\EventTarget-impl.js:286:3)
    at HTMLUnknownElementImpl._dispatch (D:\dowloads\cyberpunk-iptv-crm\node_modules\jsdom\lib\jsdom\living\events\EventTarget-impl.js:233:9)
    at HTMLUnknownElementImpl.dispatchEvent (D:\dowloads\cyberpunk-iptv-crm\node_modules\jsdom\lib\jsdom\living\events\EventTarget-impl.js:104:17)
    at HTMLUnknownElement.dispatchEvent (D:\dowloads\cyberpunk-iptv-crm\node_modules\jsdom\lib\jsdom\living\generated\EventTarget.js:241:34)
    at Object.invokeGuardedCallbackDev (D:\dowloads\cyberpunk-iptv-crm\node_modules\react-dom\cjs\react-dom.development.js:4213:16)
    at invokeGuardedCallback (D:\dowloads\cyberpunk-iptv-crm\node_modules\react-dom\cjs\react-dom.development.js:4277:31)
    at beginWork$1 (D:\dowloads\cyberpunk-iptv-crm\node_modules\react-dom\cjs\react-dom.development.js:27490:7)
    at performUnitOfWork (D:\dowloads\cyberpunk-iptv-crm\node_modules\react-dom\cjs\react-dom.development.js:26599:12) Error: useCyberpunkNotification must be used within a CyberpunkNotificationProvider
    at Module.useCyberpunkNotification [90m(D:\dowloads\cyberpunk-iptv-crm\[39msrc\components\CyberpunkNotification.tsx:376:11[90m)[39m
    at DataProvider [90m(D:\dowloads\cyberpunk-iptv-crm\[39msrc\context\DataContext.tsx:146:31[90m)[39m
    at renderWithHooks [90m(D:\dowloads\cyberpunk-iptv-crm\[39mnode_modules\[4mreact-dom[24m\cjs\react-dom.development.js:15486:18[90m)[39m
    at mountIndeterminateComponent [90m(D:\dowloads\cyberpunk-iptv-crm\[39mnode_modules\[4mreact-dom[24m\cjs\react-dom.development.js:20103:13[90m)[39m
    at beginWork [90m(D:\dowloads\cyberpunk-iptv-crm\[39mnode_modules\[4mreact-dom[24m\cjs\react-dom.development.js:21626:16[90m)[39m
    at HTMLUnknownElement.callCallback [90m(D:\dowloads\cyberpunk-iptv-crm\[39mnode_modules\[4mreact-dom[24m\cjs\react-dom.development.js:4164:14[90m)[39m
    at HTMLUnknownElement.callTheUserObjectsOperation [90m(D:\dowloads\cyberpunk-iptv-crm\[39mnode_modules\[4mjsdom[24m\lib\jsdom\living\generated\EventListener.js:26:30[90m)[39m
    at innerInvokeEventListeners [90m(D:\dowloads\cyberpunk-iptv-crm\[39mnode_modules\[4mjsdom[24m\lib\jsdom\living\events\EventTarget-impl.js:350:25[90m)[39m
    at invokeEventListeners [90m(D:\dowloads\cyberpunk-iptv-crm\[39mnode_modules\[4mjsdom[24m\lib\jsdom\living\events\EventTarget-impl.js:286:3[90m)[39m
    at HTMLUnknownElementImpl._dispatch [90m(D:\dowloads\cyberpunk-iptv-crm\[39mnode_modules\[4mjsdom[24m\lib\jsdom\living\events\EventTarget-impl.js:233:9[90m)[39m
The above error occurred in the <DataProvider> component:

    at DataProvider (D:\dowloads\cyberpunk-iptv-crm\src\context\DataContext.tsx:27:3)

Consider adding an error boundary to your tree to customize error handling behavior.
Visit https://reactjs.org/link/error-boundaries to learn more about error boundaries.

[90mstdout[2m | src/test/CyberClientsList.test.tsx[2m > [22m[2mCyberClientsList[2m > [22m[2mImport Functionality[2m > [22m[2mshould import clients from file
[22m[39mError: Uncaught [Error: useCyberpunkNotification must be used within a CyberpunkNotificationProvider]
    at reportException (D:\dowloads\cyberpunk-iptv-crm\node_modules\jsdom\lib\jsdom\living\helpers\runtime-script-errors.js:66:24)
    at innerInvokeEventListeners (D:\dowloads\cyberpunk-iptv-crm\node_modules\jsdom\lib\jsdom\living\events\EventTarget-impl.js:353:9)
    at invokeEventListeners (D:\dowloads\cyberpunk-iptv-crm\node_modules\jsdom\lib\jsdom\living\events\EventTarget-impl.js:286:3)
    at HTMLUnknownElementImpl._dispatch (D:\dowloads\cyberpunk-iptv-crm\node_modules\jsdom\lib\jsdom\living\events\EventTarget-impl.js:233:9)
    at HTMLUnknownElementImpl.dispatchEvent (D:\dowloads\cyberpunk-iptv-crm\node_modules\jsdom\lib\jsdom\living\events\EventTarget-impl.js:104:17)
    at HTMLUnknownElement.dispatchEvent (D:\dowloads\cyberpunk-iptv-crm\node_modules\jsdom\lib\jsdom\living\generated\EventTarget.js:241:34)
    at Object.invokeGuardedCallbackDev (D:\dowloads\cyberpunk-iptv-crm\node_modules\react-dom\cjs\react-dom.development.js:4213:16)
    at invokeGuardedCallback (D:\dowloads\cyberpunk-iptv-crm\node_modules\react-dom\cjs\react-dom.development.js:4277:31)
    at beginWork$1 (D:\dowloads\cyberpunk-iptv-crm\node_modules\react-dom\cjs\react-dom.development.js:27490:7)
    at performUnitOfWork (D:\dowloads\cyberpunk-iptv-crm\node_modules\react-dom\cjs\react-dom.development.js:26599:12) Error: useCyberpunkNotification must be used within a CyberpunkNotificationProvider
    at Module.useCyberpunkNotification [90m(D:\dowloads\cyberpunk-iptv-crm\[39msrc\components\CyberpunkNotification.tsx:376:11[90m)[39m
    at DataProvider [90m(D:\dowloads\cyberpunk-iptv-crm\[39msrc\context\DataContext.tsx:146:31[90m)[39m
    at renderWithHooks [90m(D:\dowloads\cyberpunk-iptv-crm\[39mnode_modules\[4mreact-dom[24m\cjs\react-dom.development.js:15486:18[90m)[39m
    at mountIndeterminateComponent [90m(D:\dowloads\cyberpunk-iptv-crm\[39mnode_modules\[4mreact-dom[24m\cjs\react-dom.development.js:20103:13[90m)[39m
    at beginWork [90m(D:\dowloads\cyberpunk-iptv-crm\[39mnode_modules\[4mreact-dom[24m\cjs\react-dom.development.js:21626:16[90m)[39m
    at HTMLUnknownElement.callCallback [90m(D:\dowloads\cyberpunk-iptv-crm\[39mnode_modules\[4mreact-dom[24m\cjs\react-dom.development.js:4164:14[90m)[39m
    at HTMLUnknownElement.callTheUserObjectsOperation [90m(D:\dowloads\cyberpunk-iptv-crm\[39mnode_modules\[4mjsdom[24m\lib\jsdom\living\generated\EventListener.js:26:30[90m)[39m
    at innerInvokeEventListeners [90m(D:\dowloads\cyberpunk-iptv-crm\[39mnode_modules\[4mjsdom[24m\lib\jsdom\living\events\EventTarget-impl.js:350:25[90m)[39m
    at invokeEventListeners [90m(D:\dowloads\cyberpunk-iptv-crm\[39mnode_modules\[4mjsdom[24m\lib\jsdom\living\events\EventTarget-impl.js:286:3[90m)[39m
    at HTMLUnknownElementImpl._dispatch [90m(D:\dowloads\cyberpunk-iptv-crm\[39mnode_modules\[4mjsdom[24m\lib\jsdom\living\events\EventTarget-impl.js:233:9[90m)[39m
Error: Uncaught [Error: useCyberpunkNotification must be used within a CyberpunkNotificationProvider]
    at reportException (D:\dowloads\cyberpunk-iptv-crm\node_modules\jsdom\lib\jsdom\living\helpers\runtime-script-errors.js:66:24)
    at innerInvokeEventListeners (D:\dowloads\cyberpunk-iptv-crm\node_modules\jsdom\lib\jsdom\living\events\EventTarget-impl.js:353:9)
    at invokeEventListeners (D:\dowloads\cyberpunk-iptv-crm\node_modules\jsdom\lib\jsdom\living\events\EventTarget-impl.js:286:3)
    at HTMLUnknownElementImpl._dispatch (D:\dowloads\cyberpunk-iptv-crm\node_modules\jsdom\lib\jsdom\living\events\EventTarget-impl.js:233:9)
    at HTMLUnknownElementImpl.dispatchEvent (D:\dowloads\cyberpunk-iptv-crm\node_modules\jsdom\lib\jsdom\living\events\EventTarget-impl.js:104:17)
    at HTMLUnknownElement.dispatchEvent (D:\dowloads\cyberpunk-iptv-crm\node_modules\jsdom\lib\jsdom\living\generated\EventTarget.js:241:34)
    at Object.invokeGuardedCallbackDev (D:\dowloads\cyberpunk-iptv-crm\node_modules\react-dom\cjs\react-dom.development.js:4213:16)
    at invokeGuardedCallback (D:\dowloads\cyberpunk-iptv-crm\node_modules\react-dom\cjs\react-dom.development.js:4277:31)
    at beginWork$1 (D:\dowloads\cyberpunk-iptv-crm\node_modules\react-dom\cjs\react-dom.development.js:27490:7)
    at performUnitOfWork (D:\dowloads\cyberpunk-iptv-crm\node_modules\react-dom\cjs\react-dom.development.js:26599:12) Error: useCyberpunkNotification must be used within a CyberpunkNotificationProvider
    at Module.useCyberpunkNotification [90m(D:\dowloads\cyberpunk-iptv-crm\[39msrc\components\CyberpunkNotification.tsx:376:11[90m)[39m
    at DataProvider [90m(D:\dowloads\cyberpunk-iptv-crm\[39msrc\context\DataContext.tsx:146:31[90m)[39m
    at renderWithHooks [90m(D:\dowloads\cyberpunk-iptv-crm\[39mnode_modules\[4mreact-dom[24m\cjs\react-dom.development.js:15486:18[90m)[39m
    at mountIndeterminateComponent [90m(D:\dowloads\cyberpunk-iptv-crm\[39mnode_modules\[4mreact-dom[24m\cjs\react-dom.development.js:20103:13[90m)[39m
    at beginWork [90m(D:\dowloads\cyberpunk-iptv-crm\[39mnode_modules\[4mreact-dom[24m\cjs\react-dom.development.js:21626:16[90m)[39m
    at HTMLUnknownElement.callCallback [90m(D:\dowloads\cyberpunk-iptv-crm\[39mnode_modules\[4mreact-dom[24m\cjs\react-dom.development.js:4164:14[90m)[39m
    at HTMLUnknownElement.callTheUserObjectsOperation [90m(D:\dowloads\cyberpunk-iptv-crm\[39mnode_modules\[4mjsdom[24m\lib\jsdom\living\generated\EventListener.js:26:30[90m)[39m
    at innerInvokeEventListeners [90m(D:\dowloads\cyberpunk-iptv-crm\[39mnode_modules\[4mjsdom[24m\lib\jsdom\living\events\EventTarget-impl.js:350:25[90m)[39m
    at invokeEventListeners [90m(D:\dowloads\cyberpunk-iptv-crm\[39mnode_modules\[4mjsdom[24m\lib\jsdom\living\events\EventTarget-impl.js:286:3[90m)[39m
    at HTMLUnknownElementImpl._dispatch [90m(D:\dowloads\cyberpunk-iptv-crm\[39mnode_modules\[4mjsdom[24m\lib\jsdom\living\events\EventTarget-impl.js:233:9[90m)[39m
The above error occurred in the <DataProvider> component:

    at DataProvider (D:\dowloads\cyberpunk-iptv-crm\src\context\DataContext.tsx:27:3)

Consider adding an error boundary to your tree to customize error handling behavior.
Visit https://reactjs.org/link/error-boundaries to learn more about error boundaries.

[90mstdout[2m | src/test/CyberClientsList.test.tsx[2m > [22m[2mCyberClientsList[2m > [22m[2mImport Functionality[2m > [22m[2mshould validate imported data
[22m[39mError: Uncaught [Error: useCyberpunkNotification must be used within a CyberpunkNotificationProvider]
    at reportException (D:\dowloads\cyberpunk-iptv-crm\node_modules\jsdom\lib\jsdom\living\helpers\runtime-script-errors.js:66:24)
    at innerInvokeEventListeners (D:\dowloads\cyberpunk-iptv-crm\node_modules\jsdom\lib\jsdom\living\events\EventTarget-impl.js:353:9)
    at invokeEventListeners (D:\dowloads\cyberpunk-iptv-crm\node_modules\jsdom\lib\jsdom\living\events\EventTarget-impl.js:286:3)
    at HTMLUnknownElementImpl._dispatch (D:\dowloads\cyberpunk-iptv-crm\node_modules\jsdom\lib\jsdom\living\events\EventTarget-impl.js:233:9)
    at HTMLUnknownElementImpl.dispatchEvent (D:\dowloads\cyberpunk-iptv-crm\node_modules\jsdom\lib\jsdom\living\events\EventTarget-impl.js:104:17)
    at HTMLUnknownElement.dispatchEvent (D:\dowloads\cyberpunk-iptv-crm\node_modules\jsdom\lib\jsdom\living\generated\EventTarget.js:241:34)
    at Object.invokeGuardedCallbackDev (D:\dowloads\cyberpunk-iptv-crm\node_modules\react-dom\cjs\react-dom.development.js:4213:16)
    at invokeGuardedCallback (D:\dowloads\cyberpunk-iptv-crm\node_modules\react-dom\cjs\react-dom.development.js:4277:31)
    at beginWork$1 (D:\dowloads\cyberpunk-iptv-crm\node_modules\react-dom\cjs\react-dom.development.js:27490:7)
    at performUnitOfWork (D:\dowloads\cyberpunk-iptv-crm\node_modules\react-dom\cjs\react-dom.development.js:26599:12) Error: useCyberpunkNotification must be used within a CyberpunkNotificationProvider
    at Module.useCyberpunkNotification [90m(D:\dowloads\cyberpunk-iptv-crm\[39msrc\components\CyberpunkNotification.tsx:376:11[90m)[39m
    at DataProvider [90m(D:\dowloads\cyberpunk-iptv-crm\[39msrc\context\DataContext.tsx:146:31[90m)[39m
    at renderWithHooks [90m(D:\dowloads\cyberpunk-iptv-crm\[39mnode_modules\[4mreact-dom[24m\cjs\react-dom.development.js:15486:18[90m)[39m
    at mountIndeterminateComponent [90m(D:\dowloads\cyberpunk-iptv-crm\[39mnode_modules\[4mreact-dom[24m\cjs\react-dom.development.js:20103:13[90m)[39m
    at beginWork [90m(D:\dowloads\cyberpunk-iptv-crm\[39mnode_modules\[4mreact-dom[24m\cjs\react-dom.development.js:21626:16[90m)[39m
    at HTMLUnknownElement.callCallback [90m(D:\dowloads\cyberpunk-iptv-crm\[39mnode_modules\[4mreact-dom[24m\cjs\react-dom.development.js:4164:14[90m)[39m
    at HTMLUnknownElement.callTheUserObjectsOperation [90m(D:\dowloads\cyberpunk-iptv-crm\[39mnode_modules\[4mjsdom[24m\lib\jsdom\living\generated\EventListener.js:26:30[90m)[39m
    at innerInvokeEventListeners [90m(D:\dowloads\cyberpunk-iptv-crm\[39mnode_modules\[4mjsdom[24m\lib\jsdom\living\events\EventTarget-impl.js:350:25[90m)[39m
    at invokeEventListeners [90m(D:\dowloads\cyberpunk-iptv-crm\[39mnode_modules\[4mjsdom[24m\lib\jsdom\living\events\EventTarget-impl.js:286:3[90m)[39m
    at HTMLUnknownElementImpl._dispatch [90m(D:\dowloads\cyberpunk-iptv-crm\[39mnode_modules\[4mjsdom[24m\lib\jsdom\living\events\EventTarget-impl.js:233:9[90m)[39m
Error: Uncaught [Error: useCyberpunkNotification must be used within a CyberpunkNotificationProvider]
    at reportException (D:\dowloads\cyberpunk-iptv-crm\node_modules\jsdom\lib\jsdom\living\helpers\runtime-script-errors.js:66:24)
    at innerInvokeEventListeners (D:\dowloads\cyberpunk-iptv-crm\node_modules\jsdom\lib\jsdom\living\events\EventTarget-impl.js:353:9)
    at invokeEventListeners (D:\dowloads\cyberpunk-iptv-crm\node_modules\jsdom\lib\jsdom\living\events\EventTarget-impl.js:286:3)
    at HTMLUnknownElementImpl._dispatch (D:\dowloads\cyberpunk-iptv-crm\node_modules\jsdom\lib\jsdom\living\events\EventTarget-impl.js:233:9)
    at HTMLUnknownElementImpl.dispatchEvent (D:\dowloads\cyberpunk-iptv-crm\node_modules\jsdom\lib\jsdom\living\events\EventTarget-impl.js:104:17)
    at HTMLUnknownElement.dispatchEvent (D:\dowloads\cyberpunk-iptv-crm\node_modules\jsdom\lib\jsdom\living\generated\EventTarget.js:241:34)
    at Object.invokeGuardedCallbackDev (D:\dowloads\cyberpunk-iptv-crm\node_modules\react-dom\cjs\react-dom.development.js:4213:16)
    at invokeGuardedCallback (D:\dowloads\cyberpunk-iptv-crm\node_modules\react-dom\cjs\react-dom.development.js:4277:31)
    at beginWork$1 (D:\dowloads\cyberpunk-iptv-crm\node_modules\react-dom\cjs\react-dom.development.js:27490:7)
    at performUnitOfWork (D:\dowloads\cyberpunk-iptv-crm\node_modules\react-dom\cjs\react-dom.development.js:26599:12) Error: useCyberpunkNotification must be used within a CyberpunkNotificationProvider
    at Module.useCyberpunkNotification [90m(D:\dowloads\cyberpunk-iptv-crm\[39msrc\components\CyberpunkNotification.tsx:376:11[90m)[39m
    at DataProvider [90m(D:\dowloads\cyberpunk-iptv-crm\[39msrc\context\DataContext.tsx:146:31[90m)[39m
    at renderWithHooks [90m(D:\dowloads\cyberpunk-iptv-crm\[39mnode_modules\[4mreact-dom[24m\cjs\react-dom.development.js:15486:18[90m)[39m
    at mountIndeterminateComponent [90m(D:\dowloads\cyberpunk-iptv-crm\[39mnode_modules\[4mreact-dom[24m\cjs\react-dom.development.js:20103:13[90m)[39m
    at beginWork [90m(D:\dowloads\cyberpunk-iptv-crm\[39mnode_modules\[4mreact-dom[24m\cjs\react-dom.development.js:21626:16[90m)[39m
    at HTMLUnknownElement.callCallback [90m(D:\dowloads\cyberpunk-iptv-crm\[39mnode_modules\[4mreact-dom[24m\cjs\react-dom.development.js:4164:14[90m)[39m
    at HTMLUnknownElement.callTheUserObjectsOperation [90m(D:\dowloads\cyberpunk-iptv-crm\[39mnode_modules\[4mjsdom[24m\lib\jsdom\living\generated\EventListener.js:26:30[90m)[39m
    at innerInvokeEventListeners [90m(D:\dowloads\cyberpunk-iptv-crm\[39mnode_modules\[4mjsdom[24m\lib\jsdom\living\events\EventTarget-impl.js:350:25[90m)[39m
    at invokeEventListeners [90m(D:\dowloads\cyberpunk-iptv-crm\[39mnode_modules\[4mjsdom[24m\lib\jsdom\living\events\EventTarget-impl.js:286:3[90m)[39m
    at HTMLUnknownElementImpl._dispatch [90m(D:\dowloads\cyberpunk-iptv-crm\[39mnode_modules\[4mjsdom[24m\lib\jsdom\living\events\EventTarget-impl.js:233:9[90m)[39m
The above error occurred in the <DataProvider> component:

    at DataProvider (D:\dowloads\cyberpunk-iptv-crm\src\context\DataContext.tsx:27:3)

Consider adding an error boundary to your tree to customize error handling behavior.
Visit https://reactjs.org/link/error-boundaries to learn more about error boundaries.

[90mstdout[2m | src/test/CyberClientsList.test.tsx[2m > [22m[2mCyberClientsList[2m > [22m[2mAccessibility[2m > [22m[2mshould have proper ARIA labels
[22m[39mError: Uncaught [Error: useCyberpunkNotification must be used within a CyberpunkNotificationProvider]
    at reportException (D:\dowloads\cyberpunk-iptv-crm\node_modules\jsdom\lib\jsdom\living\helpers\runtime-script-errors.js:66:24)
    at innerInvokeEventListeners (D:\dowloads\cyberpunk-iptv-crm\node_modules\jsdom\lib\jsdom\living\events\EventTarget-impl.js:353:9)
    at invokeEventListeners (D:\dowloads\cyberpunk-iptv-crm\node_modules\jsdom\lib\jsdom\living\events\EventTarget-impl.js:286:3)
    at HTMLUnknownElementImpl._dispatch (D:\dowloads\cyberpunk-iptv-crm\node_modules\jsdom\lib\jsdom\living\events\EventTarget-impl.js:233:9)
    at HTMLUnknownElementImpl.dispatchEvent (D:\dowloads\cyberpunk-iptv-crm\node_modules\jsdom\lib\jsdom\living\events\EventTarget-impl.js:104:17)
    at HTMLUnknownElement.dispatchEvent (D:\dowloads\cyberpunk-iptv-crm\node_modules\jsdom\lib\jsdom\living\generated\EventTarget.js:241:34)
    at Object.invokeGuardedCallbackDev (D:\dowloads\cyberpunk-iptv-crm\node_modules\react-dom\cjs\react-dom.development.js:4213:16)
    at invokeGuardedCallback (D:\dowloads\cyberpunk-iptv-crm\node_modules\react-dom\cjs\react-dom.development.js:4277:31)
    at beginWork$1 (D:\dowloads\cyberpunk-iptv-crm\node_modules\react-dom\cjs\react-dom.development.js:27490:7)
    at performUnitOfWork (D:\dowloads\cyberpunk-iptv-crm\node_modules\react-dom\cjs\react-dom.development.js:26599:12) Error: useCyberpunkNotification must be used within a CyberpunkNotificationProvider
    at Module.useCyberpunkNotification [90m(D:\dowloads\cyberpunk-iptv-crm\[39msrc\components\CyberpunkNotification.tsx:376:11[90m)[39m
    at DataProvider [90m(D:\dowloads\cyberpunk-iptv-crm\[39msrc\context\DataContext.tsx:146:31[90m)[39m
    at renderWithHooks [90m(D:\dowloads\cyberpunk-iptv-crm\[39mnode_modules\[4mreact-dom[24m\cjs\react-dom.development.js:15486:18[90m)[39m
    at mountIndeterminateComponent [90m(D:\dowloads\cyberpunk-iptv-crm\[39mnode_modules\[4mreact-dom[24m\cjs\react-dom.development.js:20103:13[90m)[39m
    at beginWork [90m(D:\dowloads\cyberpunk-iptv-crm\[39mnode_modules\[4mreact-dom[24m\cjs\react-dom.development.js:21626:16[90m)[39m
    at HTMLUnknownElement.callCallback [90m(D:\dowloads\cyberpunk-iptv-crm\[39mnode_modules\[4mreact-dom[24m\cjs\react-dom.development.js:4164:14[90m)[39m
    at HTMLUnknownElement.callTheUserObjectsOperation [90m(D:\dowloads\cyberpunk-iptv-crm\[39mnode_modules\[4mjsdom[24m\lib\jsdom\living\generated\EventListener.js:26:30[90m)[39m
    at innerInvokeEventListeners [90m(D:\dowloads\cyberpunk-iptv-crm\[39mnode_modules\[4mjsdom[24m\lib\jsdom\living\events\EventTarget-impl.js:350:25[90m)[39m
    at invokeEventListeners [90m(D:\dowloads\cyberpunk-iptv-crm\[39mnode_modules\[4mjsdom[24m\lib\jsdom\living\events\EventTarget-impl.js:286:3[90m)[39m
    at HTMLUnknownElementImpl._dispatch [90m(D:\dowloads\cyberpunk-iptv-crm\[39mnode_modules\[4mjsdom[24m\lib\jsdom\living\events\EventTarget-impl.js:233:9[90m)[39m
Error: Uncaught [Error: useCyberpunkNotification must be used within a CyberpunkNotificationProvider]
    at reportException (D:\dowloads\cyberpunk-iptv-crm\node_modules\jsdom\lib\jsdom\living\helpers\runtime-script-errors.js:66:24)
    at innerInvokeEventListeners (D:\dowloads\cyberpunk-iptv-crm\node_modules\jsdom\lib\jsdom\living\events\EventTarget-impl.js:353:9)
    at invokeEventListeners (D:\dowloads\cyberpunk-iptv-crm\node_modules\jsdom\lib\jsdom\living\events\EventTarget-impl.js:286:3)
    at HTMLUnknownElementImpl._dispatch (D:\dowloads\cyberpunk-iptv-crm\node_modules\jsdom\lib\jsdom\living\events\EventTarget-impl.js:233:9)
    at HTMLUnknownElementImpl.dispatchEvent (D:\dowloads\cyberpunk-iptv-crm\node_modules\jsdom\lib\jsdom\living\events\EventTarget-impl.js:104:17)
    at HTMLUnknownElement.dispatchEvent (D:\dowloads\cyberpunk-iptv-crm\node_modules\jsdom\lib\jsdom\living\generated\EventTarget.js:241:34)
    at Object.invokeGuardedCallbackDev (D:\dowloads\cyberpunk-iptv-crm\node_modules\react-dom\cjs\react-dom.development.js:4213:16)
    at invokeGuardedCallback (D:\dowloads\cyberpunk-iptv-crm\node_modules\react-dom\cjs\react-dom.development.js:4277:31)
    at beginWork$1 (D:\dowloads\cyberpunk-iptv-crm\node_modules\react-dom\cjs\react-dom.development.js:27490:7)
    at performUnitOfWork (D:\dowloads\cyberpunk-iptv-crm\node_modules\react-dom\cjs\react-dom.development.js:26599:12) Error: useCyberpunkNotification must be used within a CyberpunkNotificationProvider
    at Module.useCyberpunkNotification [90m(D:\dowloads\cyberpunk-iptv-crm\[39msrc\components\CyberpunkNotification.tsx:376:11[90m)[39m
    at DataProvider [90m(D:\dowloads\cyberpunk-iptv-crm\[39msrc\context\DataContext.tsx:146:31[90m)[39m
    at renderWithHooks [90m(D:\dowloads\cyberpunk-iptv-crm\[39mnode_modules\[4mreact-dom[24m\cjs\react-dom.development.js:15486:18[90m)[39m
    at mountIndeterminateComponent [90m(D:\dowloads\cyberpunk-iptv-crm\[39mnode_modules\[4mreact-dom[24m\cjs\react-dom.development.js:20103:13[90m)[39m
    at beginWork [90m(D:\dowloads\cyberpunk-iptv-crm\[39mnode_modules\[4mreact-dom[24m\cjs\react-dom.development.js:21626:16[90m)[39m
    at HTMLUnknownElement.callCallback [90m(D:\dowloads\cyberpunk-iptv-crm\[39mnode_modules\[4mreact-dom[24m\cjs\react-dom.development.js:4164:14[90m)[39m
    at HTMLUnknownElement.callTheUserObjectsOperation [90m(D:\dowloads\cyberpunk-iptv-crm\[39mnode_modules\[4mjsdom[24m\lib\jsdom\living\generated\EventListener.js:26:30[90m)[39m
    at innerInvokeEventListeners [90m(D:\dowloads\cyberpunk-iptv-crm\[39mnode_modules\[4mjsdom[24m\lib\jsdom\living\events\EventTarget-impl.js:350:25[90m)[39m
    at invokeEventListeners [90m(D:\dowloads\cyberpunk-iptv-crm\[39mnode_modules\[4mjsdom[24m\lib\jsdom\living\events\EventTarget-impl.js:286:3[90m)[39m
    at HTMLUnknownElementImpl._dispatch [90m(D:\dowloads\cyberpunk-iptv-crm\[39mnode_modules\[4mjsdom[24m\lib\jsdom\living\events\EventTarget-impl.js:233:9[90m)[39m
The above error occurred in the <DataProvider> component:

    at DataProvider (D:\dowloads\cyberpunk-iptv-crm\src\context\DataContext.tsx:27:3)

Consider adding an error boundary to your tree to customize error handling behavior.
Visit https://reactjs.org/link/error-boundaries to learn more about error boundaries.

[90mstdout[2m | src/test/CyberClientsList.test.tsx[2m > [22m[2mCyberClientsList[2m > [22m[2mAccessibility[2m > [22m[2mshould be keyboard navigable
[22m[39mError: Uncaught [Error: useCyberpunkNotification must be used within a CyberpunkNotificationProvider]
    at reportException (D:\dowloads\cyberpunk-iptv-crm\node_modules\jsdom\lib\jsdom\living\helpers\runtime-script-errors.js:66:24)
    at innerInvokeEventListeners (D:\dowloads\cyberpunk-iptv-crm\node_modules\jsdom\lib\jsdom\living\events\EventTarget-impl.js:353:9)
    at invokeEventListeners (D:\dowloads\cyberpunk-iptv-crm\node_modules\jsdom\lib\jsdom\living\events\EventTarget-impl.js:286:3)
    at HTMLUnknownElementImpl._dispatch (D:\dowloads\cyberpunk-iptv-crm\node_modules\jsdom\lib\jsdom\living\events\EventTarget-impl.js:233:9)
    at HTMLUnknownElementImpl.dispatchEvent (D:\dowloads\cyberpunk-iptv-crm\node_modules\jsdom\lib\jsdom\living\events\EventTarget-impl.js:104:17)
    at HTMLUnknownElement.dispatchEvent (D:\dowloads\cyberpunk-iptv-crm\node_modules\jsdom\lib\jsdom\living\generated\EventTarget.js:241:34)
    at Object.invokeGuardedCallbackDev (D:\dowloads\cyberpunk-iptv-crm\node_modules\react-dom\cjs\react-dom.development.js:4213:16)
    at invokeGuardedCallback (D:\dowloads\cyberpunk-iptv-crm\node_modules\react-dom\cjs\react-dom.development.js:4277:31)
    at beginWork$1 (D:\dowloads\cyberpunk-iptv-crm\node_modules\react-dom\cjs\react-dom.development.js:27490:7)
    at performUnitOfWork (D:\dowloads\cyberpunk-iptv-crm\node_modules\react-dom\cjs\react-dom.development.js:26599:12) Error: useCyberpunkNotification must be used within a CyberpunkNotificationProvider
    at Module.useCyberpunkNotification [90m(D:\dowloads\cyberpunk-iptv-crm\[39msrc\components\CyberpunkNotification.tsx:376:11[90m)[39m
    at DataProvider [90m(D:\dowloads\cyberpunk-iptv-crm\[39msrc\context\DataContext.tsx:146:31[90m)[39m
    at renderWithHooks [90m(D:\dowloads\cyberpunk-iptv-crm\[39mnode_modules\[4mreact-dom[24m\cjs\react-dom.development.js:15486:18[90m)[39m
    at mountIndeterminateComponent [90m(D:\dowloads\cyberpunk-iptv-crm\[39mnode_modules\[4mreact-dom[24m\cjs\react-dom.development.js:20103:13[90m)[39m
    at beginWork [90m(D:\dowloads\cyberpunk-iptv-crm\[39mnode_modules\[4mreact-dom[24m\cjs\react-dom.development.js:21626:16[90m)[39m
    at HTMLUnknownElement.callCallback [90m(D:\dowloads\cyberpunk-iptv-crm\[39mnode_modules\[4mreact-dom[24m\cjs\react-dom.development.js:4164:14[90m)[39m
    at HTMLUnknownElement.callTheUserObjectsOperation [90m(D:\dowloads\cyberpunk-iptv-crm\[39mnode_modules\[4mjsdom[24m\lib\jsdom\living\generated\EventListener.js:26:30[90m)[39m
    at innerInvokeEventListeners [90m(D:\dowloads\cyberpunk-iptv-crm\[39mnode_modules\[4mjsdom[24m\lib\jsdom\living\events\EventTarget-impl.js:350:25[90m)[39m
    at invokeEventListeners [90m(D:\dowloads\cyberpunk-iptv-crm\[39mnode_modules\[4mjsdom[24m\lib\jsdom\living\events\EventTarget-impl.js:286:3[90m)[39m
    at HTMLUnknownElementImpl._dispatch [90m(D:\dowloads\cyberpunk-iptv-crm\[39mnode_modules\[4mjsdom[24m\lib\jsdom\living\events\EventTarget-impl.js:233:9[90m)[39m
Error: Uncaught [Error: useCyberpunkNotification must be used within a CyberpunkNotificationProvider]
    at reportException (D:\dowloads\cyberpunk-iptv-crm\node_modules\jsdom\lib\jsdom\living\helpers\runtime-script-errors.js:66:24)
    at innerInvokeEventListeners (D:\dowloads\cyberpunk-iptv-crm\node_modules\jsdom\lib\jsdom\living\events\EventTarget-impl.js:353:9)
    at invokeEventListeners (D:\dowloads\cyberpunk-iptv-crm\node_modules\jsdom\lib\jsdom\living\events\EventTarget-impl.js:286:3)
    at HTMLUnknownElementImpl._dispatch (D:\dowloads\cyberpunk-iptv-crm\node_modules\jsdom\lib\jsdom\living\events\EventTarget-impl.js:233:9)
    at HTMLUnknownElementImpl.dispatchEvent (D:\dowloads\cyberpunk-iptv-crm\node_modules\jsdom\lib\jsdom\living\events\EventTarget-impl.js:104:17)
    at HTMLUnknownElement.dispatchEvent (D:\dowloads\cyberpunk-iptv-crm\node_modules\jsdom\lib\jsdom\living\generated\EventTarget.js:241:34)
    at Object.invokeGuardedCallbackDev (D:\dowloads\cyberpunk-iptv-crm\node_modules\react-dom\cjs\react-dom.development.js:4213:16)
    at invokeGuardedCallback (D:\dowloads\cyberpunk-iptv-crm\node_modules\react-dom\cjs\react-dom.development.js:4277:31)
    at beginWork$1 (D:\dowloads\cyberpunk-iptv-crm\node_modules\react-dom\cjs\react-dom.development.js:27490:7)
    at performUnitOfWork (D:\dowloads\cyberpunk-iptv-crm\node_modules\react-dom\cjs\react-dom.development.js:26599:12) Error: useCyberpunkNotification must be used within a CyberpunkNotificationProvider
    at Module.useCyberpunkNotification [90m(D:\dowloads\cyberpunk-iptv-crm\[39msrc\components\CyberpunkNotification.tsx:376:11[90m)[39m
    at DataProvider [90m(D:\dowloads\cyberpunk-iptv-crm\[39msrc\context\DataContext.tsx:146:31[90m)[39m
    at renderWithHooks [90m(D:\dowloads\cyberpunk-iptv-crm\[39mnode_modules\[4mreact-dom[24m\cjs\react-dom.development.js:15486:18[90m)[39m
    at mountIndeterminateComponent [90m(D:\dowloads\cyberpunk-iptv-crm\[39mnode_modules\[4mreact-dom[24m\cjs\react-dom.development.js:20103:13[90m)[39m
    at beginWork [90m(D:\dowloads\cyberpunk-iptv-crm\[39mnode_modules\[4mreact-dom[24m\cjs\react-dom.development.js:21626:16[90m)[39m
    at HTMLUnknownElement.callCallback [90m(D:\dowloads\cyberpunk-iptv-crm\[39mnode_modules\[4mreact-dom[24m\cjs\react-dom.development.js:4164:14[90m)[39m
    at HTMLUnknownElement.callTheUserObjectsOperation [90m(D:\dowloads\cyberpunk-iptv-crm\[39mnode_modules\[4mjsdom[24m\lib\jsdom\living\generated\EventListener.js:26:30[90m)[39m
    at innerInvokeEventListeners [90m(D:\dowloads\cyberpunk-iptv-crm\[39mnode_modules\[4mjsdom[24m\lib\jsdom\living\events\EventTarget-impl.js:350:25[90m)[39m
    at invokeEventListeners [90m(D:\dowloads\cyberpunk-iptv-crm\[39mnode_modules\[4mjsdom[24m\lib\jsdom\living\events\EventTarget-impl.js:286:3[90m)[39m
    at HTMLUnknownElementImpl._dispatch [90m(D:\dowloads\cyberpunk-iptv-crm\[39mnode_modules\[4mjsdom[24m\lib\jsdom\living\events\EventTarget-impl.js:233:9[90m)[39m
The above error occurred in the <DataProvider> component:

    at DataProvider (D:\dowloads\cyberpunk-iptv-crm\src\context\DataContext.tsx:27:3)

Consider adding an error boundary to your tree to customize error handling behavior.
Visit https://reactjs.org/link/error-boundaries to learn more about error boundaries.

[90mstdout[2m | src/test/CyberClientsList.test.tsx[2m > [22m[2mCyberClientsList[2m > [22m[2mError Handling[2m > [22m[2mshould handle empty client list gracefully
[22m[39mError: Uncaught [Error: useCyberpunkNotification must be used within a CyberpunkNotificationProvider]
    at reportException (D:\dowloads\cyberpunk-iptv-crm\node_modules\jsdom\lib\jsdom\living\helpers\runtime-script-errors.js:66:24)
    at innerInvokeEventListeners (D:\dowloads\cyberpunk-iptv-crm\node_modules\jsdom\lib\jsdom\living\events\EventTarget-impl.js:353:9)
    at invokeEventListeners (D:\dowloads\cyberpunk-iptv-crm\node_modules\jsdom\lib\jsdom\living\events\EventTarget-impl.js:286:3)
    at HTMLUnknownElementImpl._dispatch (D:\dowloads\cyberpunk-iptv-crm\node_modules\jsdom\lib\jsdom\living\events\EventTarget-impl.js:233:9)
    at HTMLUnknownElementImpl.dispatchEvent (D:\dowloads\cyberpunk-iptv-crm\node_modules\jsdom\lib\jsdom\living\events\EventTarget-impl.js:104:17)
    at HTMLUnknownElement.dispatchEvent (D:\dowloads\cyberpunk-iptv-crm\node_modules\jsdom\lib\jsdom\living\generated\EventTarget.js:241:34)
    at Object.invokeGuardedCallbackDev (D:\dowloads\cyberpunk-iptv-crm\node_modules\react-dom\cjs\react-dom.development.js:4213:16)
    at invokeGuardedCallback (D:\dowloads\cyberpunk-iptv-crm\node_modules\react-dom\cjs\react-dom.development.js:4277:31)
    at beginWork$1 (D:\dowloads\cyberpunk-iptv-crm\node_modules\react-dom\cjs\react-dom.development.js:27490:7)
    at performUnitOfWork (D:\dowloads\cyberpunk-iptv-crm\node_modules\react-dom\cjs\react-dom.development.js:26599:12) Error: useCyberpunkNotification must be used within a CyberpunkNotificationProvider
    at Module.useCyberpunkNotification [90m(D:\dowloads\cyberpunk-iptv-crm\[39msrc\components\CyberpunkNotification.tsx:376:11[90m)[39m
    at DataProvider [90m(D:\dowloads\cyberpunk-iptv-crm\[39msrc\context\DataContext.tsx:146:31[90m)[39m
    at renderWithHooks [90m(D:\dowloads\cyberpunk-iptv-crm\[39mnode_modules\[4mreact-dom[24m\cjs\react-dom.development.js:15486:18[90m)[39m
    at mountIndeterminateComponent [90m(D:\dowloads\cyberpunk-iptv-crm\[39mnode_modules\[4mreact-dom[24m\cjs\react-dom.development.js:20103:13[90m)[39m
    at beginWork [90m(D:\dowloads\cyberpunk-iptv-crm\[39mnode_modules\[4mreact-dom[24m\cjs\react-dom.development.js:21626:16[90m)[39m
    at HTMLUnknownElement.callCallback [90m(D:\dowloads\cyberpunk-iptv-crm\[39mnode_modules\[4mreact-dom[24m\cjs\react-dom.development.js:4164:14[90m)[39m
    at HTMLUnknownElement.callTheUserObjectsOperation [90m(D:\dowloads\cyberpunk-iptv-crm\[39mnode_modules\[4mjsdom[24m\lib\jsdom\living\generated\EventListener.js:26:30[90m)[39m
    at innerInvokeEventListeners [90m(D:\dowloads\cyberpunk-iptv-crm\[39mnode_modules\[4mjsdom[24m\lib\jsdom\living\events\EventTarget-impl.js:350:25[90m)[39m
    at invokeEventListeners [90m(D:\dowloads\cyberpunk-iptv-crm\[39mnode_modules\[4mjsdom[24m\lib\jsdom\living\events\EventTarget-impl.js:286:3[90m)[39m
    at HTMLUnknownElementImpl._dispatch [90m(D:\dowloads\cyberpunk-iptv-crm\[39mnode_modules\[4mjsdom[24m\lib\jsdom\living\events\EventTarget-impl.js:233:9[90m)[39m
Error: Uncaught [Error: useCyberpunkNotification must be used within a CyberpunkNotificationProvider]
    at reportException (D:\dowloads\cyberpunk-iptv-crm\node_modules\jsdom\lib\jsdom\living\helpers\runtime-script-errors.js:66:24)
    at innerInvokeEventListeners (D:\dowloads\cyberpunk-iptv-crm\node_modules\jsdom\lib\jsdom\living\events\EventTarget-impl.js:353:9)
    at invokeEventListeners (D:\dowloads\cyberpunk-iptv-crm\node_modules\jsdom\lib\jsdom\living\events\EventTarget-impl.js:286:3)
    at HTMLUnknownElementImpl._dispatch (D:\dowloads\cyberpunk-iptv-crm\node_modules\jsdom\lib\jsdom\living\events\EventTarget-impl.js:233:9)
    at HTMLUnknownElementImpl.dispatchEvent (D:\dowloads\cyberpunk-iptv-crm\node_modules\jsdom\lib\jsdom\living\events\EventTarget-impl.js:104:17)
    at HTMLUnknownElement.dispatchEvent (D:\dowloads\cyberpunk-iptv-crm\node_modules\jsdom\lib\jsdom\living\generated\EventTarget.js:241:34)
    at Object.invokeGuardedCallbackDev (D:\dowloads\cyberpunk-iptv-crm\node_modules\react-dom\cjs\react-dom.development.js:4213:16)
    at invokeGuardedCallback (D:\dowloads\cyberpunk-iptv-crm\node_modules\react-dom\cjs\react-dom.development.js:4277:31)
    at beginWork$1 (D:\dowloads\cyberpunk-iptv-crm\node_modules\react-dom\cjs\react-dom.development.js:27490:7)
    at performUnitOfWork (D:\dowloads\cyberpunk-iptv-crm\node_modules\react-dom\cjs\react-dom.development.js:26599:12) Error: useCyberpunkNotification must be used within a CyberpunkNotificationProvider
    at Module.useCyberpunkNotification [90m(D:\dowloads\cyberpunk-iptv-crm\[39msrc\components\CyberpunkNotification.tsx:376:11[90m)[39m
    at DataProvider [90m(D:\dowloads\cyberpunk-iptv-crm\[39msrc\context\DataContext.tsx:146:31[90m)[39m
    at renderWithHooks [90m(D:\dowloads\cyberpunk-iptv-crm\[39mnode_modules\[4mreact-dom[24m\cjs\react-dom.development.js:15486:18[90m)[39m
    at mountIndeterminateComponent [90m(D:\dowloads\cyberpunk-iptv-crm\[39mnode_modules\[4mreact-dom[24m\cjs\react-dom.development.js:20103:13[90m)[39m
    at beginWork [90m(D:\dowloads\cyberpunk-iptv-crm\[39mnode_modules\[4mreact-dom[24m\cjs\react-dom.development.js:21626:16[90m)[39m
    at HTMLUnknownElement.callCallback [90m(D:\dowloads\cyberpunk-iptv-crm\[39mnode_modules\[4mreact-dom[24m\cjs\react-dom.development.js:4164:14[90m)[39m
    at HTMLUnknownElement.callTheUserObjectsOperation [90m(D:\dowloads\cyberpunk-iptv-crm\[39mnode_modules\[4mjsdom[24m\lib\jsdom\living\generated\EventListener.js:26:30[90m)[39m
    at innerInvokeEventListeners [90m(D:\dowloads\cyberpunk-iptv-crm\[39mnode_modules\[4mjsdom[24m\lib\jsdom\living\events\EventTarget-impl.js:350:25[90m)[39m
    at invokeEventListeners [90m(D:\dowloads\cyberpunk-iptv-crm\[39mnode_modules\[4mjsdom[24m\lib\jsdom\living\events\EventTarget-impl.js:286:3[90m)[39m
    at HTMLUnknownElementImpl._dispatch [90m(D:\dowloads\cyberpunk-iptv-crm\[39mnode_modules\[4mjsdom[24m\lib\jsdom\living\events\EventTarget-impl.js:233:9[90m)[39m
The above error occurred in the <DataProvider> component:

    at DataProvider (D:\dowloads\cyberpunk-iptv-crm\src\context\DataContext.tsx:27:3)

Consider adding an error boundary to your tree to customize error handling behavior.
Visit https://reactjs.org/link/error-boundaries to learn more about error boundaries.

[90mstdout[2m | src/test/CyberClientsList.test.tsx[2m > [22m[2mCyberClientsList[2m > [22m[2mError Handling[2m > [22m[2mshould handle invalid dates gracefully
[22m[39mError: Uncaught [Error: useCyberpunkNotification must be used within a CyberpunkNotificationProvider]
    at reportException (D:\dowloads\cyberpunk-iptv-crm\node_modules\jsdom\lib\jsdom\living\helpers\runtime-script-errors.js:66:24)
    at innerInvokeEventListeners (D:\dowloads\cyberpunk-iptv-crm\node_modules\jsdom\lib\jsdom\living\events\EventTarget-impl.js:353:9)
    at invokeEventListeners (D:\dowloads\cyberpunk-iptv-crm\node_modules\jsdom\lib\jsdom\living\events\EventTarget-impl.js:286:3)
    at HTMLUnknownElementImpl._dispatch (D:\dowloads\cyberpunk-iptv-crm\node_modules\jsdom\lib\jsdom\living\events\EventTarget-impl.js:233:9)
    at HTMLUnknownElementImpl.dispatchEvent (D:\dowloads\cyberpunk-iptv-crm\node_modules\jsdom\lib\jsdom\living\events\EventTarget-impl.js:104:17)
    at HTMLUnknownElement.dispatchEvent (D:\dowloads\cyberpunk-iptv-crm\node_modules\jsdom\lib\jsdom\living\generated\EventTarget.js:241:34)
    at Object.invokeGuardedCallbackDev (D:\dowloads\cyberpunk-iptv-crm\node_modules\react-dom\cjs\react-dom.development.js:4213:16)
    at invokeGuardedCallback (D:\dowloads\cyberpunk-iptv-crm\node_modules\react-dom\cjs\react-dom.development.js:4277:31)
    at beginWork$1 (D:\dowloads\cyberpunk-iptv-crm\node_modules\react-dom\cjs\react-dom.development.js:27490:7)
    at performUnitOfWork (D:\dowloads\cyberpunk-iptv-crm\node_modules\react-dom\cjs\react-dom.development.js:26599:12) Error: useCyberpunkNotification must be used within a CyberpunkNotificationProvider
    at Module.useCyberpunkNotification [90m(D:\dowloads\cyberpunk-iptv-crm\[39msrc\components\CyberpunkNotification.tsx:376:11[90m)[39m
    at DataProvider [90m(D:\dowloads\cyberpunk-iptv-crm\[39msrc\context\DataContext.tsx:146:31[90m)[39m
    at renderWithHooks [90m(D:\dowloads\cyberpunk-iptv-crm\[39mnode_modules\[4mreact-dom[24m\cjs\react-dom.development.js:15486:18[90m)[39m
    at mountIndeterminateComponent [90m(D:\dowloads\cyberpunk-iptv-crm\[39mnode_modules\[4mreact-dom[24m\cjs\react-dom.development.js:20103:13[90m)[39m
    at beginWork [90m(D:\dowloads\cyberpunk-iptv-crm\[39mnode_modules\[4mreact-dom[24m\cjs\react-dom.development.js:21626:16[90m)[39m
    at HTMLUnknownElement.callCallback [90m(D:\dowloads\cyberpunk-iptv-crm\[39mnode_modules\[4mreact-dom[24m\cjs\react-dom.development.js:4164:14[90m)[39m
    at HTMLUnknownElement.callTheUserObjectsOperation [90m(D:\dowloads\cyberpunk-iptv-crm\[39mnode_modules\[4mjsdom[24m\lib\jsdom\living\generated\EventListener.js:26:30[90m)[39m
    at innerInvokeEventListeners [90m(D:\dowloads\cyberpunk-iptv-crm\[39mnode_modules\[4mjsdom[24m\lib\jsdom\living\events\EventTarget-impl.js:350:25[90m)[39m
    at invokeEventListeners [90m(D:\dowloads\cyberpunk-iptv-crm\[39mnode_modules\[4mjsdom[24m\lib\jsdom\living\events\EventTarget-impl.js:286:3[90m)[39m
    at HTMLUnknownElementImpl._dispatch [90m(D:\dowloads\cyberpunk-iptv-crm\[39mnode_modules\[4mjsdom[24m\lib\jsdom\living\events\EventTarget-impl.js:233:9[90m)[39m
Error: Uncaught [Error: useCyberpunkNotification must be used within a CyberpunkNotificationProvider]
    at reportException (D:\dowloads\cyberpunk-iptv-crm\node_modules\jsdom\lib\jsdom\living\helpers\runtime-script-errors.js:66:24)
    at innerInvokeEventListeners (D:\dowloads\cyberpunk-iptv-crm\node_modules\jsdom\lib\jsdom\living\events\EventTarget-impl.js:353:9)
    at invokeEventListeners (D:\dowloads\cyberpunk-iptv-crm\node_modules\jsdom\lib\jsdom\living\events\EventTarget-impl.js:286:3)
    at HTMLUnknownElementImpl._dispatch (D:\dowloads\cyberpunk-iptv-crm\node_modules\jsdom\lib\jsdom\living\events\EventTarget-impl.js:233:9)
    at HTMLUnknownElementImpl.dispatchEvent (D:\dowloads\cyberpunk-iptv-crm\node_modules\jsdom\lib\jsdom\living\events\EventTarget-impl.js:104:17)
    at HTMLUnknownElement.dispatchEvent (D:\dowloads\cyberpunk-iptv-crm\node_modules\jsdom\lib\jsdom\living\generated\EventTarget.js:241:34)
    at Object.invokeGuardedCallbackDev (D:\dowloads\cyberpunk-iptv-crm\node_modules\react-dom\cjs\react-dom.development.js:4213:16)
    at invokeGuardedCallback (D:\dowloads\cyberpunk-iptv-crm\node_modules\react-dom\cjs\react-dom.development.js:4277:31)
    at beginWork$1 (D:\dowloads\cyberpunk-iptv-crm\node_modules\react-dom\cjs\react-dom.development.js:27490:7)
    at performUnitOfWork (D:\dowloads\cyberpunk-iptv-crm\node_modules\react-dom\cjs\react-dom.development.js:26599:12) Error: useCyberpunkNotification must be used within a CyberpunkNotificationProvider
    at Module.useCyberpunkNotification [90m(D:\dowloads\cyberpunk-iptv-crm\[39msrc\components\CyberpunkNotification.tsx:376:11[90m)[39m
    at DataProvider [90m(D:\dowloads\cyberpunk-iptv-crm\[39msrc\context\DataContext.tsx:146:31[90m)[39m
    at renderWithHooks [90m(D:\dowloads\cyberpunk-iptv-crm\[39mnode_modules\[4mreact-dom[24m\cjs\react-dom.development.js:15486:18[90m)[39m
    at mountIndeterminateComponent [90m(D:\dowloads\cyberpunk-iptv-crm\[39mnode_modules\[4mreact-dom[24m\cjs\react-dom.development.js:20103:13[90m)[39m
    at beginWork [90m(D:\dowloads\cyberpunk-iptv-crm\[39mnode_modules\[4mreact-dom[24m\cjs\react-dom.development.js:21626:16[90m)[39m
    at HTMLUnknownElement.callCallback [90m(D:\dowloads\cyberpunk-iptv-crm\[39mnode_modules\[4mreact-dom[24m\cjs\react-dom.development.js:4164:14[90m)[39m
    at HTMLUnknownElement.callTheUserObjectsOperation [90m(D:\dowloads\cyberpunk-iptv-crm\[39mnode_modules\[4mjsdom[24m\lib\jsdom\living\generated\EventListener.js:26:30[90m)[39m
    at innerInvokeEventListeners [90m(D:\dowloads\cyberpunk-iptv-crm\[39mnode_modules\[4mjsdom[24m\lib\jsdom\living\events\EventTarget-impl.js:350:25[90m)[39m
    at invokeEventListeners [90m(D:\dowloads\cyberpunk-iptv-crm\[39mnode_modules\[4mjsdom[24m\lib\jsdom\living\events\EventTarget-impl.js:286:3[90m)[39m
    at HTMLUnknownElementImpl._dispatch [90m(D:\dowloads\cyberpunk-iptv-crm\[39mnode_modules\[4mjsdom[24m\lib\jsdom\living\events\EventTarget-impl.js:233:9[90m)[39m
The above error occurred in the <DataProvider> component:

    at DataProvider (D:\dowloads\cyberpunk-iptv-crm\src\context\DataContext.tsx:27:3)

Consider adding an error boundary to your tree to customize error handling behavior.
Visit https://reactjs.org/link/error-boundaries to learn more about error boundaries.

[90mstdout[2m | src/test/CyberClientsList.test.tsx[2m > [22m[2mCyberClientsList[2m > [22m[2mError Handling[2m > [22m[2mshould handle missing required fields gracefully
[22m[39mError: Uncaught [Error: useCyberpunkNotification must be used within a CyberpunkNotificationProvider]
    at reportException (D:\dowloads\cyberpunk-iptv-crm\node_modules\jsdom\lib\jsdom\living\helpers\runtime-script-errors.js:66:24)
    at innerInvokeEventListeners (D:\dowloads\cyberpunk-iptv-crm\node_modules\jsdom\lib\jsdom\living\events\EventTarget-impl.js:353:9)
    at invokeEventListeners (D:\dowloads\cyberpunk-iptv-crm\node_modules\jsdom\lib\jsdom\living\events\EventTarget-impl.js:286:3)
    at HTMLUnknownElementImpl._dispatch (D:\dowloads\cyberpunk-iptv-crm\node_modules\jsdom\lib\jsdom\living\events\EventTarget-impl.js:233:9)
    at HTMLUnknownElementImpl.dispatchEvent (D:\dowloads\cyberpunk-iptv-crm\node_modules\jsdom\lib\jsdom\living\events\EventTarget-impl.js:104:17)
    at HTMLUnknownElement.dispatchEvent (D:\dowloads\cyberpunk-iptv-crm\node_modules\jsdom\lib\jsdom\living\generated\EventTarget.js:241:34)
    at Object.invokeGuardedCallbackDev (D:\dowloads\cyberpunk-iptv-crm\node_modules\react-dom\cjs\react-dom.development.js:4213:16)
    at invokeGuardedCallback (D:\dowloads\cyberpunk-iptv-crm\node_modules\react-dom\cjs\react-dom.development.js:4277:31)
    at beginWork$1 (D:\dowloads\cyberpunk-iptv-crm\node_modules\react-dom\cjs\react-dom.development.js:27490:7)
    at performUnitOfWork (D:\dowloads\cyberpunk-iptv-crm\node_modules\react-dom\cjs\react-dom.development.js:26599:12) Error: useCyberpunkNotification must be used within a CyberpunkNotificationProvider
    at Module.useCyberpunkNotification [90m(D:\dowloads\cyberpunk-iptv-crm\[39msrc\components\CyberpunkNotification.tsx:376:11[90m)[39m
    at DataProvider [90m(D:\dowloads\cyberpunk-iptv-crm\[39msrc\context\DataContext.tsx:146:31[90m)[39m
    at renderWithHooks [90m(D:\dowloads\cyberpunk-iptv-crm\[39mnode_modules\[4mreact-dom[24m\cjs\react-dom.development.js:15486:18[90m)[39m
    at mountIndeterminateComponent [90m(D:\dowloads\cyberpunk-iptv-crm\[39mnode_modules\[4mreact-dom[24m\cjs\react-dom.development.js:20103:13[90m)[39m
    at beginWork [90m(D:\dowloads\cyberpunk-iptv-crm\[39mnode_modules\[4mreact-dom[24m\cjs\react-dom.development.js:21626:16[90m)[39m
    at HTMLUnknownElement.callCallback [90m(D:\dowloads\cyberpunk-iptv-crm\[39mnode_modules\[4mreact-dom[24m\cjs\react-dom.development.js:4164:14[90m)[39m
    at HTMLUnknownElement.callTheUserObjectsOperation [90m(D:\dowloads\cyberpunk-iptv-crm\[39mnode_modules\[4mjsdom[24m\lib\jsdom\living\generated\EventListener.js:26:30[90m)[39m
    at innerInvokeEventListeners [90m(D:\dowloads\cyberpunk-iptv-crm\[39mnode_modules\[4mjsdom[24m\lib\jsdom\living\events\EventTarget-impl.js:350:25[90m)[39m
    at invokeEventListeners [90m(D:\dowloads\cyberpunk-iptv-crm\[39mnode_modules\[4mjsdom[24m\lib\jsdom\living\events\EventTarget-impl.js:286:3[90m)[39m
    at HTMLUnknownElementImpl._dispatch [90m(D:\dowloads\cyberpunk-iptv-crm\[39mnode_modules\[4mjsdom[24m\lib\jsdom\living\events\EventTarget-impl.js:233:9[90m)[39m
Error: Uncaught [Error: useCyberpunkNotification must be used within a CyberpunkNotificationProvider]
    at reportException (D:\dowloads\cyberpunk-iptv-crm\node_modules\jsdom\lib\jsdom\living\helpers\runtime-script-errors.js:66:24)
    at innerInvokeEventListeners (D:\dowloads\cyberpunk-iptv-crm\node_modules\jsdom\lib\jsdom\living\events\EventTarget-impl.js:353:9)
    at invokeEventListeners (D:\dowloads\cyberpunk-iptv-crm\node_modules\jsdom\lib\jsdom\living\events\EventTarget-impl.js:286:3)
    at HTMLUnknownElementImpl._dispatch (D:\dowloads\cyberpunk-iptv-crm\node_modules\jsdom\lib\jsdom\living\events\EventTarget-impl.js:233:9)
    at HTMLUnknownElementImpl.dispatchEvent (D:\dowloads\cyberpunk-iptv-crm\node_modules\jsdom\lib\jsdom\living\events\EventTarget-impl.js:104:17)
    at HTMLUnknownElement.dispatchEvent (D:\dowloads\cyberpunk-iptv-crm\node_modules\jsdom\lib\jsdom\living\generated\EventTarget.js:241:34)
    at Object.invokeGuardedCallbackDev (D:\dowloads\cyberpunk-iptv-crm\node_modules\react-dom\cjs\react-dom.development.js:4213:16)
    at invokeGuardedCallback (D:\dowloads\cyberpunk-iptv-crm\node_modules\react-dom\cjs\react-dom.development.js:4277:31)
    at beginWork$1 (D:\dowloads\cyberpunk-iptv-crm\node_modules\react-dom\cjs\react-dom.development.js:27490:7)
    at performUnitOfWork (D:\dowloads\cyberpunk-iptv-crm\node_modules\react-dom\cjs\react-dom.development.js:26599:12) Error: useCyberpunkNotification must be used within a CyberpunkNotificationProvider
    at Module.useCyberpunkNotification [90m(D:\dowloads\cyberpunk-iptv-crm\[39msrc\components\CyberpunkNotification.tsx:376:11[90m)[39m
    at DataProvider [90m(D:\dowloads\cyberpunk-iptv-crm\[39msrc\context\DataContext.tsx:146:31[90m)[39m
    at renderWithHooks [90m(D:\dowloads\cyberpunk-iptv-crm\[39mnode_modules\[4mreact-dom[24m\cjs\react-dom.development.js:15486:18[90m)[39m
    at mountIndeterminateComponent [90m(D:\dowloads\cyberpunk-iptv-crm\[39mnode_modules\[4mreact-dom[24m\cjs\react-dom.development.js:20103:13[90m)[39m
    at beginWork [90m(D:\dowloads\cyberpunk-iptv-crm\[39mnode_modules\[4mreact-dom[24m\cjs\react-dom.development.js:21626:16[90m)[39m
    at HTMLUnknownElement.callCallback [90m(D:\dowloads\cyberpunk-iptv-crm\[39mnode_modules\[4mreact-dom[24m\cjs\react-dom.development.js:4164:14[90m)[39m
    at HTMLUnknownElement.callTheUserObjectsOperation [90m(D:\dowloads\cyberpunk-iptv-crm\[39mnode_modules\[4mjsdom[24m\lib\jsdom\living\generated\EventListener.js:26:30[90m)[39m
    at innerInvokeEventListeners [90m(D:\dowloads\cyberpunk-iptv-crm\[39mnode_modules\[4mjsdom[24m\lib\jsdom\living\events\EventTarget-impl.js:350:25[90m)[39m
    at invokeEventListeners [90m(D:\dowloads\cyberpunk-iptv-crm\[39mnode_modules\[4mjsdom[24m\lib\jsdom\living\events\EventTarget-impl.js:286:3[90m)[39m
    at HTMLUnknownElementImpl._dispatch [90m(D:\dowloads\cyberpunk-iptv-crm\[39mnode_modules\[4mjsdom[24m\lib\jsdom\living\events\EventTarget-impl.js:233:9[90m)[39m
The above error occurred in the <DataProvider> component:

    at DataProvider (D:\dowloads\cyberpunk-iptv-crm\src\context\DataContext.tsx:27:3)

Consider adding an error boundary to your tree to customize error handling behavior.
Visit https://reactjs.org/link/error-boundaries to learn more about error boundaries.

[90mstdout[2m | src/test/CyberClientsList.test.tsx[2m > [22m[2mCyberClientsList[2m > [22m[2mPerformance[2m > [22m[2mshould handle large datasets efficiently
[22m[39mError: Uncaught [Error: useCyberpunkNotification must be used within a CyberpunkNotificationProvider]
    at reportException (D:\dowloads\cyberpunk-iptv-crm\node_modules\jsdom\lib\jsdom\living\helpers\runtime-script-errors.js:66:24)
    at innerInvokeEventListeners (D:\dowloads\cyberpunk-iptv-crm\node_modules\jsdom\lib\jsdom\living\events\EventTarget-impl.js:353:9)
    at invokeEventListeners (D:\dowloads\cyberpunk-iptv-crm\node_modules\jsdom\lib\jsdom\living\events\EventTarget-impl.js:286:3)
    at HTMLUnknownElementImpl._dispatch (D:\dowloads\cyberpunk-iptv-crm\node_modules\jsdom\lib\jsdom\living\events\EventTarget-impl.js:233:9)
    at HTMLUnknownElementImpl.dispatchEvent (D:\dowloads\cyberpunk-iptv-crm\node_modules\jsdom\lib\jsdom\living\events\EventTarget-impl.js:104:17)
    at HTMLUnknownElement.dispatchEvent (D:\dowloads\cyberpunk-iptv-crm\node_modules\jsdom\lib\jsdom\living\generated\EventTarget.js:241:34)
    at Object.invokeGuardedCallbackDev (D:\dowloads\cyberpunk-iptv-crm\node_modules\react-dom\cjs\react-dom.development.js:4213:16)
    at invokeGuardedCallback (D:\dowloads\cyberpunk-iptv-crm\node_modules\react-dom\cjs\react-dom.development.js:4277:31)
    at beginWork$1 (D:\dowloads\cyberpunk-iptv-crm\node_modules\react-dom\cjs\react-dom.development.js:27490:7)
    at performUnitOfWork (D:\dowloads\cyberpunk-iptv-crm\node_modules\react-dom\cjs\react-dom.development.js:26599:12) Error: useCyberpunkNotification must be used within a CyberpunkNotificationProvider
    at Module.useCyberpunkNotification [90m(D:\dowloads\cyberpunk-iptv-crm\[39msrc\components\CyberpunkNotification.tsx:376:11[90m)[39m
    at DataProvider [90m(D:\dowloads\cyberpunk-iptv-crm\[39msrc\context\DataContext.tsx:146:31[90m)[39m
    at renderWithHooks [90m(D:\dowloads\cyberpunk-iptv-crm\[39mnode_modules\[4mreact-dom[24m\cjs\react-dom.development.js:15486:18[90m)[39m
    at mountIndeterminateComponent [90m(D:\dowloads\cyberpunk-iptv-crm\[39mnode_modules\[4mreact-dom[24m\cjs\react-dom.development.js:20103:13[90m)[39m
    at beginWork [90m(D:\dowloads\cyberpunk-iptv-crm\[39mnode_modules\[4mreact-dom[24m\cjs\react-dom.development.js:21626:16[90m)[39m
    at HTMLUnknownElement.callCallback [90m(D:\dowloads\cyberpunk-iptv-crm\[39mnode_modules\[4mreact-dom[24m\cjs\react-dom.development.js:4164:14[90m)[39m
    at HTMLUnknownElement.callTheUserObjectsOperation [90m(D:\dowloads\cyberpunk-iptv-crm\[39mnode_modules\[4mjsdom[24m\lib\jsdom\living\generated\EventListener.js:26:30[90m)[39m
    at innerInvokeEventListeners [90m(D:\dowloads\cyberpunk-iptv-crm\[39mnode_modules\[4mjsdom[24m\lib\jsdom\living\events\EventTarget-impl.js:350:25[90m)[39m
    at invokeEventListeners [90m(D:\dowloads\cyberpunk-iptv-crm\[39mnode_modules\[4mjsdom[24m\lib\jsdom\living\events\EventTarget-impl.js:286:3[90m)[39m
    at HTMLUnknownElementImpl._dispatch [90m(D:\dowloads\cyberpunk-iptv-crm\[39mnode_modules\[4mjsdom[24m\lib\jsdom\living\events\EventTarget-impl.js:233:9[90m)[39m
Error: Uncaught [Error: useCyberpunkNotification must be used within a CyberpunkNotificationProvider]
    at reportException (D:\dowloads\cyberpunk-iptv-crm\node_modules\jsdom\lib\jsdom\living\helpers\runtime-script-errors.js:66:24)
    at innerInvokeEventListeners (D:\dowloads\cyberpunk-iptv-crm\node_modules\jsdom\lib\jsdom\living\events\EventTarget-impl.js:353:9)
    at invokeEventListeners (D:\dowloads\cyberpunk-iptv-crm\node_modules\jsdom\lib\jsdom\living\events\EventTarget-impl.js:286:3)
    at HTMLUnknownElementImpl._dispatch (D:\dowloads\cyberpunk-iptv-crm\node_modules\jsdom\lib\jsdom\living\events\EventTarget-impl.js:233:9)
    at HTMLUnknownElementImpl.dispatchEvent (D:\dowloads\cyberpunk-iptv-crm\node_modules\jsdom\lib\jsdom\living\events\EventTarget-impl.js:104:17)
    at HTMLUnknownElement.dispatchEvent (D:\dowloads\cyberpunk-iptv-crm\node_modules\jsdom\lib\jsdom\living\generated\EventTarget.js:241:34)
    at Object.invokeGuardedCallbackDev (D:\dowloads\cyberpunk-iptv-crm\node_modules\react-dom\cjs\react-dom.development.js:4213:16)
    at invokeGuardedCallback (D:\dowloads\cyberpunk-iptv-crm\node_modules\react-dom\cjs\react-dom.development.js:4277:31)
    at beginWork$1 (D:\dowloads\cyberpunk-iptv-crm\node_modules\react-dom\cjs\react-dom.development.js:27490:7)
    at performUnitOfWork (D:\dowloads\cyberpunk-iptv-crm\node_modules\react-dom\cjs\react-dom.development.js:26599:12) Error: useCyberpunkNotification must be used within a CyberpunkNotificationProvider
    at Module.useCyberpunkNotification [90m(D:\dowloads\cyberpunk-iptv-crm\[39msrc\components\CyberpunkNotification.tsx:376:11[90m)[39m
    at DataProvider [90m(D:\dowloads\cyberpunk-iptv-crm\[39msrc\context\DataContext.tsx:146:31[90m)[39m
    at renderWithHooks [90m(D:\dowloads\cyberpunk-iptv-crm\[39mnode_modules\[4mreact-dom[24m\cjs\react-dom.development.js:15486:18[90m)[39m
    at mountIndeterminateComponent [90m(D:\dowloads\cyberpunk-iptv-crm\[39mnode_modules\[4mreact-dom[24m\cjs\react-dom.development.js:20103:13[90m)[39m
    at beginWork [90m(D:\dowloads\cyberpunk-iptv-crm\[39mnode_modules\[4mreact-dom[24m\cjs\react-dom.development.js:21626:16[90m)[39m
    at HTMLUnknownElement.callCallback [90m(D:\dowloads\cyberpunk-iptv-crm\[39mnode_modules\[4mreact-dom[24m\cjs\react-dom.development.js:4164:14[90m)[39m
    at HTMLUnknownElement.callTheUserObjectsOperation [90m(D:\dowloads\cyberpunk-iptv-crm\[39mnode_modules\[4mjsdom[24m\lib\jsdom\living\generated\EventListener.js:26:30[90m)[39m
    at innerInvokeEventListeners [90m(D:\dowloads\cyberpunk-iptv-crm\[39mnode_modules\[4mjsdom[24m\lib\jsdom\living\events\EventTarget-impl.js:350:25[90m)[39m
    at invokeEventListeners [90m(D:\dowloads\cyberpunk-iptv-crm\[39mnode_modules\[4mjsdom[24m\lib\jsdom\living\events\EventTarget-impl.js:286:3[90m)[39m
    at HTMLUnknownElementImpl._dispatch [90m(D:\dowloads\cyberpunk-iptv-crm\[39mnode_modules\[4mjsdom[24m\lib\jsdom\living\events\EventTarget-impl.js:233:9[90m)[39m
The above error occurred in the <DataProvider> component:

    at DataProvider (D:\dowloads\cyberpunk-iptv-crm\src\context\DataContext.tsx:27:3)

Consider adding an error boundary to your tree to customize error handling behavior.
Visit https://reactjs.org/link/error-boundaries to learn more about error boundaries.

 [31mÔØ»[39m src/test/CyberClientsList.test.tsx [2m([22m[2m24 tests[22m[2m | [22m[31m24 failed[39m[2m)[22m[90m 101[2mms[22m[39m
[31m   [31m├ù[31m CyberClientsList[2m > [22mComponent Rendering[2m > [22mshould render the component without crashing[90m 34[2mms[22m[31m[39m
[31m     ÔåÆ useCyberpunkNotification must be used within a CyberpunkNotificationProvider[39m
[31m   [31m├ù[31m CyberClientsList[2m > [22mComponent Rendering[2m > [22mshould display the client list with correct data[90m 3[2mms[22m[31m[39m
[31m     ÔåÆ useCyberpunkNotification must be used within a CyberpunkNotificationProvider[39m
[31m   [31m├ù[31m CyberClientsList[2m > [22mComponent Rendering[2m > [22mshould display client status badges correctly[90m 5[2mms[22m[31m[39m
[31m     ÔåÆ useCyberpunkNotification must be used within a CyberpunkNotificationProvider[39m
[31m   [31m├ù[31m CyberClientsList[2m > [22mComponent Rendering[2m > [22mshould display payment status badges correctly[90m 4[2mms[22m[31m[39m
[31m     ÔåÆ useCyberpunkNotification must be used within a CyberpunkNotificationProvider[39m
[31m   [31m├ù[31m CyberClientsList[2m > [22mSearch and Filtering[2m > [22mshould filter clients by search term[90m 4[2mms[22m[31m[39m
[31m     ÔåÆ useCyberpunkNotification must be used within a CyberpunkNotificationProvider[39m
[31m   [31m├ù[31m CyberClientsList[2m > [22mSearch and Filtering[2m > [22mshould filter by status[90m 2[2mms[22m[31m[39m
[31m     ÔåÆ useCyberpunkNotification must be used within a CyberpunkNotificationProvider[39m
[31m   [31m├ù[31m CyberClientsList[2m > [22mSearch and Filtering[2m > [22mshould filter by payment status[90m 4[2mms[22m[31m[39m
[31m     ÔåÆ useCyberpunkNotification must be used within a CyberpunkNotificationProvider[39m
[31m   [31m├ù[31m CyberClientsList[2m > [22mSearch and Filtering[2m > [22mshould show clients expiring within 7 days[90m 3[2mms[22m[31m[39m
[31m     ÔåÆ useCyberpunkNotification must be used within a CyberpunkNotificationProvider[39m
[31m   [31m├ù[31m CyberClientsList[2m > [22mClient Actions[2m > [22mshould open edit modal when edit button is clicked[90m 3[2mms[22m[31m[39m
[31m     ÔåÆ useCyberpunkNotification must be used within a CyberpunkNotificationProvider[39m
[31m   [31m├ù[31m CyberClientsList[2m > [22mClient Actions[2m > [22mshould show confirmation dialog when delete button is clicked[90m 2[2mms[22m[31m[39m
[31m     ÔåÆ useCyberpunkNotification must be used within a CyberpunkNotificationProvider[39m
[31m   [31m├ù[31m CyberClientsList[2m > [22mClient Actions[2m > [22mshould cancel deletion when cancel button is clicked[90m 2[2mms[22m[31m[39m
[31m     ÔåÆ useCyberpunkNotification must be used within a CyberpunkNotificationProvider[39m
[31m   [31m├ù[31m CyberClientsList[2m > [22mAdd New Client[2m > [22mshould open add client modal when add button is clicked[90m 2[2mms[22m[31m[39m
[31m     ÔåÆ useCyberpunkNotification must be used within a CyberpunkNotificationProvider[39m
[31m   [31m├ù[31m CyberClientsList[2m > [22mAdd New Client[2m > [22mshould validate required fields in add form[90m 2[2mms[22m[31m[39m
[31m     ÔåÆ useCyberpunkNotification must be used within a CyberpunkNotificationProvider[39m
[31m   [31m├ù[31m CyberClientsList[2m > [22mExport Functionality[2m > [22mshould export clients data[90m 3[2mms[22m[31m[39m
[31m     ÔåÆ useCyberpunkNotification must be used within a CyberpunkNotificationProvider[39m
[31m   [31m├ù[31m CyberClientsList[2m > [22mExport Functionality[2m > [22mshould export filtered results[90m 3[2mms[22m[31m[39m
[31m     ÔåÆ useCyberpunkNotification must be used within a CyberpunkNotificationProvider[39m
[31m   [31m├ù[31m CyberClientsList[2m > [22mImport Functionality[2m > [22mshould import clients from file[90m 3[2mms[22m[31m[39m
[31m     ÔåÆ useCyberpunkNotification must be used within a CyberpunkNotificationProvider[39m
[31m   [31m├ù[31m CyberClientsList[2m > [22mImport Functionality[2m > [22mshould validate imported data[90m 3[2mms[22m[31m[39m
[31m     ÔåÆ useCyberpunkNotification must be used within a CyberpunkNotificationProvider[39m
[31m   [31m├ù[31m CyberClientsList[2m > [22mAccessibility[2m > [22mshould have proper ARIA labels[90m 2[2mms[22m[31m[39m
[31m     ÔåÆ useCyberpunkNotification must be used within a CyberpunkNotificationProvider[39m
[31m   [31m├ù[31m CyberClientsList[2m > [22mAccessibility[2m > [22mshould be keyboard navigable[90m 2[2mms[22m[31m[39m
[31m     ÔåÆ useCyberpunkNotification must be used within a CyberpunkNotificationProvider[39m
[31m   [31m├ù[31m CyberClientsList[2m > [22mError Handling[2m > [22mshould handle empty client list gracefully[90m 2[2mms[22m[31m[39m
[31m     ÔåÆ useCyberpunkNotification must be used within a CyberpunkNotificationProvider[39m
[31m   [31m├ù[31m CyberClientsList[2m > [22mError Handling[2m > [22mshould handle invalid dates gracefully[90m 4[2mms[22m[31m[39m
[31m     ÔåÆ useCyberpunkNotification must be used within a CyberpunkNotificationProvider[39m
[31m   [31m├ù[31m CyberClientsList[2m > [22mError Handling[2m > [22mshould handle missing required fields gracefully[90m 3[2mms[22m[31m[39m
[31m     ÔåÆ useCyberpunkNotification must be used within a CyberpunkNotificationProvider[39m
[31m   [31m├ù[31m CyberClientsList[2m > [22mPerformance[2m > [22mshould handle large datasets efficiently[90m 3[2mms[22m[31m[39m
[31m     ÔåÆ useCyberpunkNotification must be used within a CyberpunkNotificationProvider[39m
[31m   [31m├ù[31m CyberClientsList[2m > [22mPerformance[2m > [22mshould debounce search input[90m 2[2mms[22m[31m[39m
[31m     ÔåÆ useCyberpunkNotification must be used within a CyberpunkNotificationProvider[39m
[90mstdout[2m | src/test/CyberClientsList.test.tsx[2m > [22m[2mCyberClientsList[2m > [22m[2mPerformance[2m > [22m[2mshould debounce search input
[22m[39mError: Uncaught [Error: useCyberpunkNotification must be used within a CyberpunkNotificationProvider]
    at reportException (D:\dowloads\cyberpunk-iptv-crm\node_modules\jsdom\lib\jsdom\living\helpers\runtime-script-errors.js:66:24)
    at innerInvokeEventListeners (D:\dowloads\cyberpunk-iptv-crm\node_modules\jsdom\lib\jsdom\living\events\EventTarget-impl.js:353:9)
    at invokeEventListeners (D:\dowloads\cyberpunk-iptv-crm\node_modules\jsdom\lib\jsdom\living\events\EventTarget-impl.js:286:3)
    at HTMLUnknownElementImpl._dispatch (D:\dowloads\cyberpunk-iptv-crm\node_modules\jsdom\lib\jsdom\living\events\EventTarget-impl.js:233:9)
    at HTMLUnknownElementImpl.dispatchEvent (D:\dowloads\cyberpunk-iptv-crm\node_modules\jsdom\lib\jsdom\living\events\EventTarget-impl.js:104:17)
    at HTMLUnknownElement.dispatchEvent (D:\dowloads\cyberpunk-iptv-crm\node_modules\jsdom\lib\jsdom\living\generated\EventTarget.js:241:34)
    at Object.invokeGuardedCallbackDev (D:\dowloads\cyberpunk-iptv-crm\node_modules\react-dom\cjs\react-dom.development.js:4213:16)
    at invokeGuardedCallback (D:\dowloads\cyberpunk-iptv-crm\node_modules\react-dom\cjs\react-dom.development.js:4277:31)
    at beginWork$1 (D:\dowloads\cyberpunk-iptv-crm\node_modules\react-dom\cjs\react-dom.development.js:27490:7)
    at performUnitOfWork (D:\dowloads\cyberpunk-iptv-crm\node_modules\react-dom\cjs\react-dom.development.js:26599:12) Error: useCyberpunkNotification must be used within a CyberpunkNotificationProvider
    at Module.useCyberpunkNotification [90m(D:\dowloads\cyberpunk-iptv-crm\[39msrc\components\CyberpunkNotification.tsx:376:11[90m)[39m
    at DataProvider [90m(D:\dowloads\cyberpunk-iptv-crm\[39msrc\context\DataContext.tsx:146:31[90m)[39m
    at renderWithHooks [90m(D:\dowloads\cyberpunk-iptv-crm\[39mnode_modules\[4mreact-dom[24m\cjs\react-dom.development.js:15486:18[90m)[39m
    at mountIndeterminateComponent [90m(D:\dowloads\cyberpunk-iptv-crm\[39mnode_modules\[4mreact-dom[24m\cjs\react-dom.development.js:20103:13[90m)[39m
    at beginWork [90m(D:\dowloads\cyberpunk-iptv-crm\[39mnode_modules\[4mreact-dom[24m\cjs\react-dom.development.js:21626:16[90m)[39m
    at HTMLUnknownElement.callCallback [90m(D:\dowloads\cyberpunk-iptv-crm\[39mnode_modules\[4mreact-dom[24m\cjs\react-dom.development.js:4164:14[90m)[39m
    at HTMLUnknownElement.callTheUserObjectsOperation [90m(D:\dowloads\cyberpunk-iptv-crm\[39mnode_modules\[4mjsdom[24m\lib\jsdom\living\generated\EventListener.js:26:30[90m)[39m
    at innerInvokeEventListeners [90m(D:\dowloads\cyberpunk-iptv-crm\[39mnode_modules\[4mjsdom[24m\lib\jsdom\living\events\EventTarget-impl.js:350:25[90m)[39m
    at invokeEventListeners [90m(D:\dowloads\cyberpunk-iptv-crm\[39mnode_modules\[4mjsdom[24m\lib\jsdom\living\events\EventTarget-impl.js:286:3[90m)[39m
    at HTMLUnknownElementImpl._dispatch [90m(D:\dowloads\cyberpunk-iptv-crm\[39mnode_modules\[4mjsdom[24m\lib\jsdom\living\events\EventTarget-impl.js:233:9[90m)[39m
Error: Uncaught [Error: useCyberpunkNotification must be used within a CyberpunkNotificationProvider]
    at reportException (D:\dowloads\cyberpunk-iptv-crm\node_modules\jsdom\lib\jsdom\living\helpers\runtime-script-errors.js:66:24)
    at innerInvokeEventListeners (D:\dowloads\cyberpunk-iptv-crm\node_modules\jsdom\lib\jsdom\living\events\EventTarget-impl.js:353:9)
    at invokeEventListeners (D:\dowloads\cyberpunk-iptv-crm\node_modules\jsdom\lib\jsdom\living\events\EventTarget-impl.js:286:3)
    at HTMLUnknownElementImpl._dispatch (D:\dowloads\cyberpunk-iptv-crm\node_modules\jsdom\lib\jsdom\living\events\EventTarget-impl.js:233:9)
    at HTMLUnknownElementImpl.dispatchEvent (D:\dowloads\cyberpunk-iptv-crm\node_modules\jsdom\lib\jsdom\living\events\EventTarget-impl.js:104:17)
    at HTMLUnknownElement.dispatchEvent (D:\dowloads\cyberpunk-iptv-crm\node_modules\jsdom\lib\jsdom\living\generated\EventTarget.js:241:34)
    at Object.invokeGuardedCallbackDev (D:\dowloads\cyberpunk-iptv-crm\node_modules\react-dom\cjs\react-dom.development.js:4213:16)
    at invokeGuardedCallback (D:\dowloads\cyberpunk-iptv-crm\node_modules\react-dom\cjs\react-dom.development.js:4277:31)
    at beginWork$1 (D:\dowloads\cyberpunk-iptv-crm\node_modules\react-dom\cjs\react-dom.development.js:27490:7)
    at performUnitOfWork (D:\dowloads\cyberpunk-iptv-crm\node_modules\react-dom\cjs\react-dom.development.js:26599:12) Error: useCyberpunkNotification must be used within a CyberpunkNotificationProvider
    at Module.useCyberpunkNotification [90m(D:\dowloads\cyberpunk-iptv-crm\[39msrc\components\CyberpunkNotification.tsx:376:11[90m)[39m
    at DataProvider [90m(D:\dowloads\cyberpunk-iptv-crm\[39msrc\context\DataContext.tsx:146:31[90m)[39m
    at renderWithHooks [90m(D:\dowloads\cyberpunk-iptv-crm\[39mnode_modules\[4mreact-dom[24m\cjs\react-dom.development.js:15486:18[90m)[39m
    at mountIndeterminateComponent [90m(D:\dowloads\cyberpunk-iptv-crm\[39mnode_modules\[4mreact-dom[24m\cjs\react-dom.development.js:20103:13[90m)[39m
    at beginWork [90m(D:\dowloads\cyberpunk-iptv-crm\[39mnode_modules\[4mreact-dom[24m\cjs\react-dom.development.js:21626:16[90m)[39m
    at HTMLUnknownElement.callCallback [90m(D:\dowloads\cyberpunk-iptv-crm\[39mnode_modules\[4mreact-dom[24m\cjs\react-dom.development.js:4164:14[90m)[39m
    at HTMLUnknownElement.callTheUserObjectsOperation [90m(D:\dowloads\cyberpunk-iptv-crm\[39mnode_modules\[4mjsdom[24m\lib\jsdom\living\generated\EventListener.js:26:30[90m)[39m
    at innerInvokeEventListeners [90m(D:\dowloads\cyberpunk-iptv-crm\[39mnode_modules\[4mjsdom[24m\lib\jsdom\living\events\EventTarget-impl.js:350:25[90m)[39m
    at invokeEventListeners [90m(D:\dowloads\cyberpunk-iptv-crm\[39mnode_modules\[4mjsdom[24m\lib\jsdom\living\events\EventTarget-impl.js:286:3[90m)[39m
    at HTMLUnknownElementImpl._dispatch [90m(D:\dowloads\cyberpunk-iptv-crm\[39mnode_modules\[4mjsdom[24m\lib\jsdom\living\events\EventTarget-impl.js:233:9[90m)[39m
The above error occurred in the <DataProvider> component:

    at DataProvider (D:\dowloads\cyberpunk-iptv-crm\src\context\DataContext.tsx:27:3)

Consider adding an error boundary to your tree to customize error handling behavior.
Visit https://reactjs.org/link/error-boundaries to learn more about error boundaries.


[2m Test Files [22m [1m[31m1 failed[39m[22m[90m (1)[39m
[2m      Tests [22m [1m[31m24 failed[39m[22m[90m (24)[39m
[2m   Start at [22m 00:13:35
[2m   Duration [22m 5.36s[2m (transform 482ms, setup 326ms, collect 2.01s, tests 101ms, environment 2.17s, prepare 251ms)[22m

