
> cyberpunk-iptv-crm@1.0.0 test
> vitest src/test/CyberClientsList_Modals.test.tsx --run


[1m[7m[36m RUN [39m[27m[22m [36mv2.1.9 [39m[90mD:/dowloads/cyberpunk-iptv-crm[39m

[90mstdout[2m | src/test/CyberClientsList_Modals.test.tsx[2m > [22m[2mCyberClientsList Modals[2m > [22m[2mshould open renew modal when "Renovar" is clicked
[22m[39mError: Uncaught [ReferenceError: formatDateStringForDisplay is not defined]
    at reportException (D:\dowloads\cyberpunk-iptv-crm\node_modules\jsdom\lib\jsdom\living\helpers\runtime-script-errors.js:66:24)
    at innerInvokeEventListeners (D:\dowloads\cyberpunk-iptv-crm\node_modules\jsdom\lib\jsdom\living\events\EventTarget-impl.js:353:9)
    at invokeEventListeners (D:\dowloads\cyberpunk-iptv-crm\node_modules\jsdom\lib\jsdom\living\events\EventTarget-impl.js:286:3)
    at HTMLUnknownElementImpl._dispatch (D:\dowloads\cyberpunk-iptv-crm\node_modules\jsdom\lib\jsdom\living\events\EventTarget-impl.js:233:9)
    at HTMLUnknownElementImpl.dispatchEvent (D:\dowloads\cyberpunk-iptv-crm\node_modules\jsdom\lib\jsdom\living\events\EventTarget-impl.js:104:17)
    at HTMLUnknownElement.dispatchEvent (D:\dowloads\cyberpunk-iptv-crm\node_modules\jsdom\lib\jsdom\living\generated\EventTarget.js:241:34)
    at Object.invokeGuardedCallbackDev (D:\dowloads\cyberpunk-iptv-crm\node_modules\react-dom\cjs\react-dom.development.js:4213:16)
    at invokeGuardedCallback (D:\dowloads\cyberpunk-iptv-crm\node_modules\react-dom\cjs\react-dom.development.js:4277:31)
    at beginWork$1 (D:\dowloads\cyberpunk-iptv-crm\node_modules\react-dom\cjs\react-dom.development.js:27490:7)
    at performUnitOfWork (D:\dowloads\cyberpunk-iptv-crm\node_modules\react-dom\cjs\react-dom.development.js:26599:12) ReferenceError: formatDateStringForDisplay is not defined
    at CyberRenewClientModal [90m(D:\dowloads\cyberpunk-iptv-crm\[39msrc\components\CyberRenewClientModal.tsx:83:30[90m)[39m
    at renderWithHooks [90m(D:\dowloads\cyberpunk-iptv-crm\[39mnode_modules\[4mreact-dom[24m\cjs\react-dom.development.js:15486:18[90m)[39m
    at mountIndeterminateComponent [90m(D:\dowloads\cyberpunk-iptv-crm\[39mnode_modules\[4mreact-dom[24m\cjs\react-dom.development.js:20103:13[90m)[39m
    at beginWork [90m(D:\dowloads\cyberpunk-iptv-crm\[39mnode_modules\[4mreact-dom[24m\cjs\react-dom.development.js:21626:16[90m)[39m
    at HTMLUnknownElement.callCallback [90m(D:\dowloads\cyberpunk-iptv-crm\[39mnode_modules\[4mreact-dom[24m\cjs\react-dom.development.js:4164:14[90m)[39m
    at HTMLUnknownElement.callTheUserObjectsOperation [90m(D:\dowloads\cyberpunk-iptv-crm\[39mnode_modules\[4mjsdom[24m\lib\jsdom\living\generated\EventListener.js:26:30[90m)[39m
    at innerInvokeEventListeners [90m(D:\dowloads\cyberpunk-iptv-crm\[39mnode_modules\[4mjsdom[24m\lib\jsdom\living\events\EventTarget-impl.js:350:25[90m)[39m
    at invokeEventListeners [90m(D:\dowloads\cyberpunk-iptv-crm\[39mnode_modules\[4mjsdom[24m\lib\jsdom\living\events\EventTarget-impl.js:286:3[90m)[39m
    at HTMLUnknownElementImpl._dispatch [90m(D:\dowloads\cyberpunk-iptv-crm\[39mnode_modules\[4mjsdom[24m\lib\jsdom\living\events\EventTarget-impl.js:233:9[90m)[39m
    at HTMLUnknownElementImpl.dispatchEvent [90m(D:\dowloads\cyberpunk-iptv-crm\[39mnode_modules\[4mjsdom[24m\lib\jsdom\living\events\EventTarget-impl.js:104:17[90m)[39m
Error: Uncaught [ReferenceError: formatDateStringForDisplay is not defined]
    at reportException (D:\dowloads\cyberpunk-iptv-crm\node_modules\jsdom\lib\jsdom\living\helpers\runtime-script-errors.js:66:24)
    at innerInvokeEventListeners (D:\dowloads\cyberpunk-iptv-crm\node_modules\jsdom\lib\jsdom\living\events\EventTarget-impl.js:353:9)
    at invokeEventListeners (D:\dowloads\cyberpunk-iptv-crm\node_modules\jsdom\lib\jsdom\living\events\EventTarget-impl.js:286:3)
    at HTMLUnknownElementImpl._dispatch (D:\dowloads\cyberpunk-iptv-crm\node_modules\jsdom\lib\jsdom\living\events\EventTarget-impl.js:233:9)
    at HTMLUnknownElementImpl.dispatchEvent (D:\dowloads\cyberpunk-iptv-crm\node_modules\jsdom\lib\jsdom\living\events\EventTarget-impl.js:104:17)
    at HTMLUnknownElement.dispatchEvent (D:\dowloads\cyberpunk-iptv-crm\node_modules\jsdom\lib\jsdom\living\generated\EventTarget.js:241:34)
    at Object.invokeGuardedCallbackDev (D:\dowloads\cyberpunk-iptv-crm\node_modules\react-dom\cjs\react-dom.development.js:4213:16)
    at invokeGuardedCallback (D:\dowloads\cyberpunk-iptv-crm\node_modules\react-dom\cjs\react-dom.development.js:4277:31)
    at beginWork$1 (D:\dowloads\cyberpunk-iptv-crm\node_modules\react-dom\cjs\react-dom.development.js:27490:7)
    at performUnitOfWork (D:\dowloads\cyberpunk-iptv-crm\node_modules\react-dom\cjs\react-dom.development.js:26599:12) ReferenceError: formatDateStringForDisplay is not defined
    at CyberRenewClientModal [90m(D:\dowloads\cyberpunk-iptv-crm\[39msrc\components\CyberRenewClientModal.tsx:83:30[90m)[39m
    at renderWithHooks [90m(D:\dowloads\cyberpunk-iptv-crm\[39mnode_modules\[4mreact-dom[24m\cjs\react-dom.development.js:15486:18[90m)[39m
    at mountIndeterminateComponent [90m(D:\dowloads\cyberpunk-iptv-crm\[39mnode_modules\[4mreact-dom[24m\cjs\react-dom.development.js:20103:13[90m)[39m
    at beginWork [90m(D:\dowloads\cyberpunk-iptv-crm\[39mnode_modules\[4mreact-dom[24m\cjs\react-dom.development.js:21626:16[90m)[39m
    at HTMLUnknownElement.callCallback [90m(D:\dowloads\cyberpunk-iptv-crm\[39mnode_modules\[4mreact-dom[24m\cjs\react-dom.development.js:4164:14[90m)[39m
    at HTMLUnknownElement.callTheUserObjectsOperation [90m(D:\dowloads\cyberpunk-iptv-crm\[39mnode_modules\[4mjsdom[24m\lib\jsdom\living\generated\EventListener.js:26:30[90m)[39m
    at innerInvokeEventListeners [90m(D:\dowloads\cyberpunk-iptv-crm\[39mnode_modules\[4mjsdom[24m\lib\jsdom\living\events\EventTarget-impl.js:350:25[90m)[39m
    at invokeEventListeners [90m(D:\dowloads\cyberpunk-iptv-crm\[39mnode_modules\[4mjsdom[24m\lib\jsdom\living\events\EventTarget-impl.js:286:3[90m)[39m
    at HTMLUnknownElementImpl._dispatch [90m(D:\dowloads\cyberpunk-iptv-crm\[39mnode_modules\[4mjsdom[24m\lib\jsdom\living\events\EventTarget-impl.js:233:9[90m)[39m
    at HTMLUnknownElementImpl.dispatchEvent [90m(D:\dowloads\cyberpunk-iptv-crm\[39mnode_modules\[4mjsdom[24m\lib\jsdom\living\events\EventTarget-impl.js:104:17[90m)[39m
The above error occurred in the <CyberRenewClientModal> component:

    at CyberRenewClientModal (D:\dowloads\cyberpunk-iptv-crm\src\components\CyberRenewClientModal.tsx:13:34)
    at div
    at CyberClientsList (D:\dowloads\cyberpunk-iptv-crm\src\components\CyberClientsList.tsx:58:54)
    at DataProvider (D:\dowloads\cyberpunk-iptv-crm\src\context\DataContext.tsx:27:3)
    at CyberpunkNotificationProvider (D:\dowloads\cyberpunk-iptv-crm\src\components\CyberpunkNotification.tsx:349:42)

Consider adding an error boundary to your tree to customize error handling behavior.
Visit https://reactjs.org/link/error-boundaries to learn more about error boundaries.

 [31mÔØ»[39m src/test/CyberClientsList_Modals.test.tsx [2m([22m[2m3 tests[22m[2m | [22m[31m3 failed[39m[2m)[22m[33m 10277[2mms[22m[39m
[31m   [31m├ù[31m CyberClientsList Modals[2m > [22mshould open details modal when "Visualizar" is clicked[33m 5163[2mms[22m[31m[39m
[31m     ÔåÆ Test timed out in 5000ms.
If this is a long-running test, pass a timeout value as the last argument or configure it globally with "testTimeout".[39m
[31m   [31m├ù[31m CyberClientsList Modals[2m > [22mshould open renew modal when "Renovar" is clicked[90m 58[2mms[22m[31m[39m
[31m     ÔåÆ formatDateStringForDisplay is not defined[39m
[31m   [31m├ù[31m CyberClientsList Modals[2m > [22mshould mark client as paid when "Marcar Pago" is clicked[33m 5055[2mms[22m[31m[39m
[31m     ÔåÆ Test timed out in 5000ms.
If this is a long-running test, pass a timeout value as the last argument or configure it globally with "testTimeout".[39m

node.exe : [31mÔÄ»ÔÄ
»ÔÄ»ÔÄ»ÔÄ»ÔÄ»ÔÄ»[1m
[7m Failed Tests 3 [
27m[22mÔÄ»ÔÄ»ÔÄ»ÔÄ»Ô
Ä»ÔÄ»ÔÄ»[39m
No linha:1 
caractere:1
+ & "C:\Program Files
\nodejs/node.exe" 
"C:\Program 
Files\nodejs/node_mo 
...
+ ~~~~~~~~~~~~~~~~~~~
~~~~~~~~~~~~~~~~~~~~~
~~~~~~~~~~~~~~~~~~~~~
~~~~~~~~
    + CategoryInfo   
           : NotSpe  
  cified: ([31mÔÄ   
 »ÔÄ»ÔÄ»Ô...»ÔÄ»Ô    
Ä»ÔÄ»[39m:Strin    
g) [], RemoteExc    
eption
    + FullyQualified 
   ErrorId : Native  
  CommandError
 

[31m[1m[7m FAIL 
[27m[22m[39m src/t
est/CyberClientsList_
Modals.test.tsx[2m 
> [22mCyberClientsLi
st Modals[2m > 
[22mshould open 
details modal when 
"Visualizar" is 
clicked
[31m[1m[7m FAIL 
[27m[22m[39m src/t
est/CyberClientsList_
Modals.test.tsx[2m 
> [22mCyberClientsLi
st Modals[2m > 
[22mshould mark 
client as paid when 
"Marcar Pago" is 
clicked
[31m[1mError[22m: 
Test timed out in 
5000ms.
If this is a 
long-running test, 
pass a timeout value 
as the last argument 
or configure it 
globally with 
"testTimeout".[39m
[31m[2mÔÄ»ÔÄ»ÔÄ»ÔÄ»
ÔÄ»ÔÄ»ÔÄ»ÔÄ»ÔÄ»ÔÄ»ÔÄ»
ÔÄ»ÔÄ»ÔÄ»ÔÄ»ÔÄ»ÔÄ»ÔÄ»
ÔÄ»ÔÄ»ÔÄ»ÔÄ»ÔÄ»ÔÄ»[1/
3]ÔÄ»[22m[39m

[31m[1m[7m FAIL 
[27m[22m[39m src/t
est/CyberClientsList_
Modals.test.tsx[2m 
> [22mCyberClientsLi
st Modals[2m > 
[22mshould open 
renew modal when 
"Renovar" is clicked
[31m[1mReferenceErr
or[22m: formatDateSt
ringForDisplay is 
not defined[39m
[36m [2mÔØ»[22m Cy
berRenewClientModal s
rc/components/CyberRe
newClientModal.tsx:[
2m83:30[22m[39m
    [90m 81| [39m  
                     
 [33m<[39m[33m/[3
9m[33mdiv[39m[33m>
[39m
    [90m 82| [39m  
                     
 [33m<[39m[33mdiv
[39m [33mclassName[
39m[33m=[39m[32m"t
ext-lg font-medium 
text-white[39mÔÇª
    [90m 83| [39m  
                     
     [33m{[39m[34m
formatDateStringForDi
splay[39m(client[33
m.[39mvencimeÔÇª
    [90m   | [39m  
                     
      [31m^[39m
    [90m 84| [39m  
                     
 [33m<[39m[33m/[3
9m[33mdiv[39m[33m>
[39m
    [90m 85| [39m  
                  [3
3m<[39m[33m/[39m[
33mdiv[39m[33m>[39
m
[90m [2mÔØ»[22m 
renderWithHooks node_
modules/react-dom/cjs
/react-dom.developmen
t.js:[2m15486:18[22
m[39m
[90m [2mÔØ»[22m mo
untIndeterminateCompo
nent node_modules/rea
ct-dom/cjs/react-dom.
development.js:[2m20
103:13[22m[39m
[90m [2mÔØ»[22m 
beginWork node_module
s/react-dom/cjs/react
-dom.development.js:
[2m21626:16[22m[39m
[90m [2mÔØ»[22m 
beginWork$1 node_modu
les/react-dom/cjs/rea
ct-dom.development.js
:[2m27465:14[22m[3
9m
[90m [2mÔØ»[22m 
performUnitOfWork nod
e_modules/react-dom/c
js/react-dom.developm
ent.js:[2m26599:12[
22m[39m
[90m [2mÔØ»[22m 
workLoopSync node_mod
ules/react-dom/cjs/re
act-dom.development.j
s:[2m26505:5[22m[3
9m
[90m [2mÔØ»[22m 
renderRootSync node_m
odules/react-dom/cjs/
react-dom.development
.js:[2m26473:7[22m
[39m
[90m [2mÔØ»[22m re
coverFromConcurrentEr
ror node_modules/reac
t-dom/cjs/react-dom.d
evelopment.js:[2m258
89:20[22m[39m
[90m [2mÔØ»[22m pe
rformSyncWorkOnRoot n
ode_modules/react-dom
/cjs/react-dom.develo
pment.js:[2m26135:20
[22m[39m

[31m[2mÔÄ»ÔÄ»ÔÄ»ÔÄ»
ÔÄ»ÔÄ»ÔÄ»ÔÄ»ÔÄ»ÔÄ»ÔÄ»
ÔÄ»ÔÄ»ÔÄ»ÔÄ»ÔÄ»ÔÄ»ÔÄ»
ÔÄ»ÔÄ»ÔÄ»ÔÄ»ÔÄ»ÔÄ»[2/
3]ÔÄ»[22m[39m

[2m Test Files [22m [1m[31m1 failed[39m[22m[90m (1)[39m
[2m      Tests [22m [1m[31m3 failed[39m[22m[90m (3)[39m
[2m   Start at [22m 19:27:54
[2m   Duration [22m 14.84s[2m (transform 398ms, setup 378ms, collect 1.49s, tests 10.28s, environment 2.07s, prepare 193ms)[22m

